ARM Linker, 5.03 [Build 24] [MDK-ARM Lite]

==============================================================================

Section Cross References

    main.o(.text) refers to _printf_percent.o(.ARM.Collect$$_printf_percent$$00000000) for _printf_percent
    main.o(.text) refers to _printf_d.o(.ARM.Collect$$_printf_percent$$00000009) for _printf_d
    main.o(.text) refers to _printf_dec.o(.text) for _printf_int_dec
    main.o(.text) refers to wait_api.o(i.wait_ms) for wait_ms
    main.o(.text) refers to analogin_api.o(i.analogin_read_u16) for analogin_read_u16
    main.o(.text) refers to iot_mbed.o(.text) for IOT_Mbed::init(char*, char*)
    main.o(.text) refers to i2c_uart.o(.text) for debug_i2c(char*)
    main.o(.text) refers to stalker3_0_hw.o(.text) for IOT_HW::EG10_PWROFF()
    main.o(.text) refers to wait_api.o(i.wait) for wait
    main.o(.text) refers to aeabi_sdiv.o(.text) for __aeabi_idivmod
    main.o(.text) refers to __2sprintf.o(.text) for __2sprintf
    main.o(.text) refers to Serial.o(i._ZN4mbed6Serial4baudEi) for mbed::Serial::baud(int)
    main.o(.text) refers to Serial.o(i._ZN4mbed6SerialC1E7PinNameS1_PKc) for mbed::Serial::Serial(PinName, PinName, const char*)
    main.o(.text) refers to aeabi_atexit.o(i.__aeabi_atexit) for __aeabi_atexit
    main.o(.text) refers to Timer.o(i._ZN4mbed5TimerC1Ev) for mbed::Timer::Timer()
    main.o(.text) refers to analogin_api.o(i.analogin_init) for analogin_init
    main.o(.text) refers to main.o(.data) for light_sensor
    main.o(.text) refers to iot_mbed.o(.bss) for IOT
    main.o(.text) refers to stalker3_0_hw.o(.data) for iot_hw
    main.o(.text) refers to main.o(.bss) for serial1
    main.o(.text) refers to Serial.o(i._ZN4mbed6SerialD1Ev) for mbed::Serial::~Serial()
    main.o(.ARM.exidx) refers to main.o(.text) for .text
    main.o(.init_array) refers to main.o(.text) for __sti___8_main_cpp
    main.o(.init_array) refers to init_aeabi.o(.text) for __cpp_initialize__aeabi_
    stalker3_0_hw.o(.text) refers to stalker3_0_hw.o(i._ZN4mbed10DigitalOutaSEi) for mbed::DigitalOut::operator =(int)
    stalker3_0_hw.o(.text) refers to wait_api.o(i.wait) for wait
    stalker3_0_hw.o(.text) refers to iot_mbed.o(.text) for IOT_Mbed::waitString(const char*, int)
    stalker3_0_hw.o(.text) refers to gpio_api.o(i.gpio_dir) for gpio_dir
    stalker3_0_hw.o(.text) refers to gpio_api.o(i.gpio_mode) for gpio_mode
    stalker3_0_hw.o(.text) refers to stalker3_0_hw.o(i._ZN4mbed9DigitalIn4readEv) for mbed::DigitalIn::read()
    stalker3_0_hw.o(.text) refers to analogin_api.o(i.analogin_read_u16) for analogin_read_u16
    stalker3_0_hw.o(.text) refers to fflti.o(.text) for __aeabi_ui2f
    stalker3_0_hw.o(.text) refers to f2d.o(.text) for __aeabi_f2d
    stalker3_0_hw.o(.text) refers to ddiv.o(.text) for __aeabi_ddiv
    stalker3_0_hw.o(.text) refers to dmul.o(.text) for __aeabi_dmul
    stalker3_0_hw.o(.text) refers to d2f.o(.text) for __aeabi_d2f
    stalker3_0_hw.o(.text) refers to stalker3_0_hw.o(i._ZN4mbed10DigitalOutC1E7PinName) for mbed::DigitalOut::DigitalOut(PinName)
    stalker3_0_hw.o(.text) refers to gpio_api.o(i.gpio_init) for gpio_init
    stalker3_0_hw.o(.text) refers to stalker3_0_hw.o(i._ZN4mbed9DigitalInC1E7PinName) for mbed::DigitalIn::DigitalIn(PinName)
    stalker3_0_hw.o(.text) refers to analogin_api.o(i.analogin_init) for analogin_init
    stalker3_0_hw.o(.text) refers to stalker3_0_hw.o(.bss) for eg10_on
    stalker3_0_hw.o(.text) refers to iot_mbed.o(.bss) for IOT
    stalker3_0_hw.o(.text) refers to stalker3_0_hw.o(.data) for vol_bat
    stalker3_0_hw.o(.ARM.exidx) refers to stalker3_0_hw.o(.text) for .text
    stalker3_0_hw.o(.init_array) refers to stalker3_0_hw.o(.text) for __sti___17_Stalker3_0_hw_cpp
    stalker3_0_hw.o(.init_array) refers to init_aeabi.o(.text) for __cpp_initialize__aeabi_
    iot_mbed.o(.text) refers to _scanf_int.o(.text) for _scanf_int
    iot_mbed.o(.text) refers to _printf_percent.o(.ARM.Collect$$_printf_percent$$00000000) for _printf_percent
    iot_mbed.o(.text) refers to _printf_s.o(.ARM.Collect$$_printf_percent$$00000014) for _printf_s
    iot_mbed.o(.text) refers to _printf_str.o(.text) for _printf_str
    iot_mbed.o(.text) refers to _printf_d.o(.ARM.Collect$$_printf_percent$$00000009) for _printf_d
    iot_mbed.o(.text) refers to _printf_dec.o(.text) for _printf_int_dec
    iot_mbed.o(.text) refers to strlen.o(.text) for strlen
    iot_mbed.o(.text) refers to Timer.o(i._ZN4mbed5Timer5startEv) for mbed::Timer::start()
    iot_mbed.o(.text) refers to Serial.o(i._ZN4mbed6Serial8readableEv) for mbed::Serial::readable()
    iot_mbed.o(.text) refers to Stream.o(i._ZN4mbed6Stream4getcEv) for mbed::Stream::getc()
    iot_mbed.o(.text) refers to i2c_uart.o(.text) for debug_i2c(char)
    iot_mbed.o(.text) refers to fflti.o(.text) for __aeabi_i2f
    iot_mbed.o(.text) refers to Timer.o(i._ZN4mbed5Timer4readEv) for mbed::Timer::read()
    iot_mbed.o(.text) refers to frlef.o(x$fpl$frleqf) for __aeabi_cfrcmple
[...]
    FLEX_INT7_IRQHandler                     0x000002e3   Thumb Code     0  startup_LPC11xx.o(.text)
    FMC_IRQHandler                           0x000002e3   Thumb Code     0  startup_LPC11xx.o(.text)
    GINT0_IRQHandler                         0x000002e3   Thumb Code     0  startup_LPC11xx.o(.text)
    GINT1_IRQHandler                         0x000002e3   Thumb Code     0  startup_LPC11xx.o(.text)
    I2C_IRQHandler                           0x000002e3   Thumb Code     0  startup_LPC11xx.o(.text)
    NMI_Handler                              0x000002e3   Thumb Code     0  startup_LPC11xx.o(.text)
    SSP0_IRQHandler                          0x000002e3   Thumb Code     0  startup_LPC11xx.o(.text)
    SSP1_IRQHandler                          0x000002e3   Thumb Code     0  startup_LPC11xx.o(.text)
    TIMER16_0_IRQHandler                     0x000002e3   Thumb Code     0  startup_LPC11xx.o(.text)
    TIMER16_1_IRQHandler                     0x000002e3   Thumb Code     0  startup_LPC11xx.o(.text)
    TIMER32_0_IRQHandler                     0x000002e3   Thumb Code     0  startup_LPC11xx.o(.text)
    TIMER32_1_IRQHandler                     0x000002e3   Thumb Code     0  startup_LPC11xx.o(.text)
    UART_IRQHandler                          0x000002e3   Thumb Code     0  startup_LPC11xx.o(.text)
    USBWakeup_IRQHandler                     0x000002e3   Thumb Code     0  startup_LPC11xx.o(.text)
    USB_FIQHandler                           0x000002e3   Thumb Code     0  startup_LPC11xx.o(.text)
    USB_IRQHandler                           0x000002e3   Thumb Code     0  startup_LPC11xx.o(.text)
    WDT_IRQHandler                           0x000002e3   Thumb Code     0  startup_LPC11xx.o(.text)
    __c89vfprintf                            0x000002ed   Thumb Code    14  c89vfprintf.o(.text)
    __I$use$semihosting                      0x000002fb   Thumb Code     0  use_no_semi.o(.text)
    __use_no_semihosting_swi                 0x000002fb   Thumb Code     2  use_no_semi.o(.text)
    _printf_percent                          0x00000301   Thumb Code     0  _printf_percent.o(.ARM.Collect$$_printf_percent$$00000000)
    _printf_n                                0x00000303   Thumb Code     0  _printf_n.o(.ARM.Collect$$_printf_percent$$00000001)
    _printf_p                                0x0000030d   Thumb Code     0  _printf_p.o(.ARM.Collect$$_printf_percent$$00000002)
    _printf_f                                0x00000317   Thumb Code     0  _printf_f.o(.ARM.Collect$$_printf_percent$$00000003)
    _printf_e                                0x00000321   Thumb Code     0  _printf_e.o(.ARM.Collect$$_printf_percent$$00000004)
    _printf_g                                0x0000032b   Thumb Code     0  _printf_g.o(.ARM.Collect$$_printf_percent$$00000005)
    _printf_a                                0x00000335   Thumb Code     0  _printf_a.o(.ARM.Collect$$_printf_percent$$00000006)
    _printf_ll                               0x0000033f   Thumb Code     0  _printf_ll.o(.ARM.Collect$$_printf_percent$$00000007)
    _printf_i                                0x00000349   Thumb Code     0  _printf_i.o(.ARM.Collect$$_printf_percent$$00000008)
    _printf_d                                0x00000353   Thumb Code     0  _printf_d.o(.ARM.Collect$$_printf_percent$$00000009)
    _printf_u                                0x0000035d   Thumb Code     0  _printf_u.o(.ARM.Collect$$_printf_percent$$0000000A)
    _printf_o                                0x00000367   Thumb Code     0  _printf_o.o(.ARM.Collect$$_printf_percent$$0000000B)
    _printf_x                                0x00000371   Thumb Code     0  _printf_x.o(.ARM.Collect$$_printf_percent$$0000000C)
    _printf_lli                              0x0000037b   Thumb Code     0  _printf_lli.o(.ARM.Collect$$_printf_percent$$0000000D)
    _printf_lld                              0x00000385   Thumb Code     0  _printf_lld.o(.ARM.Collect$$_printf_percent$$0000000E)
    _printf_llu                              0x0000038f   Thumb Code     0  _printf_llu.o(.ARM.Collect$$_printf_percent$$0000000F)
    _printf_llo                              0x00000399   Thumb Code     0  _printf_llo.o(.ARM.Collect$$_printf_percent$$00000010)
    _printf_llx                              0x000003a3   Thumb Code     0  _printf_llx.o(.ARM.Collect$$_printf_percent$$00000011)
    _printf_l                                0x000003ad   Thumb Code     0  _printf_l.o(.ARM.Collect$$_printf_percent$$00000012)
    _printf_c                                0x000003b7   Thumb Code     0  _printf_c.o(.ARM.Collect$$_printf_percent$$00000013)
    _printf_s                                0x000003c1   Thumb Code     0  _printf_s.o(.ARM.Collect$$_printf_percent$$00000014)
    _printf_lc                               0x000003cb   Thumb Code     0  _printf_lc.o(.ARM.Collect$$_printf_percent$$00000015)
    _printf_ls                               0x000003d5   Thumb Code     0  _printf_ls.o(.ARM.Collect$$_printf_percent$$00000016)
    _printf_percent_end                      0x000003df   Thumb Code     0  _printf_percent_end.o(.ARM.Collect$$_printf_percent$$00000017)
    __aeabi_memcpy4                          0x000003e5   Thumb Code    56  rt_memcpy.o(.emb_text)
    __aeabi_memcpy8                          0x000003e5   Thumb Code     0  rt_memcpy.o(.emb_text)
    delay(int)                               0x0000041d   Thumb Code    12  main.o(.text)
    getAnalog()                              0x00000429   Thumb Code    32  main.o(.text)
    iot_demo()                               0x00000449   Thumb Code   224  main.o(.text)
    main                                     0x00000529   Thumb Code    14  main.o(.text)
    IOT_HW::EG10_ON()                        0x000006c5   Thumb Code    30  stalker3_0_hw.o(.text)
    IOT_HW::EG10_PWRON()                     0x000006e3   Thumb Code    14  stalker3_0_hw.o(.text)
    IOT_HW::EG10_PWROFF()                    0x000006f1   Thumb Code    14  stalker3_0_hw.o(.text)
    IOT_HW::init_io()                        0x000006ff   Thumb Code    22  stalker3_0_hw.o(.text)
    IOT_HW::init()                           0x00000715   Thumb Code    54  stalker3_0_hw.o(.text)
    IOT_HW::getEG10_State()                  0x0000074b   Thumb Code    48  stalker3_0_hw.o(.text)
    IOT_HW::EG10StateLed(unsigned char)      0x0000077b   Thumb Code    40  stalker3_0_hw.o(.text)
    IOT_HW::readChrgState()                  0x000007a3   Thumb Code    36  stalker3_0_hw.o(.text)
    IOT_HW::readBatVol()                     0x000007c7   Thumb Code    78  stalker3_0_hw.o(.text)
    IOT_HW::userLed(unsigned char, unsigned char) 0x00000815   Thumb Code    64  stalker3_0_hw.o(.text)
    IOT_HW::grovePwrOn()                     0x00000855   Thumb Code    14  stalker3_0_hw.o(.text)
    IOT_HW::grovePwrOff()                    0x00000863   Thumb Code    14  stalker3_0_hw.o(.text)
    IOT_Mbed::waitString(const char*, int)   0x00000941   Thumb Code   164  iot_mbed.o(.text)
    IOT_Mbed::sendCmd(char*)                 0x000009e5   Thumb Code    18  iot_mbed.o(.text)
    IOT_Mbed::sendCmdAndWaitForRest(char*, const char*, int) 0x000009f7   Thumb Code    30  iot_mbed.o(.text)
    IOT_Mbed::callTest()                     0x00000a15   Thumb Code    18  iot_mbed.o(.text)
    IOT_Mbed::parseURL(const char*, char*, int, unsigned*, char*, int) 0x00000a27   Thumb Code   234  iot_mbed.o(.text)
    IOT_Mbed::init(char*, char*)             0x00000b11   Thumb Code    52  iot_mbed.o(.text)
    IOT_Mbed::checkAT(int)                   0x00000b45   Thumb Code    20  iot_mbed.o(.text)
    IOT_Mbed::connectTCP()                   0x00000b59   Thumb Code   138  iot_mbed.o(.text)
    IOT_Mbed::connectTCP(char*, char*)       0x00000be3   Thumb Code   106  iot_mbed.o(.text)
    IOT_Mbed::postDtaToYeelink()             0x00000c4d   Thumb Code     2  iot_mbed.o(.text)
    IOT_Mbed::sendDtaTcp(char*, int)         0x00000c4f   Thumb Code    64  iot_mbed.o(.text)
    IOT_Mbed::postDtaToYeelink(char*, char*, int) 0x00000c8f   Thumb Code   686  iot_mbed.o(.text)
    IOT_Mbed::sendToYeelink_t()              0x00000f3d   Thumb Code    62  iot_mbed.o(.text)
    debug_i2c(char*)                         0x0000106d   Thumb Code    30  i2c_uart.o(.text)
    debug_i2c(char)                          0x0000108b   Thumb Code    22  i2c_uart.o(.text)
    __2fprintf                               0x000010b9   Thumb Code    22  __2fprintf.o(.text)
    __2sprintf                               0x000010d1   Thumb Code    40  __2sprintf.o(.text)
    _printf_str                              0x000010fd   Thumb Code    82  _printf_str.o(.text)
    _printf_int_dec                          0x00001151   Thumb Code    90  _printf_dec.o(.text)
    _printf_longlong_hex                     0x000011bd   Thumb Code    88  _printf_hex_int_ll_ptr.o(.text)
    _printf_int_hex                          0x00001215   Thumb Code    28  _printf_hex_int_ll_ptr.o(.text)
    _printf_ll_hex                           0x00001231   Thumb Code    10  _printf_hex_int_ll_ptr.o(.text)
    _printf_hex_ptr                          0x0000123b   Thumb Code    22  _printf_hex_int_ll_ptr.o(.text)
    __printf                                 0x00001255   Thumb Code   386  __printf_flags_ss_wp.o(.text)
    __0sscanf                                0x000013dd   Thumb Code    54  __0sscanf.o(.text)
    _scanf_int                               0x0000141d   Thumb Code   330  _scanf_int.o(.text)
    _do_fflush                               0x00001569   Thumb Code    54  fflush.o(.text)
    fflush                                   0x0000159f   Thumb Code    46  fflush.o(.text)
    freopen                                  0x000015d1   Thumb Code   148  fopen.o(.text)
    fopen                                    0x00001665   Thumb Code    76  fopen.o(.text)
    setbuf                                   0x000016b9   Thumb Code    26  setbuf.o(.text)
    _fclose_internal                         0x000016d5   Thumb Code    72  fclose.o(.text)
    fclose                                   0x000016d5   Thumb Code     0  fclose.o(.text)
    strchr                                   0x00001721   Thumb Code    20  strchr.o(.text)
    strstr                                   0x00001735   Thumb Code    40  strstr.o(.text)
    strcpy                                   0x0000175d   Thumb Code    70  strcpy.o(.text)
    strlen                                   0x000017a9   Thumb Code    62  strlen.o(.text)
    strncmp                                  0x000017ed   Thumb Code   154  strncmp.o(.text)
    __aeabi_memcpy                           0x0000188d   Thumb Code   130  rt_memcpy.o(.text)
    __rt_memcpy                              0x0000188d   Thumb Code     0  rt_memcpy.o(.text)
    strcmp                                   0x00001911   Thumb Code   132  strcmp.o(.text)
    __aeabi_uidiv                            0x00001999   Thumb Code     0  aeabi_sdiv.o(.text)
    __aeabi_uidivmod                         0x00001999   Thumb Code    20  aeabi_sdiv.o(.text)
    __aeabi_idiv                             0x000019ad   Thumb Code     0  aeabi_sdiv.o(.text)
    __aeabi_idivmod                          0x000019ad   Thumb Code   326  aeabi_sdiv.o(.text)
    __cpp_initialize__aeabi_                 0x00001af5   Thumb Code    26  init_aeabi.o(.text)
    __aeabi_d2f                              0x00001b19   Thumb Code     0  d2f.o(.text)
    _d2f                                     0x00001b19   Thumb Code   120  d2f.o(.text)
    __aeabi_ddiv                             0x00001b95   Thumb Code     0  ddiv.o(.text)
    _ddiv                                    0x00001b95   Thumb Code  1076  ddiv.o(.text)
    _drdiv                                   0x00001fc9   Thumb Code    20  ddiv.o(.text)
    __aeabi_d2iz                             0x00001fe1   Thumb Code     0  dfixi.o(.text)
    _dfix                                    0x00001fe1   Thumb Code    96  dfixi.o(.text)
    __aeabi_i2d_normalise                    0x0000204d   Thumb Code    66  dflti.o(.text)
    __aeabi_i2d                              0x0000208f   Thumb Code    16  dflti.o(.text)
    _dflt                                    0x0000208f   Thumb Code     0  dflti.o(.text)
    __aeabi_ui2d                             0x0000209f   Thumb Code     6  dflti.o(.text)
    _dfltu                                   0x0000209f   Thumb Code     0  dflti.o(.text)
    __aeabi_dmul                             0x000020a5   Thumb Code     0  dmul.o(.text)
    _dmul                                    0x000020a5   Thumb Code   578  dmul.o(.text)
    __ARM_scalbn                             0x000022fd   Thumb Code    80  dscalbn.o(.text)
    __aeabi_f2d                              0x00002359   Thumb Code     0  f2d.o(.text)
    _f2d                                     0x00002359   Thumb Code    82  f2d.o(.text)
    __aeabi_fdiv                             0x000023b1   Thumb Code     0  fdiv.o(.text)
    _fdiv                                    0x000023b1   Thumb Code   336  fdiv.o(.text)
    _frdiv                                   0x00002501   Thumb Code     8  fdiv.o(.text)
    __aeabi_i2f_normalise                    0x00002511   Thumb Code    72  fflti.o(.text)
    __aeabi_i2f                              0x00002559   Thumb Code    16  fflti.o(.text)
    _fflt                                    0x00002559   Thumb Code     0  fflti.o(.text)
    __aeabi_ui2f                             0x00002569   Thumb Code     6  fflti.o(.text)
    _ffltu                                   0x00002569   Thumb Code     0  fflti.o(.text)
    __rt_ddtor_pointer_addr                  0x00002571   Thumb Code     8  rt_ddtor_pointer_addr.o(.text)
    malloc                                   0x00002579   Thumb Code    98  h1_alloc.o(.text)
    free                                     0x000025db   Thumb Code    76  h1_free.o(.text)
    _printf_pre_padding                      0x00002627   Thumb Code    44  _printf_pad.o(.text)
    _printf_post_padding                     0x00002653   Thumb Code    34  _printf_pad.o(.text)
    _printf_truncate_signed                  0x00002675   Thumb Code    18  _printf_truncate.o(.text)
    _printf_truncate_unsigned                0x00002687   Thumb Code    18  _printf_truncate.o(.text)
    _printf_int_common                       0x00002699   Thumb Code   176  _printf_intcommon.o(.text)
    _printf_charcount                        0x00002749   Thumb Code    40  _printf_charcount.o(.text)
    _printf_char_common                      0x0000277b   Thumb Code    32  _printf_char_common.o(.text)
    _sputc                                   0x000027a1   Thumb Code    10  _sputc.o(.text)
    _printf_cs_common                        0x000027ab   Thumb Code    22  _printf_char.o(.text)
    _printf_char                             0x000027c1   Thumb Code    16  _printf_char.o(.text)
    _printf_string                           0x000027d1   Thumb Code     8  _printf_char.o(.text)
    _printf_char_file                        0x000027d9   Thumb Code    34  _printf_char_file.o(.text)
    _printf_wctomb                           0x00002801   Thumb Code   182  _printf_wctomb.o(.text)
    _printf_longlong_dec                     0x000028bd   Thumb Code    94  _printf_longlong_dec.o(.text)
    _printf_longlong_oct                     0x0000292d   Thumb Code    68  _printf_oct_int_ll.o(.text)
    _printf_int_oct                          0x00002971   Thumb Code    24  _printf_oct_int_ll.o(.text)
    _printf_ll_oct                           0x00002989   Thumb Code    10  _printf_oct_int_ll.o(.text)
    _chval                                   0x0000299d   Thumb Code    30  _chval.o(.text)
    __vfscanf_char                           0x000029c9   Thumb Code    28  scanf_char.o(.text)
    _sgetc                                   0x000029ed   Thumb Code    32  _sgetc.o(.text)
    _sbackspace                              0x00002a0d   Thumb Code    36  _sgetc.o(.text)
    ferror                                   0x00002a31   Thumb Code     8  ferror.o(.text)
    _readbuf                                 0x00002a39   Thumb Code    56  filbuf.o(.text)
    _seteof                                  0x00002a71   Thumb Code    40  filbuf.o(.text)
    __filbuf                                 0x00002a99   Thumb Code   486  filbuf.o(.text)
    __filbuf_byte                            0x00002a99   Thumb Code     0  filbuf.o(.text)
    __filbuf_wide                            0x00002a99   Thumb Code     0  filbuf.o(.text)
    __flsbuf                                 0x00002c8d   Thumb Code   486  flsbuf.o(.text)
    __flsbuf_byte                            0x00002c8d   Thumb Code     0  flsbuf.o(.text)
    __flsbuf_wide                            0x00002c8d   Thumb Code     0  flsbuf.o(.text)
    _fseek                                   0x00002e7d   Thumb Code   240  fseek.o(.text)
    fseek                                    0x00002e7d   Thumb Code     0  fseek.o(.text)
    setvbuf                                  0x00002f71   Thumb Code    72  setvbuf.o(.text)
    _seterr                                  0x00002fbd   Thumb Code    20  stdio.o(.text)
    _writebuf                                0x00002fd1   Thumb Code    76  stdio.o(.text)
    _fflush                                  0x0000301d   Thumb Code    76  stdio.o(.text)
    _deferredlazyseek                        0x00003069   Thumb Code    60  stdio.o(.text)
    _initio                                  0x000030ad   Thumb Code   216  initio.o(.text)
    _terminateio                             0x00003185   Thumb Code    56  initio.o(.text)
    __rt_SIGPVFN                             0x000031e9   Thumb Code    12  defsig_pvfn_outer.o(.text)
    _memset_w                                0x000031f5   Thumb Code    26  rt_memclr.o(.text)
    _memset                                  0x0000320f   Thumb Code    30  rt_memclr.o(.text)
    __aeabi_memclr                           0x0000322d   Thumb Code     4  rt_memclr.o(.text)
    __rt_memclr                              0x0000322d   Thumb Code     0  rt_memclr.o(.text)
    __aeabi_memclr4                          0x00003231   Thumb Code     0  rt_memclr.o(.text)
    __aeabi_memclr8                          0x00003231   Thumb Code     0  rt_memclr.o(.text)
    __rt_memclr_w                            0x00003231   Thumb Code     4  rt_memclr.o(.text)
    __rt_udiv10                              0x00003235   Thumb Code    40  rtudiv10.o(.text)
    __fpl_fcmp_InfNaN                        0x0000325d   Thumb Code    96  fcmpin.o(.text)
    __rt_heap_descriptor                     0x000032c1   Thumb Code     8  rt_heap_descriptor.o(.text)
    __use_no_heap                            0x000032c9   Thumb Code     2  hguard.o(.text)
    __heap$guard                             0x000032cb   Thumb Code     2  hguard.o(.text)
    _terminate_user_alloc                    0x000032cd   Thumb Code     2  init_alloc.o(.text)
    _init_user_alloc                         0x000032cf   Thumb Code     2  init_alloc.o(.text)
    __Heap_Full                              0x000032d1   Thumb Code    32  init_alloc.o(.text)
    __Heap_Broken                            0x000032f1   Thumb Code    10  init_alloc.o(.text)
    _init_alloc                              0x000032fb   Thumb Code    90  init_alloc.o(.text)
    __Heap_Initialize                        0x00003355   Thumb Code    10  h1_init.o(.text)
    __Heap_DescSize                          0x0000335f   Thumb Code     4  h1_init.o(.text)
    _ll_udiv10                               0x00003363   Thumb Code   122  lludiv10.o(.text)
    isspace                                  0x000033dd   Thumb Code    18  isspace.o(.text)
    __lib_sel_fp_printf                      0x000033f1   Thumb Code     2  _printf_fp_dec.o(.text)
    _printf_fp_dec_real                      0x0000358f   Thumb Code   618  _printf_fp_dec.o(.text)
    _printf_lcs_common                       0x00003805   Thumb Code    22  _printf_wchar.o(.text)
    _printf_wchar                            0x0000381b   Thumb Code    16  _printf_wchar.o(.text)
    _printf_wstring                          0x0000382b   Thumb Code     8  _printf_wchar.o(.text)
    __vfscanf                                0x00003835   Thumb Code   892  _scanf.o(.text)
    _ftell_internal                          0x00003bc1   Thumb Code    66  ftell.o(.text)
    ftell                                    0x00003bc1   Thumb Code     0  ftell.o(.text)
    _flushlinebuffered                       0x00003c05   Thumb Code    46  flushlinebuffered.o(.text)
    _wcrtomb                                 0x00003c3d   Thumb Code    68  _wcrtomb.o(.text)
    __sig_exit                               0x00003c81   Thumb Code    12  defsig_exit.o(.text)
    __rt_SIGRTRED                            0x00003c8d   Thumb Code    12  defsig_rtred_outer.o(.text)
    __rt_SIGPVFN_inner                       0x00003c99   Thumb Code    14  defsig_pvfn_inner.o(.text)
    __fpl_cmpreturn                          0x00003cc9   Thumb Code    42  cmpret.o(.text)
    __fpl_fcheck_NaN2                        0x00003cf9   Thumb Code    10  fnan2.o(.text)
    _sys_exit                                0x00003d09   Thumb Code     8  sys_exit.o(.text)
    __rt_ctype_table                         0x00003d15   Thumb Code    16  rt_ctype_table.o(.text)
    __rt_locale                              0x00003d25   Thumb Code     8  rt_locale.o(.text)
    __aeabi_errno_addr                       0x00003d2d   Thumb Code     8  rt_errno_addr.o(.text)
    __errno                                  0x00003d2d   Thumb Code     0  rt_errno_addr.o(.text)
    __rt_errno_addr                          0x00003d2d   Thumb Code     0  rt_errno_addr.o(.text)
    __Heap_ProvideMemory                     0x00003d35   Thumb Code    52  h1_extend.o(.text)
    _printf_fp_infnan                        0x00003d69   Thumb Code   120  _printf_fp_infnan.o(.text)
    _btod_etento                             0x00003df1   Thumb Code   200  bigflt0.o(.text)
    _btod_d2e                                0x00003ebd   Thumb Code    64  btod.o(.text)
    _btod_emul                               0x000042b3   Thumb Code    24  btod.o(.text)
    _btod_emuld                              0x000042cb   Thumb Code    60  btod.o(.text)
    _btod_ediv                               0x00004307   Thumb Code    22  btod.o(.text)
    _btod_edivd                              0x0000431d   Thumb Code    60  btod.o(.text)
    __default_signal_display                 0x00004365   Thumb Code    52  defsig_general.o(.text)
    __rt_SIGRTRED_inner                      0x00004399   Thumb Code    14  defsig_rtred_inner.o(.text)
    __rt_SIGRTMEM                            0x000043cd   Thumb Code    12  defsig_rtmem_outer.o(.text)
    __rt_heap_escrow                         0x000043d9   Thumb Code    24  heapauxa.o(.text)
    __rt_heap_expand                         0x000043f1   Thumb Code    52  heapauxa.o(.text)
    __fpl_return_NaN                         0x00004429   Thumb Code    94  retnan.o(.text)
    _ttywrch                                 0x00004487   Thumb Code    12  sys_wrch.o(.text)
    __semihosting_library_function           0x00004493   Thumb Code     0  indicate_semi.o(.text)
    __rt_SIGRTMEM_inner                      0x00004495   Thumb Code    22  defsig_rtmem_inner.o(.text)
    NVIC_SetVector                           0x000044f1   Thumb Code    46  cmsis_nvic.o(i.NVIC_SetVector)
    SystemInit                               0x00004529   Thumb Code   154  system_LPC11Uxx.o(i.SystemInit)
    mbed::DigitalOut::DigitalOut(PinName)    0x000045f1   Thumb Code    20  stalker3_0_hw.o(i._ZN4mbed10DigitalOutC1E7PinName)
    mbed::DigitalOut::DigitalOut__sub_object(PinName) 0x000045f1   Thumb Code     0  stalker3_0_hw.o(i._ZN4mbed10DigitalOutC1E7PinName)
    mbed::DigitalOut::operator =(int)        0x00004605   Thumb Code    22  stalker3_0_hw.o(i._ZN4mbed10DigitalOutaSEi)
    mbed::FileHandle::flen()                 0x0000461b   Thumb Code    58  stdio.o(i._ZN4mbed10FileHandle4flenEv)
    mbed::FileHandle::~FileHandle()          0x00004655   Thumb Code     0  stdio.o(i._ZN4mbed10FileHandleD2Ev)
    mbed::FileHandle::~FileHandle__sub_object() 0x00004655   Thumb Code    30  stdio.o(i._ZN4mbed10FileHandleD2Ev)
    mbed::FunctionPointer::call()            0x0000467d   Thumb Code    26  FunctionPointer.o(i._ZN4mbed15FunctionPointer4callEv)
    mbed::FunctionPointer::FunctionPointer(void(*)()) 0x00004697   Thumb Code     8  FunctionPointer.o(i._ZN4mbed15FunctionPointerC1EPFvvE)
    mbed::FunctionPointer::FunctionPointer__sub_object(void(*)()) 0x00004697   Thumb Code     0  FunctionPointer.o(i._ZN4mbed15FunctionPointerC1EPFvvE)
    mbed::I2C::write(int, const char*, int, bool) 0x0000469f   Thumb Code    38  I2C.o(i._ZN4mbed3I2C5writeEiPKcib)
    mbed::I2C::aquire()                      0x000046c5   Thumb Code    24  I2C.o(i._ZN4mbed3I2C6aquireEv)
    mbed::I2C::I2C(PinName, PinName)         0x000046e1   Thumb Code    20  I2C.o(i._ZN4mbed3I2CC1E7PinNameS1_)
    mbed::I2C::I2C__sub_object(PinName, PinName) 0x000046e1   Thumb Code     0  I2C.o(i._ZN4mbed3I2CC1E7PinNameS1_)
    mbed::Timer::read()                      0x000046fd   Thumb Code    18  Timer.o(i._ZN4mbed5Timer4readEv)
    mbed::Timer::stop()                      0x00004715   Thumb Code    20  Timer.o(i._ZN4mbed5Timer4stopEv)
    mbed::Timer::reset()                     0x00004729   Thumb Code    16  Timer.o(i._ZN4mbed5Timer5resetEv)
    mbed::Timer::start()                     0x00004739   Thumb Code    16  Timer.o(i._ZN4mbed5Timer5startEv)
    mbed::Timer::read_us()                   0x00004749   Thumb Code    14  Timer.o(i._ZN4mbed5Timer7read_usEv)
    mbed::Timer::slicetime()                 0x00004757   Thumb Code    20  Timer.o(i._ZN4mbed5Timer9slicetimeEv)
    mbed::Timer::Timer()                     0x0000476b   Thumb Code    12  Timer.o(i._ZN4mbed5TimerC1Ev)
    mbed::Timer::Timer__sub_object()         0x0000476b   Thumb Code     0  Timer.o(i._ZN4mbed5TimerC1Ev)
    mbed::Serial::_irq_handler(unsigned, SerialIrq) 0x00004777   Thumb Code    16  Serial.o(i._ZN4mbed6Serial12_irq_handlerEj9SerialIrq)
    mbed::Serial::baud(int)                  0x00004787   Thumb Code    10  Serial.o(i._ZN4mbed6Serial4baudEi)
    mbed::Serial::_getc()                    0x00004791   Thumb Code    10  Serial.o(i._ZN4mbed6Serial5_getcEv)
    mbed::Serial::_putc(int)                 0x0000479b   Thumb Code    14  Serial.o(i._ZN4mbed6Serial5_putcEi)
    mbed::Serial::readable()                 0x000047a9   Thumb Code    10  Serial.o(i._ZN4mbed6Serial8readableEv)
    mbed::Serial::Serial(PinName, PinName, const char*) 0x000047b5   Thumb Code    62  Serial.o(i._ZN4mbed6SerialC1E7PinNameS1_PKc)
    mbed::Serial::Serial__sub_object(PinName, PinName, const char*) 0x000047b5   Thumb Code     0  Serial.o(i._ZN4mbed6SerialC1E7PinNameS1_PKc)
    mbed::Serial::~Serial()                  0x00004801   Thumb Code     8  Serial.o(i._ZN4mbed6SerialD1Ev)
    mbed::Serial::~Serial__sub_object()      0x00004801   Thumb Code     0  Serial.o(i._ZN4mbed6SerialD1Ev)
    mbed::Stream::flen()                     0x00004809   Thumb Code     4  Stream.o(i._ZN4mbed6Stream4flenEv)
    mbed::Stream::getc()                     0x0000480d   Thumb Code    18  Stream.o(i._ZN4mbed6Stream4getcEv)
    mbed::Stream::read(void*, unsigned)      0x0000481f   Thumb Code    36  Stream.o(i._ZN4mbed6Stream4readEPvj)
    mbed::Stream::close()                    0x00004843   Thumb Code     4  Stream.o(i._ZN4mbed6Stream5closeEv)
    mbed::Stream::lseek(long, int)           0x00004847   Thumb Code     4  Stream.o(i._ZN4mbed6Stream5lseekEli)
    mbed::Stream::write(const void*, unsigned) 0x0000484b   Thumb Code    36  Stream.o(i._ZN4mbed6Stream5writeEPKvj)
    mbed::Stream::isatty()                   0x0000486f   Thumb Code     4  Stream.o(i._ZN4mbed6Stream6isattyEv)
    mbed::Stream::printf(const char*, ...)   0x00004873   Thumb Code    32  Stream.o(i._ZN4mbed6Stream6printfEPKcz)
    mbed::Stream::Stream__sub_object(const char*) 0x00004895   Thumb Code    46  Stream.o(i._ZN4mbed6StreamC2EPKc)
    mbed::Stream::~Stream()                  0x000048d1   Thumb Code     0  Stream.o(i._ZN4mbed6StreamD2Ev)
    mbed::Stream::~Stream__sub_object()      0x000048d1   Thumb Code    26  Stream.o(i._ZN4mbed6StreamD2Ev)
    mbed::FileBase::getPathType()            0x000048f1   Thumb Code     4  FileBase.o(i._ZN4mbed8FileBase11getPathTypeEv)
    mbed::FileBase::lookup(const char*, unsigned) 0x000048f5   Thumb Code    54  FileBase.o(i._ZN4mbed8FileBase6lookupEPKcj)
    mbed::FileBase::FileBase(const char*, mbed::PathType) 0x00004931   Thumb Code    28  FileBase.o(i._ZN4mbed8FileBaseC1EPKcNS_8PathTypeE)
    mbed::FileBase::FileBase__sub_object(const char*, mbed::PathType) 0x00004931   Thumb Code     0  FileBase.o(i._ZN4mbed8FileBaseC1EPKcNS_8PathTypeE)
    mbed::FileBase::~FileBase()              0x00004955   Thumb Code    38  FileBase.o(i._ZN4mbed8FileBaseD1Ev)
    mbed::FileBase::~FileBase__sub_object()  0x00004955   Thumb Code     0  FileBase.o(i._ZN4mbed8FileBaseD1Ev)
    mbed::FileLike::FileLike__sub_object(const char*) 0x00004985   Thumb Code    24  FileLike.o(i._ZN4mbed8FileLikeC2EPKc)
    mbed::FileLike::~FileLike()              0x000049a5   Thumb Code     0  FileLike.o(i._ZN4mbed8FileLikeD2Ev)
    mbed::FileLike::~FileLike__sub_object()  0x000049a5   Thumb Code    16  FileLike.o(i._ZN4mbed8FileLikeD2Ev)
    mbed::FilePath::fileSystem()             0x000049b5   Thumb Code    16  FilePath.o(i._ZN4mbed8FilePath10fileSystemEv)
    mbed::FilePath::isFileSystem()           0x000049c5   Thumb Code    16  FilePath.o(i._ZN4mbed8FilePath12isFileSystemEv)
    mbed::FilePath::file()                   0x000049d5   Thumb Code    22  FilePath.o(i._ZN4mbed8FilePath4fileEv)
    mbed::FilePath::isFile()                 0x000049eb   Thumb Code    20  FilePath.o(i._ZN4mbed8FilePath6isFileEv)
    mbed::FilePath::fileName()               0x000049ff   Thumb Code     4  FilePath.o(i._ZN4mbed8FilePath8fileNameEv)
    mbed::FilePath::FilePath(const char*)    0x00004a03   Thumb Code    76  FilePath.o(i._ZN4mbed8FilePathC1EPKc)
    mbed::FilePath::FilePath__sub_object(const char*) 0x00004a03   Thumb Code     0  FilePath.o(i._ZN4mbed8FilePathC1EPKc)
    mbed::DigitalIn::read()                  0x00004a4f   Thumb Code    12  stalker3_0_hw.o(i._ZN4mbed9DigitalIn4readEv)
    mbed::DigitalIn::DigitalIn(PinName)      0x00004a5b   Thumb Code    20  stalker3_0_hw.o(i._ZN4mbed9DigitalInC1E7PinName)
    mbed::DigitalIn::DigitalIn__sub_object(PinName) 0x00004a5b   Thumb Code     0  stalker3_0_hw.o(i._ZN4mbed9DigitalInC1E7PinName)
    std::strchr(char*, int)                  0x00004a6f   Thumb Code    16  iot_mbed.o(i._ZSt6strchrPci)
    __ARM_common_ll_muluu                    0x00004a7f   Thumb Code    48  btod.o(i.__ARM_common_ll_muluu)
    __ARM_common_switch8                     0x00004aaf   Thumb Code    26  system_LPC11Uxx.o(i.__ARM_common_switch8)
    __ARM_fpclassify                         0x00004ac9   Thumb Code    38  fpclassify.o(i.__ARM_fpclassify)
    __aeabi_atexit                           0x00004af5   Thumb Code    44  aeabi_atexit.o(i.__aeabi_atexit)
    __aeabi_vec_ctor_nocookie_nodtor         0x00004b21   Thumb Code    32  aeabi_vec_ctor_nocookie_nodtor.o(i.__aeabi_vec_ctor_nocookie_nodtor)
    __cxa_finalize                           0x00004b41   Thumb Code    66  cxa_finalize.o(i.__cxa_finalize)
    __cxa_pure_virtual                       0x00004b83   Thumb Code    10  pure_virt.o(i.__cxa_pure_virtual)
    __user_setup_stackheap                   0x00004b8d   Thumb Code    10  sys.o(i.__user_setup_stackheap)
    _is_digit                                0x00004b9d   Thumb Code    14  __printf_wp.o(i._is_digit)
    _sys_close                               0x00004bad   Thumb Code    38  stdio.o(i._sys_close)
    _sys_flen                                0x00004bd9   Thumb Code    34  stdio.o(i._sys_flen)
    _sys_istty                               0x00004c01   Thumb Code    34  stdio.o(i._sys_istty)
    _sys_open                                0x00004c29   Thumb Code   234  stdio.o(i._sys_open)
    _sys_read                                0x00004d21   Thumb Code    54  stdio.o(i._sys_read)
    _sys_seek                                0x00004d61   Thumb Code    36  stdio.o(i._sys_seek)
    _sys_write                               0x00004d89   Thumb Code    76  stdio.o(i._sys_write)
    analogin_init                            0x00004e51   Thumb Code    92  analogin_api.o(i.analogin_init)
    analogin_read_u16                        0x00004ec9   Thumb Code    18  analogin_api.o(i.analogin_read_u16)
    exit                                     0x00004edb   Thumb Code    24  exit.o(i.exit)
    fgetc                                    0x00004ef3   Thumb Code    28  fgetc.o(i.fgetc)
    fputc                                    0x00004f0f   Thumb Code    30  fputc.o(i.fputc)
    gpio_dir                                 0x00004f2d   Thumb Code    30  gpio_api.o(i.gpio_dir)
    gpio_init                                0x00004f4d   Thumb Code    82  gpio_api.o(i.gpio_init)
    gpio_mode                                0x00004fad   Thumb Code    14  gpio_api.o(i.gpio_mode)
    gpio_set                                 0x00004fbd   Thumb Code    54  gpio_api.o(i.gpio_set)
    i2c_frequency                            0x00005065   Thumb Code    24  i2c_api.o(i.i2c_frequency)
    i2c_init                                 0x00005081   Thumb Code   128  i2c_api.o(i.i2c_init)
    i2c_start                                0x00005129   Thumb Code    62  i2c_api.o(i.i2c_start)
    i2c_stop                                 0x00005167   Thumb Code    32  i2c_api.o(i.i2c_stop)
    i2c_write                                0x000051ad   Thumb Code   116  i2c_api.o(i.i2c_write)
    mbed_die                                 0x00005221   Thumb Code   120  board.o(i.mbed_die)
    mbed_interface_connected                 0x00005299   Thumb Code     8  mbed_interface.o(i.mbed_interface_connected)
    pin_function                             0x000052b1   Thumb Code    36  pinmap.o(i.pin_function)
    pin_mode                                 0x000052d9   Thumb Code    52  pinmap.o(i.pin_mode)
    pinmap_merge                             0x00005311   Thumb Code    30  pinmap_common.o(i.pinmap_merge)
    pinmap_peripheral                        0x00005349   Thumb Code    40  pinmap_common.o(i.pinmap_peripheral)
    pinmap_pinout                            0x00005395   Thumb Code    56  pinmap_common.o(i.pinmap_pinout)
    semihost_connected                       0x000053e5   Thumb Code     6  semihost_api.o(i.semihost_connected)
    semihost_exit                            0x000053f1   Thumb Code    12  semihost_api.o(i.semihost_exit)
    serial_baud                              0x000053fd   Thumb Code   288  serial_api.o(i.serial_baud)
    serial_format                            0x00005529   Thumb Code   110  serial_api.o(i.serial_format)
    serial_getc                              0x00005619   Thumb Code    14  serial_api.o(i.serial_getc)
    serial_init                              0x00005629   Thumb Code   190  serial_api.o(i.serial_init)
    serial_irq_handler                       0x0000571d   Thumb Code    14  serial_api.o(i.serial_irq_handler)
    serial_putc                              0x00005731   Thumb Code    22  serial_api.o(i.serial_putc)
    serial_readable                          0x00005747   Thumb Code    10  serial_api.o(i.serial_readable)
    serial_writable                          0x00005751   Thumb Code    10  serial_api.o(i.serial_writable)
    us_ticker_clear_interrupt                0x0000575d   Thumb Code     8  us_ticker.o(i.us_ticker_clear_interrupt)
    us_ticker_disable_interrupt              0x00005769   Thumb Code    12  us_ticker.o(i.us_ticker_disable_interrupt)
    us_ticker_init                           0x00005779   Thumb Code    62  us_ticker.o(i.us_ticker_init)
    us_ticker_irq_handler                    0x000057d5   Thumb Code    58  us_ticker_api.o(i.us_ticker_irq_handler)
    us_ticker_read                           0x00005815   Thumb Code    20  us_ticker.o(i.us_ticker_read)
    us_ticker_set_interrupt                  0x00005831   Thumb Code    14  us_ticker.o(i.us_ticker_set_interrupt)
    wait                                     0x00005845   Thumb Code    24  wait_api.o(i.wait)
    wait_ms                                  0x00005861   Thumb Code    14  wait_api.o(i.wait_ms)
    wait_us                                  0x0000586f   Thumb Code    22  wait_api.o(i.wait_us)
    _get_lc_numeric                          0x00005885   Thumb Code    44  lc_numeric_c.o(locale$$code)
    _get_lc_ctype                            0x000058b1   Thumb Code    44  lc_ctype_c.o(locale$$code)
    __aeabi_fadd                             0x000058dd   Thumb Code     0  faddsub.o(x$fpl$fadd)
    _fadd                                    0x000058dd   Thumb Code   134  faddsub.o(x$fpl$fadd)
    __aeabi_cfcmple                          0x00005969   Thumb Code     0  flef.o(x$fpl$fleqf)
    _fcmple                                  0x00005969   Thumb Code    78  flef.o(x$fpl$fleqf)
    __aeabi_cfrcmple                         0x000059bd   Thumb Code     0  frlef.o(x$fpl$frleqf)
    _frcmple                                 0x000059bd   Thumb Code    84  frlef.o(x$fpl$frleqf)
    __aeabi_fsub                             0x00005a15   Thumb Code     0  faddsub.o(x$fpl$fsub)
    _fsub                                    0x00005a15   Thumb Code   204  faddsub.o(x$fpl$fsub)
    _printf_fp_dec                           0x00005ae5   Thumb Code    16  printf1.o(x$fpl$printf1)
    __I$use$fp                               0x00005af4   Number         0  usenofp.o(x$fpl$usenofp)
    __stdin_name                             0x00005ba4   Data           7  stdio.o(.constdata)
    __stdout_name                            0x00005bab   Data           8  stdio.o(.constdata)
    __stderr_name                            0x00005bb3   Data           8  stdio.o(.constdata)
    vtable for mbed::FileHandle              0x00005e04   Data          44  stdio.o(.constdata__ZTVN4mbed10FileHandleE)
    vtable for mbed::Serial                  0x00005e30   Data          68  Serial.o(.constdata__ZTVN4mbed6SerialE)
    vtable for mbed::Stream                  0x00005e74   Data          68  Stream.o(.constdata__ZTVN4mbed6StreamE)
    vtable for mbed::FileBase                0x00005eb8   Data          16  FileBase.o(.constdata__ZTVN4mbed8FileBaseE)
    vtable for mbed::FileLike                0x00005ec8   Data          60  FileLike.o(.constdata__ZTVN4mbed8FileLikeE)
    Region$$Table$$Base                      0x00005f04   Number         0  anon$$obj.o(Region$$Table)
    Region$$Table$$Limit                     0x00005f24   Number         0  anon$$obj.o(Region$$Table)
    __ctype                                  0x00005f4d   Data           0  lc_ctype_c.o(locale$$data)
    SHT$$INIT_ARRAY$$Base                    0x00006050   Number         0  main.o(.init_array)
    SHT$$INIT_ARRAY$$Limit                   0x0000605c   Number         0  i2c_uart.o(.init_array)
    dtaUartLen                               0x100000c0   Data           1  main.o(.data)
    dtaUartLen1                              0x100000c1   Data           1  main.o(.data)
    light_sensor                             0x100000c2   Data           1  main.o(.data)
    vol_bat                                  0x100000c3   Data           1  stalker3_0_hw.o(.data)
    iot_hw                                   0x100000c4   Data           1  stalker3_0_hw.o(.data)
    i2c_debug                                0x100000c8   Data           8  i2c_uart.o(.data)
    SystemCoreClock                          0x100000d0   Data           4  system_LPC11Uxx.o(.data)
    mbed::I2C::_owner                        0x100000dc   Data           4  I2C.o(.data)
    stdio_retargeting_module                 0x100000e0   Data           4  stdio.o(.data)
    stdio_uart_inited                        0x100000e8   Data           4  serial_api.o(.data)
    stdio_uart                               0x100000f0   Data           8  serial_api.o(.data)
    us_ticker_inited                         0x100000f8   Data           4  us_ticker.o(.data)
    mbed::FileBase::_head                    0x10000104   Data           4  FileBase.o(.data)
    __aeabi_stdin                            0x1000010c   Data           4  stdio_streams.o(.data)
    __aeabi_stdout                           0x10000110   Data           4  stdio_streams.o(.data)
    __aeabi_stderr                           0x10000114   Data           4  stdio_streams.o(.data)
    serial1                                  0x1000011c   Data          88  main.o(.bss)
    tcnt                                     0x10000174   Data          12  main.o(.bss)
    dtaUart                                  0x10000180   Data         100  main.o(.bss)
    dtaUart1                                 0x100001e4   Data         100  main.o(.bss)
    eg10_pwr                                 0x10000248   Data          24  stalker3_0_hw.o(.bss)
    eg10_on                                  0x10000260   Data          24  stalker3_0_hw.o(.bss)
    eg10_state                               0x10000278   Data          24  stalker3_0_hw.o(.bss)
    eg10_rst                                 0x10000290   Data          24  stalker3_0_hw.o(.bss)
    led1                                     0x100002a8   Data          24  stalker3_0_hw.o(.bss)
    led2                                     0x100002c0   Data          24  stalker3_0_hw.o(.bss)
    led3                                     0x100002d8   Data          24  stalker3_0_hw.o(.bss)
    led4                                     0x100002f0   Data          24  stalker3_0_hw.o(.bss)
    grove_pwr                                0x10000308   Data          24  stalker3_0_hw.o(.bss)
    charging                                 0x10000320   Data          24  stalker3_0_hw.o(.bss)
    chargdone                                0x10000338   Data          24  stalker3_0_hw.o(.bss)
    IOT                                      0x10000350   Data         230  iot_mbed.o(.bss)
    __stdin                                  0x10000478   Data          84  stdio_streams.o(.bss)
    __stdout                                 0x100004cc   Data          84  stdio_streams.o(.bss)
    __stderr                                 0x10000520   Data          84  stdio_streams.o(.bss)
    Image$$RW_IRAM1$$ZI$$Limit               0x10000594   Number         0  rt_errno_addr.o(.bss)



==============================================================================

Memory Map of the image

  Image Entry point : 0x00000201

  Load Region LR_IROM1 (Base: 0x00000000, Size: 0x000060b8, Max: 0x00008000, ABSOLUTE)

    Execution Region ER_IROM1 (Base: 0x00000000, Size: 0x0000605c, Max: 0x00008000, ABSOLUTE)

    Base Addr    Size         Type   Attr      Idx    E Section Name        Object

    0x00000000   0x00000200   Data   RO          526    RESET               startup_LPC11xx.o
    0x00000200   0x00000008   Code   RO         1315  * !!!main             c_p.l(__main.o)
    0x00000208   0x0000003c   Code   RO         2063    !!!scatter          c_p.l(__scatter.o)
    0x00000244   0x0000001a   Code   RO         2065    !!handler_copy      c_p.l(__scatter_copy.o)
    0x0000025e   0x00000002   PAD
    0x00000260   0x0000001c   Code   RO         2067    !!handler_zi        c_p.l(__scatter_zi.o)
    0x0000027c   0x00000002   Code   RO         1949    .ARM.Collect$$libinit$$00000000  c_p.l(libinit.o)
    0x0000027e   0x00000004   Code   RO         1643    .ARM.Collect$$libinit$$00000001  c_p.l(libinit2.o)
    0x00000282   0x00000008   Code   RO         1645    .ARM.Collect$$libinit$$00000003  c_p.l(libinit2.o)
    0x0000028a   0x00000000   Code   RO         1647    .ARM.Collect$$libinit$$00000008  c_p.l(libinit2.o)
    0x0000028a   0x00000000   Code   RO         1649    .ARM.Collect$$libinit$$0000000A  c_p.l(libinit2.o)
    0x0000028a   0x00000000   Code   RO         1651    .ARM.Collect$$libinit$$0000000C  c_p.l(libinit2.o)
    0x0000028a   0x00000006   Code   RO         1652    .ARM.Collect$$libinit$$0000000D  c_p.l(libinit2.o)
    0x00000290   0x00000000   Code   RO         1654    .ARM.Collect$$libinit$$0000000F  c_p.l(libinit2.o)
    0x00000290   0x0000000c   Code   RO         1655    .ARM.Collect$$libinit$$00000010  c_p.l(libinit2.o)
    0x0000029c   0x00000000   Code   RO         1656    .ARM.Collect$$libinit$$00000011  c_p.l(libinit2.o)
    0x0000029c   0x00000000   Code   RO         1658    .ARM.Collect$$libinit$$00000013  c_p.l(libinit2.o)
    0x0000029c   0x0000000a   Code   RO         1659    .ARM.Collect$$libinit$$00000014  c_p.l(libinit2.o)
    0x000002a6   0x00000000   Code   RO         1660    .ARM.Collect$$libinit$$00000015  c_p.l(libinit2.o)
    0x000002a6   0x00000000   Code   RO         1662    .ARM.Collect$$libinit$$00000017  c_p.l(libinit2.o)
    0x000002a6   0x00000000   Code   RO         1664    .ARM.Collect$$libinit$$00000019  c_p.l(libinit2.o)
    0x000002a6   0x00000000   Code   RO         1666    .ARM.Collect$$libinit$$0000001B  c_p.l(libinit2.o)
    0x000002a6   0x00000000   Code   RO         1668    .ARM.Collect$$libinit$$0000001D  c_p.l(libinit2.o)
    0x000002a6   0x00000000   Code   RO         1670    .ARM.Collect$$libinit$$0000001F  c_p.l(libinit2.o)
    0x000002a6   0x00000000   Code   RO         1672    .ARM.Collect$$libinit$$00000021  c_p.l(libinit2.o)
    0x000002a6   0x00000004   Code   RO         1673    .ARM.Collect$$libinit$$00000022  c_p.l(libinit2.o)
    0x000002aa   0x00000000   Code   RO         1674    .ARM.Collect$$libinit$$00000023  c_p.l(libinit2.o)
    0x000002aa   0x00000000   Code   RO         1678    .ARM.Collect$$libinit$$0000002A  c_p.l(libinit2.o)
    0x000002aa   0x00000000   Code   RO         1680    .ARM.Collect$$libinit$$0000002C  c_p.l(libinit2.o)
    0x000002aa   0x00000000   Code   RO         1682    .ARM.Collect$$libinit$$0000002E  c_p.l(libinit2.o)
    0x000002aa   0x00000004   Code   RO         1683    .ARM.Collect$$libinit$$0000002F  c_p.l(libinit2.o)
    0x000002ae   0x00000000   Code   RO         1684    .ARM.Collect$$libinit$$00000030  c_p.l(libinit2.o)
    0x000002ae   0x00000002   Code   RO         1685    .ARM.Collect$$libinit$$00000031  c_p.l(libinit2.o)
    0x000002b0   0x00000006   Code   RO         1686    .ARM.Collect$$libshutdown$$00000001  c_p.l(libshutdown2.o)
    0x000002b6   0x00000000   Code   RO         1688    .ARM.Collect$$libshutdown$$00000003  c_p.l(libshutdown2.o)
    0x000002b6   0x00000000   Code   RO         1473    .ARM.Collect$$rtentry$$00000000  c_p.l(rtentry.o)
    0x000002b6   0x00000000   Code   RO         1750    .ARM.Collect$$rtentry$$00000002  c_p.l(rtentry2.o)
    0x000002b6   0x00000006   Code   RO         1762    .ARM.Collect$$rtentry$$00000004  c_p.l(rtentry4.o)
    0x000002bc   0x00000000   Code   RO         1752    .ARM.Collect$$rtentry$$00000009  c_p.l(rtentry2.o)
    0x000002bc   0x00000004   Code   RO         1753    .ARM.Collect$$rtentry$$0000000A  c_p.l(rtentry2.o)
    0x000002c0   0x00000000   Code   RO         1755    .ARM.Collect$$rtentry$$0000000C  c_p.l(rtentry2.o)
    0x000002c0   0x00000008   Code   RO         1756    .ARM.Collect$$rtentry$$0000000D  c_p.l(rtentry2.o)
    0x000002c8   0x00000000   Code   RO         1899    .emb_text           c_p.l(maybetermalloc1.o)
    0x000002c8   0x00000024   Code   RO          528    .text               startup_LPC11xx.o
    0x000002ec   0x0000000e   Code   RO         1186    .text               c_p.l(c89vfprintf.o)
    0x000002fa   0x00000002   Code   RO         1985    .text               c_p.l(use_no_semi.o)
    0x000002fc   0x00000004   Code   RO          527    .ARM.__at_0x02FC    startup_LPC11xx.o
    0x00000300   0x00000002   Code   RO         1247    .ARM.Collect$$_printf_percent$$00000000  c_p.l(_printf_percent.o)
    0x00000302   0x0000000a   Code   RO         1577    .ARM.Collect$$_printf_percent$$00000001  c_p.l(_printf_n.o)
    0x0000030c   0x0000000a   Code   RO         1245    .ARM.Collect$$_printf_percent$$00000002  c_p.l(_printf_p.o)
    0x00000316   0x0000000a   Code   RO         1582    .ARM.Collect$$_printf_percent$$00000003  c_p.l(_printf_f.o)
    0x00000320   0x0000000a   Code   RO         1583    .ARM.Collect$$_printf_percent$$00000004  c_p.l(_printf_e.o)
    0x0000032a   0x0000000a   Code   RO         1584    .ARM.Collect$$_printf_percent$$00000005  c_p.l(_printf_g.o)
    0x00000334   0x0000000a   Code   RO         1585    .ARM.Collect$$_printf_percent$$00000006  c_p.l(_printf_a.o)
    0x0000033e   0x0000000a   Code   RO         1590    .ARM.Collect$$_printf_percent$$00000007  c_p.l(_printf_ll.o)
    0x00000348   0x0000000a   Code   RO         1580    .ARM.Collect$$_printf_percent$$00000008  c_p.l(_printf_i.o)
    0x00000352   0x0000000a   Code   RO         1246    .ARM.Collect$$_printf_percent$$00000009  c_p.l(_printf_d.o)
    0x0000035c   0x0000000a   Code   RO         1581    .ARM.Collect$$_printf_percent$$0000000A  c_p.l(_printf_u.o)
    0x00000366   0x0000000a   Code   RO         1579    .ARM.Collect$$_printf_percent$$0000000B  c_p.l(_printf_o.o)
    0x00000370   0x0000000a   Code   RO         1578    .ARM.Collect$$_printf_percent$$0000000C  c_p.l(_printf_x.o)
    0x0000037a   0x0000000a   Code   RO         1587    .ARM.Collect$$_printf_percent$$0000000D  c_p.l(_printf_lli.o)
    0x00000384   0x0000000a   Code   RO         1588    .ARM.Collect$$_printf_percent$$0000000E  c_p.l(_printf_lld.o)
    0x0000038e   0x0000000a   Code   RO         1589    .ARM.Collect$$_printf_percent$$0000000F  c_p.l(_printf_llu.o)
    0x00000398   0x0000000a   Code   RO         1594    .ARM.Collect$$_printf_percent$$00000010  c_p.l(_printf_llo.o)
    0x000003a2   0x0000000a   Code   RO         1595    .ARM.Collect$$_printf_percent$$00000011  c_p.l(_printf_llx.o)
    0x000003ac   0x0000000a   Code   RO         1591    .ARM.Collect$$_printf_percent$$00000012  c_p.l(_printf_l.o)
    0x000003b6   0x0000000a   Code   RO         1243    .ARM.Collect$$_printf_percent$$00000013  c_p.l(_printf_c.o)
    0x000003c0   0x0000000a   Code   RO         1244    .ARM.Collect$$_printf_percent$$00000014  c_p.l(_printf_s.o)
    0x000003ca   0x0000000a   Code   RO         1592    .ARM.Collect$$_printf_percent$$00000015  c_p.l(_printf_lc.o)
    0x000003d4   0x0000000a   Code   RO         1593    .ARM.Collect$$_printf_percent$$00000016  c_p.l(_printf_ls.o)
    0x000003de   0x00000004   Code   RO         1586    .ARM.Collect$$_printf_percent$$00000017  c_p.l(_printf_percent_end.o)
    0x000003e2   0x00000002   PAD
    0x000003e4   0x00000038   Code   RO         1303    .emb_text           c_p.l(rt_memcpy.o)
    0x0000041c   0x00000294   Code   RO            3    .text               main.o
    0x000006b0   0x00000290   Code   RO          276    .text               stalker3_0_hw.o
    0x00000940   0x0000072c   Code   RO          388    .text               iot_mbed.o
    0x0000106c   0x0000004c   Code   RO          468    .text               i2c_uart.o
    0x000010b8   0x00000016   Code   RO         1188    .text               c_p.l(__2fprintf.o)
    0x000010ce   0x00000002   PAD
    0x000010d0   0x0000002c   Code   RO         1190    .text               c_p.l(__2sprintf.o)
    0x000010fc   0x00000052   Code   RO         1198    .text               c_p.l(_printf_str.o)
    0x0000114e   0x00000002   PAD
    0x00001150   0x0000006c   Code   RO         1200    .text               c_p.l(_printf_dec.o)
    0x000011bc   0x00000098   Code   RO         1220    .text               c_p.l(_printf_hex_int_ll_ptr.o)
    0x00001254   0x00000188   Code   RO         1240    .text               c_p.l(__printf_flags_ss_wp.o)
    0x000013dc   0x00000040   Code   RO         1250    .text               c_p.l(__0sscanf.o)
    0x0000141c   0x0000014a   Code   RO         1252    .text               c_p.l(_scanf_int.o)
    0x00001566   0x00000002   PAD
    0x00001568   0x00000068   Code   RO         1254    .text               c_p.l(fflush.o)
    0x000015d0   0x000000e8   Code   RO         1268    .text               c_p.l(fopen.o)
    0x000016b8   0x0000001a   Code   RO         1270    .text               c_p.l(setbuf.o)
    0x000016d2   0x00000002   PAD
    0x000016d4   0x0000004c   Code   RO         1278    .text               c_p.l(fclose.o)
    0x00001720   0x00000014   Code   RO         1293    .text               c_p.l(strchr.o)
    0x00001734   0x00000028   Code   RO         1295    .text               c_p.l(strstr.o)
    0x0000175c   0x0000004c   Code   RO         1297    .text               c_p.l(strcpy.o)
    0x000017a8   0x00000044   Code   RO         1299    .text               c_p.l(strlen.o)
    0x000017ec   0x000000a0   Code   RO         1301    .text               c_p.l(strncmp.o)
    0x0000188c   0x00000082   Code   RO         1304    .text               c_p.l(rt_memcpy.o)
    0x0000190e   0x00000002   PAD
    0x00001910   0x00000088   Code   RO         1309    .text               c_p.l(strcmp.o)
    0x00001998   0x0000015a   Code   RO         1311    .text               c_p.l(aeabi_sdiv.o)
    0x00001af2   0x00000002   PAD
    0x00001af4   0x00000024   Code   RO         1320    .text               c_p.l(init_aeabi.o)
    0x00001b18   0x0000007c   Code   RO         1439    .text               fz_ps.l(d2f.o)
    0x00001b94   0x0000044c   Code   RO         1441    .text               fz_ps.l(ddiv.o)
    0x00001fe0   0x0000006c   Code   RO         1444    .text               fz_ps.l(dfixi.o)
    0x0000204c   0x00000058   Code   RO         1446    .text               fz_ps.l(dflti.o)
    0x000020a4   0x00000258   Code   RO         1448    .text               fz_ps.l(dmul.o)
    0x000022fc   0x0000005c   Code   RO         1450    .text               fz_ps.l(dscalbn.o)
    0x00002358   0x00000058   Code   RO         1452    .text               fz_ps.l(f2d.o)
    0x000023b0   0x00000160   Code   RO         1460    .text               fz_ps.l(fdiv.o)
    0x00002510   0x0000005e   Code   RO         1463    .text               fz_ps.l(fflti.o)
    0x0000256e   0x00000002   PAD
    0x00002570   0x00000008   Code   RO         1483    .text               c_p.l(rt_ddtor_pointer_addr.o)
    0x00002578   0x00000062   Code   RO         1492    .text               c_p.l(h1_alloc.o)
    0x000025da   0x0000004c   Code   RO         1494    .text               c_p.l(h1_free.o)
    0x00002626   0x0000004e   Code   RO         1550    .text               c_p.l(_printf_pad.o)
    0x00002674   0x00000024   Code   RO         1552    .text               c_p.l(_printf_truncate.o)
    0x00002698   0x000000b0   Code   RO         1554    .text               c_p.l(_printf_intcommon.o)
    0x00002748   0x00000028   Code   RO         1556    .text               c_p.l(_printf_charcount.o)
    0x00002770   0x00000030   Code   RO         1558    .text               c_p.l(_printf_char_common.o)
    0x000027a0   0x0000000a   Code   RO         1560    .text               c_p.l(_sputc.o)
    0x000027aa   0x0000002e   Code   RO         1562    .text               c_p.l(_printf_char.o)
    0x000027d8   0x00000028   Code   RO         1564    .text               c_p.l(_printf_char_file.o)
    0x00002800   0x000000bc   Code   RO         1566    .text               c_p.l(_printf_wctomb.o)
    0x000028bc   0x00000070   Code   RO         1569    .text               c_p.l(_printf_longlong_dec.o)
    0x0000292c   0x00000070   Code   RO         1575    .text               c_p.l(_printf_oct_int_ll.o)
    0x0000299c   0x0000001e   Code   RO         1596    .text               c_p.l(_chval.o)
    0x000029ba   0x00000002   PAD
    0x000029bc   0x00000030   Code   RO         1602    .text               c_p.l(scanf_char.o)
    0x000029ec   0x00000044   Code   RO         1604    .text               c_p.l(_sgetc.o)
    0x00002a30   0x00000008   Code   RO         1614    .text               c_p.l(ferror.o)
    0x00002a38   0x00000254   Code   RO         1616    .text               c_p.l(filbuf.o)
    0x00002c8c   0x000001f0   Code   RO         1618    .text               c_p.l(flsbuf.o)
    0x00002e7c   0x000000f4   Code   RO         1620    .text               c_p.l(fseek.o)
    0x00002f70   0x0000004c   Code   RO         1622    .text               c_p.l(setvbuf.o)
    0x00002fbc   0x000000f0   Code   RO         1624    .text               c_p.l(stdio.o)
    0x000030ac   0x0000013c   Code   RO         1627    .text               c_p.l(initio.o)
    0x000031e8   0x0000000c   Code   RO         1635    .text               c_p.l(defsig_pvfn_outer.o)
    0x000031f4   0x00000040   Code   RO         1639    .text               c_p.l(rt_memclr.o)
    0x00003234   0x00000028   Code   RO         1641    .text               c_p.l(rtudiv10.o)
    0x0000325c   0x00000064   Code   RO         1739    .text               fz_ps.l(fcmpin.o)
    0x000032c0   0x00000008   Code   RO         1768    .text               c_p.l(rt_heap_descriptor.o)
    0x000032c8   0x00000004   Code   RO         1773    .text               c_p.l(hguard.o)
    0x000032cc   0x00000088   Code   RO         1775    .text               c_p.l(init_alloc.o)
    0x00003354   0x0000000e   Code   RO         1779    .text               c_p.l(h1_init.o)
    0x00003362   0x0000007a   Code   RO         1795    .text               c_p.l(lludiv10.o)
    0x000033dc   0x00000012   Code   RO         1797    .text               c_p.l(isspace.o)
    0x000033ee   0x00000002   PAD
    0x000033f0   0x00000414   Code   RO         1799    .text               c_p.l(_printf_fp_dec.o)
    0x00003804   0x0000002e   Code   RO         1805    .text               c_p.l(_printf_wchar.o)
    0x00003832   0x00000002   PAD
    0x00003834   0x0000038c   Code   RO         1807    .text               c_p.l(_scanf.o)
    0x00003bc0   0x00000042   Code   RO         1817    .text               c_p.l(ftell.o)
    0x00003c02   0x00000002   PAD
    0x00003c04   0x00000038   Code   RO         1825    .text               c_p.l(flushlinebuffered.o)
    0x00003c3c   0x00000044   Code   RO         1843    .text               c_p.l(_wcrtomb.o)
    0x00003c80   0x0000000c   Code   RO         1845    .text               c_p.l(defsig_exit.o)
    0x00003c8c   0x0000000c   Code   RO         1847    .text               c_p.l(defsig_rtred_outer.o)
    0x00003c98   0x00000030   Code   RO         1851    .text               c_p.l(defsig_pvfn_inner.o)
    0x00003cc8   0x00000030   Code   RO         1877    .text               fz_ps.l(cmpret.o)
    0x00003cf8   0x00000010   Code   RO         1879    .text               fz_ps.l(fnan2.o)
    0x00003d08   0x0000000c   Code   RO         1883    .text               c_p.l(sys_exit.o)
    0x00003d14   0x00000010   Code   RO         1885    .text               c_p.l(rt_ctype_table.o)
    0x00003d24   0x00000008   Code   RO         1887    .text               c_p.l(rt_locale.o)
    0x00003d2c   0x00000008   Code   RO         1892    .text               c_p.l(rt_errno_addr.o)
    0x00003d34   0x00000034   Code   RO         1901    .text               c_p.l(h1_extend.o)
    0x00003d68   0x00000088   Code   RO         1905    .text               c_p.l(_printf_fp_infnan.o)
    0x00003df0   0x000000cc   Code   RO         1907    .text               c_p.l(bigflt0.o)
    0x00003ebc   0x000004a8   Code   RO         1910    .text               c_p.l(btod.o)
    0x00004364   0x00000034   Code   RO         1923    .text               c_p.l(defsig_general.o)
    0x00004398   0x00000034   Code   RO         1929    .text               c_p.l(defsig_rtred_inner.o)
    0x000043cc   0x0000000c   Code   RO         1931    .text               c_p.l(defsig_rtmem_outer.o)
    0x000043d8   0x00000050   Code   RO         1935    .text               c_p.l(heapauxa.o)
    0x00004428   0x0000005e   Code   RO         1967    .text               fz_ps.l(retnan.o)
    0x00004486   0x0000000c   Code   RO         1983    .text               c_p.l(sys_wrch.o)
    0x00004492   0x00000000   Code   RO         1987    .text               c_p.l(indicate_semi.o)
    0x00004492   0x00000002   PAD
    0x00004494   0x00000050   Code   RO         2012    .text               c_p.l(defsig_rtmem_inner.o)
    0x000044e4   0x0000000a   Code   RO          600    i.<Func1>           mbed.ar(Serial.o)
    0x000044ee   0x00000002   PAD
    0x000044f0   0x00000038   Code   RO          520    i.NVIC_SetVector    cmsis_nvic.o
    0x00004528   0x000000a8   Code   RO          506    i.SystemInit        system_LPC11Uxx.o
    0x000045d0   0x00000020   Code   RO          651    i._Z11init_serialv  mbed.ar(stdio.o)
    0x000045f0   0x00000014   Code   RO          314    i._ZN4mbed10DigitalOutC1E7PinName  stalker3_0_hw.o
    0x00004604   0x00000016   Code   RO          296    i._ZN4mbed10DigitalOutaSEi  stalker3_0_hw.o
    0x0000461a   0x0000003a   Code   RO          743    i._ZN4mbed10FileHandle4flenEv  mbed.ar(stdio.o)
    0x00004654   0x00000028   Code   RO          653    i._ZN4mbed10FileHandleD2Ev  mbed.ar(stdio.o)
    0x0000467c   0x0000001a   Code   RO         1059    i._ZN4mbed15FunctionPointer4callEv  mbed.ar(FunctionPointer.o)
    0x00004696   0x00000008   Code   RO         1061    i._ZN4mbed15FunctionPointerC1EPFvvE  mbed.ar(FunctionPointer.o)
    0x0000469e   0x00000026   Code   RO          573    i._ZN4mbed3I2C5writeEiPKcib  mbed.ar(I2C.o)
    0x000046c4   0x0000001c   Code   RO          574    i._ZN4mbed3I2C6aquireEv  mbed.ar(I2C.o)
    0x000046e0   0x0000001c   Code   RO          576    i._ZN4mbed3I2CC1E7PinNameS1_  mbed.ar(I2C.o)
    0x000046fc   0x00000018   Code   RO          815    i._ZN4mbed5Timer4readEv  mbed.ar(Timer.o)
    0x00004714   0x00000014   Code   RO          816    i._ZN4mbed5Timer4stopEv  mbed.ar(Timer.o)
    0x00004728   0x00000010   Code   RO          817    i._ZN4mbed5Timer5resetEv  mbed.ar(Timer.o)
    0x00004738   0x00000010   Code   RO          818    i._ZN4mbed5Timer5startEv  mbed.ar(Timer.o)
    0x00004748   0x0000000e   Code   RO          820    i._ZN4mbed5Timer7read_usEv  mbed.ar(Timer.o)
    0x00004756   0x00000014   Code   RO          821    i._ZN4mbed5Timer9slicetimeEv  mbed.ar(Timer.o)
    0x0000476a   0x0000000c   Code   RO          822    i._ZN4mbed5TimerC1Ev  mbed.ar(Timer.o)
    0x00004776   0x00000010   Code   RO          601    i._ZN4mbed6Serial12_irq_handlerEj9SerialIrq  mbed.ar(Serial.o)
    0x00004786   0x0000000a   Code   RO          602    i._ZN4mbed6Serial4baudEi  mbed.ar(Serial.o)
    0x00004790   0x0000000a   Code   RO          603    i._ZN4mbed6Serial5_getcEv  mbed.ar(Serial.o)
    0x0000479a   0x0000000e   Code   RO          604    i._ZN4mbed6Serial5_putcEi  mbed.ar(Serial.o)
    0x000047a8   0x0000000a   Code   RO          607    i._ZN4mbed6Serial8readableEv  mbed.ar(Serial.o)
    0x000047b2   0x00000002   PAD
    0x000047b4   0x0000004c   Code   RO          609    i._ZN4mbed6SerialC1E7PinNameS1_PKc  mbed.ar(Serial.o)
    0x00004800   0x00000008   Code   RO          635    i._ZN4mbed6SerialD1Ev  mbed.ar(Serial.o)
    0x00004808   0x00000004   Code   RO          751    i._ZN4mbed6Stream4flenEv  mbed.ar(Stream.o)
    0x0000480c   0x00000012   Code   RO          752    i._ZN4mbed6Stream4getcEv  mbed.ar(Stream.o)
    0x0000481e   0x00000024   Code   RO          756    i._ZN4mbed6Stream4readEPvj  mbed.ar(Stream.o)
    0x00004842   0x00000004   Code   RO          757    i._ZN4mbed6Stream5closeEv  mbed.ar(Stream.o)
    0x00004846   0x00000004   Code   RO          759    i._ZN4mbed6Stream5lseekEli  mbed.ar(Stream.o)
    0x0000484a   0x00000024   Code   RO          761    i._ZN4mbed6Stream5writeEPKvj  mbed.ar(Stream.o)
    0x0000486e   0x00000004   Code   RO          762    i._ZN4mbed6Stream6isattyEv  mbed.ar(Stream.o)
    0x00004872   0x00000020   Code   RO          763    i._ZN4mbed6Stream6printfEPKcz  mbed.ar(Stream.o)
    0x00004892   0x00000002   PAD
    0x00004894   0x0000003c   Code   RO          764    i._ZN4mbed6StreamC2EPKc  mbed.ar(Stream.o)
    0x000048d0   0x00000020   Code   RO          766    i._ZN4mbed6StreamD2Ev  mbed.ar(Stream.o)
    0x000048f0   0x00000004   Code   RO         1089    i._ZN4mbed8FileBase11getPathTypeEv  mbed.ar(FileBase.o)
    0x000048f4   0x0000003c   Code   RO         1091    i._ZN4mbed8FileBase6lookupEPKcj  mbed.ar(FileBase.o)
    0x00004930   0x00000024   Code   RO         1093    i._ZN4mbed8FileBaseC1EPKcNS_8PathTypeE  mbed.ar(FileBase.o)
    0x00004954   0x00000030   Code   RO         1095    i._ZN4mbed8FileBaseD1Ev  mbed.ar(FileBase.o)
    0x00004984   0x00000020   Code   RO          956    i._ZN4mbed8FileLikeC2EPKc  mbed.ar(FileLike.o)
    0x000049a4   0x00000010   Code   RO          958    i._ZN4mbed8FileLikeD2Ev  mbed.ar(FileLike.o)
    0x000049b4   0x00000010   Code   RO          979    i._ZN4mbed8FilePath10fileSystemEv  mbed.ar(FilePath.o)
    0x000049c4   0x00000010   Code   RO          980    i._ZN4mbed8FilePath12isFileSystemEv  mbed.ar(FilePath.o)
    0x000049d4   0x00000016   Code   RO          981    i._ZN4mbed8FilePath4fileEv  mbed.ar(FilePath.o)
    0x000049ea   0x00000014   Code   RO          982    i._ZN4mbed8FilePath6isFileEv  mbed.ar(FilePath.o)
    0x000049fe   0x00000004   Code   RO          983    i._ZN4mbed8FilePath8fileNameEv  mbed.ar(FilePath.o)
    0x00004a02   0x0000004c   Code   RO          984    i._ZN4mbed8FilePathC1EPKc  mbed.ar(FilePath.o)
    0x00004a4e   0x0000000c   Code   RO          302    i._ZN4mbed9DigitalIn4readEv  stalker3_0_hw.o
    0x00004a5a   0x00000014   Code   RO          308    i._ZN4mbed9DigitalInC1E7PinName  stalker3_0_hw.o
    0x00004a6e   0x00000010   Code   RO          407    i._ZSt6strchrPci    iot_mbed.o
    0x00004a7e   0x00000030   Code   RO         1912    i.__ARM_common_ll_muluu  c_p.l(btod.o)
    0x00004aae   0x0000001a   Code   RO          512    i.__ARM_common_switch8  system_LPC11Uxx.o
    0x00004ac8   0x0000002c   Code   RO         1975    i.__ARM_fpclassify  m_ps.l(fpclassify.o)
    0x00004af4   0x0000002c   Code   RO         1333    i.__aeabi_atexit    cpprt_p.l(aeabi_atexit.o)
    0x00004b20   0x00000020   Code   RO         1336    i.__aeabi_vec_ctor_nocookie_nodtor  cpprt_p.l(aeabi_vec_ctor_nocookie_nodtor.o)
    0x00004b40   0x00000042   Code   RO         1726    i.__cxa_finalize    cpprt_p.l(cxa_finalize.o)
    0x00004b82   0x0000000a   Code   RO         1330    i.__cxa_pure_virtual  cpprt_p.l(pure_virt.o)
    0x00004b8c   0x00000010   Code   RO          514    i.__user_setup_stackheap  sys.o
    0x00004b9c   0x0000000e   Code   RO         1233    i._is_digit         c_p.l(__printf_wp.o)
    0x00004baa   0x00000002   PAD
    0x00004bac   0x0000002c   Code   RO          654    i._sys_close        mbed.ar(stdio.o)
    0x00004bd8   0x00000028   Code   RO          657    i._sys_flen         mbed.ar(stdio.o)
    0x00004c00   0x00000028   Code   RO          658    i._sys_istty        mbed.ar(stdio.o)
    0x00004c28   0x000000f8   Code   RO          659    i._sys_open         mbed.ar(stdio.o)
    0x00004d20   0x00000040   Code   RO          660    i._sys_read         mbed.ar(stdio.o)
    0x00004d60   0x00000028   Code   RO          661    i._sys_seek         mbed.ar(stdio.o)
    0x00004d88   0x00000058   Code   RO          662    i._sys_write        mbed.ar(stdio.o)
    0x00004de0   0x00000038   Code   RO          532    i.adc_read          mbed.ar(analogin_api.o)
    0x00004e18   0x00000036   Code   RO          533    i.adc_read_u32      mbed.ar(analogin_api.o)
    0x00004e4e   0x00000002   PAD
    0x00004e50   0x00000078   Code   RO          534    i.analogin_init     mbed.ar(analogin_api.o)
    0x00004ec8   0x00000012   Code   RO          536    i.analogin_read_u16  mbed.ar(analogin_api.o)
    0x00004eda   0x00000018   Code   RO         1070    i.exit              mbed.ar(exit.o)
    0x00004ef2   0x0000001c   Code   RO         1257    i.fgetc             c_p.l(fgetc.o)
    0x00004f0e   0x0000001e   Code   RO         1263    i.fputc             c_p.l(fputc.o)
    0x00004f2c   0x0000001e   Code   RO          549    i.gpio_dir          mbed.ar(gpio_api.o)
    0x00004f4a   0x00000002   PAD
    0x00004f4c   0x00000060   Code   RO          550    i.gpio_init         mbed.ar(gpio_api.o)
    0x00004fac   0x0000000e   Code   RO          551    i.gpio_mode         mbed.ar(gpio_api.o)
    0x00004fba   0x00000002   PAD
    0x00004fbc   0x0000003c   Code   RO          552    i.gpio_set          mbed.ar(gpio_api.o)
    0x00004ff8   0x00000010   Code   RO         1119    i.gpio_write        mbed.ar(board.o)
    0x00005008   0x00000010   Code   RO          848    i.i2c_clear_SI      mbed.ar(i2c_api.o)
    0x00005018   0x00000018   Code   RO          849    i.i2c_conclr        mbed.ar(i2c_api.o)
    0x00005030   0x00000018   Code   RO          850    i.i2c_conset        mbed.ar(i2c_api.o)
    0x00005048   0x0000001a   Code   RO          852    i.i2c_do_write      mbed.ar(i2c_api.o)
    0x00005062   0x00000002   PAD
    0x00005064   0x0000001c   Code   RO          853    i.i2c_frequency     mbed.ar(i2c_api.o)
    0x00005080   0x000000a8   Code   RO          854    i.i2c_init          mbed.ar(i2c_api.o)
    0x00005128   0x0000003e   Code   RO          862    i.i2c_start         mbed.ar(i2c_api.o)
    0x00005166   0x00000020   Code   RO          863    i.i2c_stop          mbed.ar(i2c_api.o)
    0x00005186   0x00000002   PAD
    0x00005188   0x00000024   Code   RO          864    i.i2c_wait_SI       mbed.ar(i2c_api.o)
    0x000051ac   0x00000074   Code   RO          865    i.i2c_write         mbed.ar(i2c_api.o)
    0x00005220   0x00000078   Code   RO         1120    i.mbed_die          mbed.ar(board.o)
    0x00005298   0x00000008   Code   RO         1127    i.mbed_interface_connected  mbed.ar(mbed_interface.o)
    0x000052a0   0x0000000e   Code   RO          537    i.order             mbed.ar(analogin_api.o)
    0x000052ae   0x00000002   PAD
    0x000052b0   0x00000028   Code   RO          891    i.pin_function      mbed.ar(pinmap.o)
    0x000052d8   0x00000038   Code   RO          892    i.pin_mode          mbed.ar(pinmap.o)
    0x00005310   0x00000038   Code   RO          946    i.pinmap_merge      mbed.ar(pinmap_common.o)
    0x00005348   0x0000004c   Code   RO          947    i.pinmap_peripheral  mbed.ar(pinmap_common.o)
    0x00005394   0x00000050   Code   RO          948    i.pinmap_pinout     mbed.ar(pinmap_common.o)
    0x000053e4   0x0000000c   Code   RO         1148    i.semihost_connected  mbed.ar(semihost_api.o)
    0x000053f0   0x0000000c   Code   RO         1151    i.semihost_exit     mbed.ar(semihost_api.o)
    0x000053fc   0x0000012c   Code   RO          899    i.serial_baud       mbed.ar(serial_api.o)
    0x00005528   0x000000f0   Code   RO          901    i.serial_format     mbed.ar(serial_api.o)
    0x00005618   0x0000000e   Code   RO          903    i.serial_getc       mbed.ar(serial_api.o)
    0x00005626   0x00000002   PAD
    0x00005628   0x000000f4   Code   RO          904    i.serial_init       mbed.ar(serial_api.o)
    0x0000571c   0x00000014   Code   RO          905    i.serial_irq_handler  mbed.ar(serial_api.o)
    0x00005730   0x00000016   Code   RO          908    i.serial_putc       mbed.ar(serial_api.o)
    0x00005746   0x0000000a   Code   RO          909    i.serial_readable   mbed.ar(serial_api.o)
    0x00005750   0x0000000a   Code   RO          910    i.serial_writable   mbed.ar(serial_api.o)
    0x0000575a   0x00000002   PAD
    0x0000575c   0x0000000c   Code   RO          931    i.us_ticker_clear_interrupt  mbed.ar(us_ticker.o)
    0x00005768   0x00000010   Code   RO          932    i.us_ticker_disable_interrupt  mbed.ar(us_ticker.o)
    0x00005778   0x0000005c   Code   RO          933    i.us_ticker_init    mbed.ar(us_ticker.o)
    0x000057d4   0x00000040   Code   RO         1077    i.us_ticker_irq_handler  mbed.ar(us_ticker_api.o)
    0x00005814   0x0000001c   Code   RO          934    i.us_ticker_read    mbed.ar(us_ticker.o)
    0x00005830   0x00000014   Code   RO          935    i.us_ticker_set_interrupt  mbed.ar(us_ticker.o)
    0x00005844   0x0000001c   Code   RO          560    i.wait              mbed.ar(wait_api.o)
    0x00005860   0x0000000e   Code   RO          561    i.wait_ms           mbed.ar(wait_api.o)
    0x0000586e   0x00000016   Code   RO          562    i.wait_us           mbed.ar(wait_api.o)
    0x00005884   0x0000002c   Code   RO         1917    locale$$code        c_p.l(lc_numeric_c.o)
    0x000058b0   0x0000002c   Code   RO         2002    locale$$code        c_p.l(lc_ctype_c.o)
    0x000058dc   0x0000008c   Code   RO         1454    x$fpl$fadd          fz_ps.l(faddsub.o)
    0x00005968   0x00000054   Code   RO         1465    x$fpl$fleqf         fz_ps.l(flef.o)
    0x000059bc   0x00000058   Code   RO         1469    x$fpl$frleqf        fz_ps.l(frlef.o)
    0x00005a14   0x000000d0   Code   RO         1456    x$fpl$fsub          fz_ps.l(faddsub.o)
    0x00005ae4   0x00000010   Code   RO         1741    x$fpl$printf1       fz_ps.l(printf1.o)
    0x00005af4   0x00000000   Code   RO         1745    x$fpl$usenofp       fz_ps.l(usenofp.o)
    0x00005af4   0x00000041   Data   RO          391    .constdata          iot_mbed.o
    0x00005b35   0x00000003   PAD
    0x00005b38   0x0000006c   Data   RO          538    .constdata          mbed.ar(analogin_api.o)
    0x00005ba4   0x00000017   Data   RO          698    .constdata          mbed.ar(stdio.o)
    0x00005bbb   0x00000001   PAD
    0x00005bbc   0x00000050   Data   RO          866    .constdata          mbed.ar(i2c_api.o)
    0x00005c0c   0x00000060   Data   RO          912    .constdata          mbed.ar(serial_api.o)
    0x00005c6c   0x00000028   Data   RO         1221    .constdata          c_p.l(_printf_hex_int_ll_ptr.o)
    0x00005c94   0x00000011   Data   RO         1241    .constdata          c_p.l(__printf_flags_ss_wp.o)
    0x00005ca5   0x00000080   Data   RO         1442    .constdata          fz_ps.l(ddiv.o)
    0x00005d25   0x00000040   Data   RO         1461    .constdata          fz_ps.l(fdiv.o)
    0x00005d65   0x00000003   PAD
    0x00005d68   0x00000008   Data   RO         1567    .constdata          c_p.l(_printf_wctomb.o)
    0x00005d70   0x00000094   Data   RO         1908    .constdata          c_p.l(bigflt0.o)
    0x00005e04   0x0000002c   Data   RO          742    .constdata__ZTVN4mbed10FileHandleE  mbed.ar(stdio.o)
    0x00005e30   0x00000044   Data   RO          633    .constdata__ZTVN4mbed6SerialE  mbed.ar(Serial.o)
    0x00005e74   0x00000044   Data   RO          810    .constdata__ZTVN4mbed6StreamE  mbed.ar(Stream.o)
    0x00005eb8   0x00000010   Data   RO         1114    .constdata__ZTVN4mbed8FileBaseE  mbed.ar(FileBase.o)
    0x00005ec8   0x0000003c   Data   RO          974    .constdata__ZTVN4mbed8FileLikeE  mbed.ar(FileLike.o)
    0x00005f04   0x00000020   Data   RO         2062    Region$$Table       anon$$obj.o
    0x00005f24   0x0000001c   Data   RO         1916    locale$$data        c_p.l(lc_numeric_c.o)
    0x00005f40   0x00000110   Data   RO         2001    locale$$data        c_p.l(lc_ctype_c.o)
    0x00006050   0x00000004   Data   RO            7    .init_array         main.o
    0x00006054   0x00000004   Data   RO          280    .init_array         stalker3_0_hw.o
    0x00006058   0x00000004   Data   RO          471    .init_array         i2c_uart.o


    Execution Region RW_IRAM1 (Base: 0x100000c0, Size: 0x000004d4, Max: 0x00000f40, ABSOLUTE)

    Base Addr    Size         Type   Attr      Idx    E Section Name        Object

    0x100000c0   0x00000003   Data   RW            6    .data               main.o
    0x100000c3   0x00000002   Data   RW          279    .data               stalker3_0_hw.o
    0x100000c5   0x00000003   PAD
    0x100000c8   0x00000008   Data   RW          470    .data               i2c_uart.o
    0x100000d0   0x00000004   Data   RW          507    .data               system_LPC11Uxx.o
    0x100000d4   0x00000004   Data   RW          521    .data               cmsis_nvic.o
    0x100000d8   0x00000004   Data   RW          553    .data               mbed.ar(gpio_api.o)
    0x100000dc   0x00000004   Data   RW          586    .data               mbed.ar(I2C.o)
    0x100000e0   0x00000004   Data   RW          699    .data               mbed.ar(stdio.o)
    0x100000e4   0x00000014   Data   RW          913    .data               mbed.ar(serial_api.o)
    0x100000f8   0x00000004   Data   RW          936    .data               mbed.ar(us_ticker.o)
    0x100000fc   0x00000008   Data   RW         1080    .data               mbed.ar(us_ticker_api.o)
    0x10000104   0x00000004   Data   RW         1103    .data               mbed.ar(FileBase.o)
    0x10000108   0x00000004   Data   RW         1164    .data               mbed.ar(semihost_api.o)
    0x1000010c   0x00000004   Data   RW         1275    .data               c_p.l(stdio_streams.o)
    0x10000110   0x00000004   Data   RW         1276    .data               c_p.l(stdio_streams.o)
    0x10000114   0x00000004   Data   RW         1277    .data               c_p.l(stdio_streams.o)
    0x10000118   0x00000004   Data   RW         1936    .data               c_p.l(heapauxa.o)
    0x1000011c   0x0000012c   Zero   RW            5    .bss                main.o
    0x10000248   0x00000108   Zero   RW          278    .bss                stalker3_0_hw.o
    0x10000350   0x000000e6   Zero   RW          390    .bss                iot_mbed.o
    0x10000436   0x00000002   PAD
    0x10000438   0x00000040   Zero   RW          697    .bss                mbed.ar(stdio.o)
    0x10000478   0x00000054   Zero   RW         1272    .bss                c_p.l(stdio_streams.o)
    0x100004cc   0x00000054   Zero   RW         1273    .bss                c_p.l(stdio_streams.o)
    0x10000520   0x00000054   Zero   RW         1274    .bss                c_p.l(stdio_streams.o)
    0x10000574   0x00000004   Zero   RW         1484    .bss                c_p.l(rt_ddtor_pointer_addr.o)
    0x10000578   0x00000004   Zero   RW         1769    .bss                c_p.l(rt_heap_descriptor.o)
    0x1000057c   0x00000014   Zero   RW         1888    .bss                c_p.l(rt_locale.o)
    0x10000590   0x00000004   Zero   RW         1893    .bss                c_p.l(rt_errno_addr.o)


==============================================================================

Image component sizes


      Code (inc. data)   RO Data    RW Data    ZI Data      Debug   Object Name

        56         10          0          4          0         76   cmsis_nvic.o
        76         10          4          8          0        770   i2c_uart.o
      1852        760         65          0        230       6143   iot_mbed.o
       660        332          4          3        300      25291   main.o
       730         74          4          2        264      10159   stalker3_0_hw.o
        40         12        512          0          0        228   startup_LPC11xx.o
        16          6          0          0          0         60   sys.o
       194         14          0          4          0        148   system_LPC11Uxx.o

    ----------------------------------------------------------------------
      3624       1218        624         24        796      42875   Object Totals
         0          0         32          0          0          0   (incl. Generated)
         0          0          3          3          2          0   (incl. Padding)

    ----------------------------------------------------------------------

      Code (inc. data)   RO Data    RW Data    ZI Data      Debug   Library Member Name

        64         10          0          0          0         84   __0sscanf.o
        22          0          0          0          0         84   __2fprintf.o
        44          4          0          0          0         84   __2sprintf.o
         8          0          0          0          0         68   __main.o
       392          6         17          0          0         76   __printf_flags_ss_wp.o
        14          0          0          0          0         60   __printf_wp.o
        60          8          0          0          0          0   __scatter.o
        26          0          0          0          0          0   __scatter_copy.o
        28          0          0          0          0          0   __scatter_zi.o
        30          0          0          0          0         60   _chval.o
        10          0          0          0          0          0   _printf_a.o
        10          0          0          0          0          0   _printf_c.o
        46          0          0          0          0        100   _printf_char.o
        48          6          0          0          0         88   _printf_char_common.o
        40          6          0          0          0         72   _printf_char_file.o
        40          0          0          0          0         60   _printf_charcount.o
        10          0          0          0          0          0   _printf_d.o
       108         18          0          0          0         76   _printf_dec.o
        10          0          0          0          0          0   _printf_e.o
        10          0          0          0          0          0   _printf_f.o
      1044         12          0          0          0        172   _printf_fp_dec.o
       136         16          0          0          0         76   _printf_fp_infnan.o
        10          0          0          0          0          0   _printf_g.o
       152          4         40          0          0        148   _printf_hex_int_ll_ptr.o
        10          0          0          0          0          0   _printf_i.o
       176          0          0          0          0         80   _printf_intcommon.o
        10          0          0          0          0          0   _printf_l.o
        10          0          0          0          0          0   _printf_lc.o
        10          0          0          0          0          0   _printf_ll.o
        10          0          0          0          0          0   _printf_lld.o
        10          0          0          0          0          0   _printf_lli.o
        10          0          0          0          0          0   _printf_llo.o
        10          0          0          0          0          0   _printf_llu.o
        10          0          0          0          0          0   _printf_llx.o
       112         18          0          0          0         76   _printf_longlong_dec.o
        10          0          0          0          0          0   _printf_ls.o
        10          0          0          0          0          0   _printf_n.o
        10          0          0          0          0          0   _printf_o.o
       112         10          0          0          0        112   _printf_oct_int_ll.o
        10          0          0          0          0          0   _printf_p.o
        78          0          0          0          0        100   _printf_pad.o
         2          0          0          0          0          0   _printf_percent.o
         4          0          0          0          0          0   _printf_percent_end.o
        10          0          0          0          0          0   _printf_s.o
        82          0          0          0          0         72   _printf_str.o
        36          0          0          0          0         76   _printf_truncate.o
        10          0          0          0          0          0   _printf_u.o
        46          0          0          0          0        100   _printf_wchar.o
       188          6          8          0          0         80   _printf_wctomb.o
        10          0          0          0          0          0   _printf_x.o
       908         16          0          0          0         84   _scanf.o
       330          0          0          0          0         80   _scanf_int.o
        68          0          0          0          0         76   _sgetc.o
        10          0          0          0          0         60   _sputc.o
        68          0          0          0          0         72   _wcrtomb.o
       346          0          0          0          0         92   aeabi_sdiv.o
       204          4        148          0          0         80   bigflt0.o
      1240         12          0          0          0        316   btod.o
        14          0          0          0          0         68   c89vfprintf.o
        12          0          0          0          0         68   defsig_exit.o
        52          0          0          0          0         72   defsig_general.o
        48         34          0          0          0         68   defsig_pvfn_inner.o
        12          0          0          0          0         68   defsig_pvfn_outer.o
        80         58          0          0          0         68   defsig_rtmem_inner.o
        12          0          0          0          0         68   defsig_rtmem_outer.o
        52         38          0          0          0         68   defsig_rtred_inner.o
        12          0          0          0          0         68   defsig_rtred_outer.o
        76          4          0          0          0         76   fclose.o
         8          0          0          0          0         60   ferror.o
       104          4          0          0          0        100   fflush.o
        28          0          0          0          0         68   fgetc.o
       596         14          0          0          0        120   filbuf.o
       496         10          0          0          0         76   flsbuf.o
        56         10          0          0          0         72   flushlinebuffered.o
       232          8          0          0          0        108   fopen.o
        30          0          0          0          0         68   fputc.o
       244          4          0          0          0         76   fseek.o
        66          0          0          0          0         68   ftell.o
        98          0          0          0          0         72   h1_alloc.o
        52          0          0          0          0         68   h1_extend.o
        76          0          0          0          0         72   h1_free.o
        14          0          0          0          0         76   h1_init.o
        80          4          0          4          0         88   heapauxa.o
         4          0          0          0          0        120   hguard.o
         0          0          0          0          0          0   indicate_semi.o
        36         10          0          0          0         72   init_aeabi.o
       136          0          0          0          0        160   init_alloc.o
       316         44          0          0          0         96   initio.o
        18          0          0          0          0         68   isspace.o
        44         10        272          0          0         76   lc_ctype_c.o
        44         10         28          0          0         76   lc_numeric_c.o
         2          0          0          0          0          0   libinit.o
        50          0          0          0          0          0   libinit2.o
         6          0          0          0          0          0   libshutdown2.o
       122          0          0          0          0         72   lludiv10.o
         0          0          0          0          0          0   maybetermalloc1.o
        16          4          0          0          0         76   rt_ctype_table.o
         8          4          0          0          4         68   rt_ddtor_pointer_addr.o
         8          4          0          0          4         68   rt_errno_addr.o
         8          4          0          0          4         68   rt_heap_descriptor.o
         8          4          0          0         20         68   rt_locale.o
        64          0          0          0          0        108   rt_memclr.o
       186          0          0          0          0        144   rt_memcpy.o
         0          0          0          0          0          0   rtentry.o
        12          0          0          0          0          0   rtentry2.o
         6          0          0          0          0          0   rtentry4.o
        40          0          0          0          0         60   rtudiv10.o
        48          8          0          0          0         84   scanf_char.o
        26          0          0          0          0         68   setbuf.o
        76          4          0          0          0         72   setvbuf.o
       240          8          0          0          0        144   stdio.o
         0          0          0         12        252          0   stdio_streams.o
        20          0          0          0          0         60   strchr.o
       136          4          0          0          0         72   strcmp.o
        76          6          0          0          0         72   strcpy.o
        68          6          0          0          0         72   strlen.o
       160          6          0          0          0         76   strncmp.o
        40          0          0          0          0         72   strstr.o
        12          4          0          0          0         60   sys_exit.o
        12          0          0          0          0         68   sys_wrch.o
         2          0          0          0          0         68   use_no_semi.o
        44          0          0          0          0         76   aeabi_atexit.o
        32          0          0          0          0         80   aeabi_vec_ctor_nocookie_nodtor.o
        66          0          0          0          0         76   cxa_finalize.o
        10          0          0          0          0         68   pure_virt.o
        48          6          0          0          0         60   cmpret.o
       124          4          0          0          0         72   d2f.o
      1100         28        128          0          0        112   ddiv.o
       108         12          0          0          0         72   dfixi.o
        88          0          0          0          0         92   dflti.o
       600         22          0          0          0         80   dmul.o
        92         12          0          0          0         72   dscalbn.o
        88          6          0          0          0         60   f2d.o
       348          8          0          0          0        160   faddsub.o
       100          4          0          0          0         68   fcmpin.o
       352          8         64          0          0         88   fdiv.o
        94          0          0          0          0         92   fflti.o
        84          4          0          0          0         76   flef.o
        16          6          0          0          0         68   fnan2.o
        88          4          0          0          0         76   frlef.o
        16          4          0          0          0         76   printf1.o
        94          0          0          0          0         68   retnan.o
         0          0          0          0          0          0   usenofp.o
        44          6          0          0          0         60   fpclassify.o
       148         24         16          4          0        252   FileBase.o
        48          8         60          0          0        136   FileLike.o
       154          0          0          0          0        404   FilePath.o
        34          0          0          0          0        120   FunctionPointer.o
        94         12          0          4          0        220   I2C.o
       154         14         68          0          0        548   Serial.o
       230         20         68          0          0        692   Stream.o
       122          6          0          0          0        476   Timer.o
       262         34        108          0          0        332   analogin_api.o
       136          0          0          0          0        128   board.o
        24          0          0          0          0         64   exit.o
       200         20          0          4          0        272   gpio_api.o
       532         50         80          0          0        704   i2c_api.o
         8          0          0          0          0         68   mbed_interface.o
        96          8          0          0          0        128   pinmap.o
       212         86          0          0          0        196   pinmap_common.o
        24          6          0          4          0        132   semihost_api.o
       860        210         96         20          0        536   serial_api.o
       694         78         67          4         64        672   stdio.o
       168         52          0          4          0        320   us_ticker.o
        64          6          0          8          0         68   us_ticker_api.o
        64          4          0          0          0        208   wait_api.o

    ----------------------------------------------------------------------
     19148       1256       1272         68        348      15564   Library Totals
        52          0          4          0          0          0   (incl. Padding)

    ----------------------------------------------------------------------

      Code (inc. data)   RO Data    RW Data    ZI Data      Debug   Library Name

     11132        484        513         16        284       7136   c_p.l
       152          0          0          0          0        300   cpprt_p.l
      3440        128        192          0          0       1392   fz_ps.l
        44          6          0          0          0         60   m_ps.l
      4328        638        563         52         64       6676   mbed.ar

    ----------------------------------------------------------------------
     19148       1256       1272         68        348      15564   Library Totals

    ----------------------------------------------------------------------

==============================================================================


      Code (inc. data)   RO Data    RW Data    ZI Data      Debug   

     22772       2474       1896         92       1144      48719   Grand Totals
     22772       2474       1896         92       1144      48719   ELF Image Totals
     22772       2474       1896         92          0          0   ROM Totals

==============================================================================

    Total RO  Size (Code + RO Data)                24668 (  24.09kB)
    Total RW  Size (RW Data + ZI Data)              1236 (   1.21kB)
    Total ROM Size (Code + RO Data + RW Data)      24760 (  24.18kB)

==============================================================================

