ARM Linker, 5.03 [Build 24] [MDK-ARM Lite]

==============================================================================

Section Cross References

    main.o(.text) refers to wait_api.o(i.wait_ms) for wait_ms
    main.o(.text) refers to Serial.o(i._ZN4mbed6Serial4baudEi) for mbed::Serial::baud(int)
    main.o(.text) refers to stalker3_0_hw.o(.text) for IOT_HW::init()
    main.o(.text) refers to wait_api.o(i.wait) for wait
    main.o(.text) refers to iot_mbed.o(.text) for IOT_Mbed::init(char*, char*)
    main.o(.text) refers to Serial.o(i._ZN4mbed6SerialC1E7PinNameS1_PKc) for mbed::Serial::Serial(PinName, PinName, const char*)
    main.o(.text) refers to aeabi_atexit.o(i.__aeabi_atexit) for __aeabi_atexit
    main.o(.text) refers to Timer.o(i._ZN4mbed5TimerC1Ev) for mbed::Timer::Timer()
    main.o(.text) refers to main.o(.bss) for serial1
    main.o(.text) refers to stalker3_0_hw.o(.data) for iot_hw
    main.o(.text) refers to iot_mbed.o(.bss) for IOT
    main.o(.text) refers to Serial.o(i._ZN4mbed6SerialD1Ev) for mbed::Serial::~Serial()
    main.o(.ARM.exidx) refers to main.o(.text) for .text
    main.o(.init_array) refers to main.o(.text) for __sti___8_main_cpp
    main.o(.init_array) refers to init_aeabi.o(.text) for __cpp_initialize__aeabi_
    stalker3_0_hw.o(.text) refers to stalker3_0_hw.o(i._ZN4mbed10DigitalOutaSEi) for mbed::DigitalOut::operator =(int)
    stalker3_0_hw.o(.text) refers to wait_api.o(i.wait) for wait
    stalker3_0_hw.o(.text) refers to iot_mbed.o(.text) for IOT_Mbed::waitString(const char*, int)
    stalker3_0_hw.o(.text) refers to gpio_api.o(i.gpio_dir) for gpio_dir
    stalker3_0_hw.o(.text) refers to gpio_api.o(i.gpio_mode) for gpio_mode
    stalker3_0_hw.o(.text) refers to stalker3_0_hw.o(i._ZN4mbed9DigitalIn4readEv) for mbed::DigitalIn::read()
    stalker3_0_hw.o(.text) refers to analogin_api.o(i.analogin_read_u16) for analogin_read_u16
    stalker3_0_hw.o(.text) refers to fflti.o(.text) for __aeabi_ui2f
    stalker3_0_hw.o(.text) refers to f2d.o(.text) for __aeabi_f2d
    stalker3_0_hw.o(.text) refers to ddiv.o(.text) for __aeabi_ddiv
    stalker3_0_hw.o(.text) refers to dmul.o(.text) for __aeabi_dmul
    stalker3_0_hw.o(.text) refers to d2f.o(.text) for __aeabi_d2f
    stalker3_0_hw.o(.text) refers to stalker3_0_hw.o(i._ZN4mbed10DigitalOutC1E7PinName) for mbed::DigitalOut::DigitalOut(PinName)
    stalker3_0_hw.o(.text) refers to gpio_api.o(i.gpio_init) for gpio_init
    stalker3_0_hw.o(.text) refers to stalker3_0_hw.o(i._ZN4mbed9DigitalInC1E7PinName) for mbed::DigitalIn::DigitalIn(PinName)
    stalker3_0_hw.o(.text) refers to analogin_api.o(i.analogin_init) for analogin_init
    stalker3_0_hw.o(.text) refers to stalker3_0_hw.o(.bss) for eg10_on
    stalker3_0_hw.o(.text) refers to iot_mbed.o(.bss) for IOT
    stalker3_0_hw.o(.text) refers to stalker3_0_hw.o(.data) for vol_bat
    stalker3_0_hw.o(.ARM.exidx) refers to stalker3_0_hw.o(.text) for .text
    stalker3_0_hw.o(.init_array) refers to stalker3_0_hw.o(.text) for __sti___17_Stalker3_0_hw_cpp
    stalker3_0_hw.o(.init_array) refers to init_aeabi.o(.text) for __cpp_initialize__aeabi_
    iot_mbed.o(.text) refers to _scanf_int.o(.text) for _scanf_int
    iot_mbed.o(.text) refers to _printf_percent.o(.ARM.Collect$$_printf_percent$$00000000) for _printf_percent
    iot_mbed.o(.text) refers to _printf_s.o(.ARM.Collect$$_printf_percent$$00000014) for _printf_s
    iot_mbed.o(.text) refers to _printf_str.o(.text) for _printf_str
    iot_mbed.o(.text) refers to _printf_d.o(.ARM.Collect$$_printf_percent$$00000009) for _printf_d
    iot_mbed.o(.text) refers to _printf_dec.o(.text) for _printf_int_dec
    iot_mbed.o(.text) refers to strlen.o(.text) for strlen
    iot_mbed.o(.text) refers to Timer.o(i._ZN4mbed5Timer5startEv) for mbed::Timer::start()
    iot_mbed.o(.text) refers to Serial.o(i._ZN4mbed6Serial8readableEv) for mbed::Serial::readable()
    iot_mbed.o(.text) refers to Stream.o(i._ZN4mbed6Stream4getcEv) for mbed::Stream::getc()
    iot_mbed.o(.text) refers to fflti.o(.text) for __aeabi_i2f
    iot_mbed.o(.text) refers to Timer.o(i._ZN4mbed5Timer4readEv) for mbed::Timer::read()
    iot_mbed.o(.text) refers to frlef.o(x$fpl$frleqf) for __aeabi_cfrcmple
    iot_mbed.o(.text) refers to Timer.o(i._ZN4mbed5Timer4stopEv) for mbed::Timer::stop()
    iot_mbed.o(.text) refers to Timer.o(i._ZN4mbed5Timer5resetEv) for mbed::Timer::reset()
    iot_mbed.o(.text) refers to Stream.o(i._ZN4mbed6Stream6printfEPKcz) for mbed::Stream::printf(const char*, ...)
    iot_mbed.o(.text) refers to strstr.o(.text) for strstr
    iot_mbed.o(.text) refers to strncmp.o(.text) for strncmp
    iot_mbed.o(.text) refers to iot_mbed.o(i._ZSt6strchrPci) for std::strchr(char*, int)
    iot_mbed.o(.text) refers to __0sscanf.o(.text) for __0sscanf
    iot_mbed.o(.text) refers to rt_memcpy.o(.text) for __aeabi_memcpy
    iot_mbed.o(.text) refers to strcpy.o(.text) for strcpy
    iot_mbed.o(.text) refers to __2sprintf.o(.text) for __2sprintf
[...]
    __rt_lib_init_argv_1                     0x000002ab   Thumb Code     0  libinit2.o(.ARM.Collect$$libinit$$0000002A)
    __rt_lib_init_cpp_2                      0x000002ab   Thumb Code     0  libinit2.o(.ARM.Collect$$libinit$$0000002F)
    __rt_lib_init_exceptions_1               0x000002ab   Thumb Code     0  libinit2.o(.ARM.Collect$$libinit$$0000002E)
    __rt_lib_init_stdio_1                    0x000002ab   Thumb Code     0  libinit2.o(.ARM.Collect$$libinit$$00000023)
    __rt_lib_init_cpp_1                      0x000002af   Thumb Code     0  libinit2.o(.ARM.Collect$$libinit$$00000030)
    __rt_lib_init_return                     0x000002af   Thumb Code     0  libinit2.o(.ARM.Collect$$libinit$$00000031)
    __rt_lib_shutdown_cpp_1                  0x000002b1   Thumb Code     0  libshutdown2.o(.ARM.Collect$$libshutdown$$00000001)
    __rt_entry                               0x000002b7   Thumb Code     0  rtentry.o(.ARM.Collect$$rtentry$$00000000)
    __rt_entry_presh_1                       0x000002b7   Thumb Code     0  rtentry2.o(.ARM.Collect$$rtentry$$00000002)
    __rt_entry_sh                            0x000002b7   Thumb Code     0  rtentry4.o(.ARM.Collect$$rtentry$$00000004)
    __rt_lib_shutdown_stdio_2                0x000002b7   Thumb Code     0  libshutdown2.o(.ARM.Collect$$libshutdown$$00000003)
    __rt_entry_li                            0x000002bd   Thumb Code     0  rtentry2.o(.ARM.Collect$$rtentry$$0000000A)
    __rt_entry_postsh_1                      0x000002bd   Thumb Code     0  rtentry2.o(.ARM.Collect$$rtentry$$00000009)
    __rt_entry_main                          0x000002c1   Thumb Code     0  rtentry2.o(.ARM.Collect$$rtentry$$0000000D)
    __rt_entry_postli_1                      0x000002c1   Thumb Code     0  rtentry2.o(.ARM.Collect$$rtentry$$0000000C)
    Reset_Handler                            0x000002c9   Thumb Code     8  startup_LPC11xx.o(.text)
    _maybe_terminate_alloc                   0x000002c9   Thumb Code     0  maybetermalloc1.o(.emb_text)
    HardFault_Handler                        0x000002d1   Thumb Code     2  startup_LPC11xx.o(.text)
    MemManage_Handler                        0x000002d3   Thumb Code     2  startup_LPC11xx.o(.text)
    BusFault_Handler                         0x000002d5   Thumb Code     2  startup_LPC11xx.o(.text)
    UsageFault_Handler                       0x000002d7   Thumb Code     2  startup_LPC11xx.o(.text)
    SVC_Handler                              0x000002d9   Thumb Code     2  startup_LPC11xx.o(.text)
    DebugMon_Handler                         0x000002db   Thumb Code     2  startup_LPC11xx.o(.text)
    PendSV_Handler                           0x000002dd   Thumb Code     2  startup_LPC11xx.o(.text)
    SysTick_Handler                          0x000002df   Thumb Code     2  startup_LPC11xx.o(.text)
    Reserved_IRQHandler                      0x000002e1   Thumb Code     2  startup_LPC11xx.o(.text)
    ADC_IRQHandler                           0x000002e3   Thumb Code     0  startup_LPC11xx.o(.text)
    BOD_IRQHandler                           0x000002e3   Thumb Code     0  startup_LPC11xx.o(.text)
    FLEX_INT0_IRQHandler                     0x000002e3   Thumb Code     0  startup_LPC11xx.o(.text)
    FLEX_INT1_IRQHandler                     0x000002e3   Thumb Code     0  startup_LPC11xx.o(.text)
    FLEX_INT2_IRQHandler                     0x000002e3   Thumb Code     0  startup_LPC11xx.o(.text)
    FLEX_INT3_IRQHandler                     0x000002e3   Thumb Code     0  startup_LPC11xx.o(.text)
    FLEX_INT4_IRQHandler                     0x000002e3   Thumb Code     0  startup_LPC11xx.o(.text)
    FLEX_INT5_IRQHandler                     0x000002e3   Thumb Code     0  startup_LPC11xx.o(.text)
    FLEX_INT6_IRQHandler                     0x000002e3   Thumb Code     0  startup_LPC11xx.o(.text)
    FLEX_INT7_IRQHandler                     0x000002e3   Thumb Code     0  startup_LPC11xx.o(.text)
    FMC_IRQHandler                           0x000002e3   Thumb Code     0  startup_LPC11xx.o(.text)
    GINT0_IRQHandler                         0x000002e3   Thumb Code     0  startup_LPC11xx.o(.text)
    GINT1_IRQHandler                         0x000002e3   Thumb Code     0  startup_LPC11xx.o(.text)
    I2C_IRQHandler                           0x000002e3   Thumb Code     0  startup_LPC11xx.o(.text)
    NMI_Handler                              0x000002e3   Thumb Code     0  startup_LPC11xx.o(.text)
    SSP0_IRQHandler                          0x000002e3   Thumb Code     0  startup_LPC11xx.o(.text)
    SSP1_IRQHandler                          0x000002e3   Thumb Code     0  startup_LPC11xx.o(.text)
    TIMER16_0_IRQHandler                     0x000002e3   Thumb Code     0  startup_LPC11xx.o(.text)
    TIMER16_1_IRQHandler                     0x000002e3   Thumb Code     0  startup_LPC11xx.o(.text)
    TIMER32_0_IRQHandler                     0x000002e3   Thumb Code     0  startup_LPC11xx.o(.text)
    TIMER32_1_IRQHandler                     0x000002e3   Thumb Code     0  startup_LPC11xx.o(.text)
    UART_IRQHandler                          0x000002e3   Thumb Code     0  startup_LPC11xx.o(.text)
    USBWakeup_IRQHandler                     0x000002e3   Thumb Code     0  startup_LPC11xx.o(.text)
    USB_FIQHandler                           0x000002e3   Thumb Code     0  startup_LPC11xx.o(.text)
    USB_IRQHandler                           0x000002e3   Thumb Code     0  startup_LPC11xx.o(.text)
    WDT_IRQHandler                           0x000002e3   Thumb Code     0  startup_LPC11xx.o(.text)
    __c89vfprintf                            0x000002ed   Thumb Code    14  c89vfprintf.o(.text)
    __I$use$semihosting                      0x000002fb   Thumb Code     0  use_no_semi.o(.text)
    __use_no_semihosting_swi                 0x000002fb   Thumb Code     2  use_no_semi.o(.text)
    _printf_percent                          0x00000301   Thumb Code     0  _printf_percent.o(.ARM.Collect$$_printf_percent$$00000000)
    _printf_n                                0x00000303   Thumb Code     0  _printf_n.o(.ARM.Collect$$_printf_percent$$00000001)
    _printf_p                                0x0000030d   Thumb Code     0  _printf_p.o(.ARM.Collect$$_printf_percent$$00000002)
    _printf_f                                0x00000317   Thumb Code     0  _printf_f.o(.ARM.Collect$$_printf_percent$$00000003)
    _printf_e                                0x00000321   Thumb Code     0  _printf_e.o(.ARM.Collect$$_printf_percent$$00000004)
    _printf_g                                0x0000032b   Thumb Code     0  _printf_g.o(.ARM.Collect$$_printf_percent$$00000005)
    _printf_a                                0x00000335   Thumb Code     0  _printf_a.o(.ARM.Collect$$_printf_percent$$00000006)
    _printf_ll                               0x0000033f   Thumb Code     0  _printf_ll.o(.ARM.Collect$$_printf_percent$$00000007)
    _printf_i                                0x00000349   Thumb Code     0  _printf_i.o(.ARM.Collect$$_printf_percent$$00000008)
    _printf_d                                0x00000353   Thumb Code     0  _printf_d.o(.ARM.Collect$$_printf_percent$$00000009)
    _printf_u                                0x0000035d   Thumb Code     0  _printf_u.o(.ARM.Collect$$_printf_percent$$0000000A)
    _printf_o                                0x00000367   Thumb Code     0  _printf_o.o(.ARM.Collect$$_printf_percent$$0000000B)
    _printf_x                                0x00000371   Thumb Code     0  _printf_x.o(.ARM.Collect$$_printf_percent$$0000000C)
    _printf_lli                              0x0000037b   Thumb Code     0  _printf_lli.o(.ARM.Collect$$_printf_percent$$0000000D)
    _printf_lld                              0x00000385   Thumb Code     0  _printf_lld.o(.ARM.Collect$$_printf_percent$$0000000E)
    _printf_llu                              0x0000038f   Thumb Code     0  _printf_llu.o(.ARM.Collect$$_printf_percent$$0000000F)
    _printf_llo                              0x00000399   Thumb Code     0  _printf_llo.o(.ARM.Collect$$_printf_percent$$00000010)
    _printf_llx                              0x000003a3   Thumb Code     0  _printf_llx.o(.ARM.Collect$$_printf_percent$$00000011)
    _printf_l                                0x000003ad   Thumb Code     0  _printf_l.o(.ARM.Collect$$_printf_percent$$00000012)
    _printf_c                                0x000003b7   Thumb Code     0  _printf_c.o(.ARM.Collect$$_printf_percent$$00000013)
    _printf_s                                0x000003c1   Thumb Code     0  _printf_s.o(.ARM.Collect$$_printf_percent$$00000014)
    _printf_lc                               0x000003cb   Thumb Code     0  _printf_lc.o(.ARM.Collect$$_printf_percent$$00000015)
    _printf_ls                               0x000003d5   Thumb Code     0  _printf_ls.o(.ARM.Collect$$_printf_percent$$00000016)
    _printf_percent_end                      0x000003df   Thumb Code     0  _printf_percent_end.o(.ARM.Collect$$_printf_percent$$00000017)
    __aeabi_memcpy4                          0x000003e5   Thumb Code    56  rt_memcpy.o(.emb_text)
    __aeabi_memcpy8                          0x000003e5   Thumb Code     0  rt_memcpy.o(.emb_text)
    delay(int)                               0x0000041d   Thumb Code    12  main.o(.text)
    main                                     0x00000429   Thumb Code   108  main.o(.text)
    IOT_HW::EG10_ON()                        0x00000551   Thumb Code    30  stalker3_0_hw.o(.text)
    IOT_HW::EG10_PWRON()                     0x0000056f   Thumb Code    14  stalker3_0_hw.o(.text)
    IOT_HW::EG10_PWROFF()                    0x0000057d   Thumb Code    14  stalker3_0_hw.o(.text)
    IOT_HW::init_io()                        0x0000058b   Thumb Code    22  stalker3_0_hw.o(.text)
    IOT_HW::init()                           0x000005a1   Thumb Code    54  stalker3_0_hw.o(.text)
    IOT_HW::getEG10_State()                  0x000005d7   Thumb Code    48  stalker3_0_hw.o(.text)
    IOT_HW::EG10StateLed(unsigned char)      0x00000607   Thumb Code    40  stalker3_0_hw.o(.text)
    IOT_HW::readChrgState()                  0x0000062f   Thumb Code    36  stalker3_0_hw.o(.text)
    IOT_HW::readBatVol()                     0x00000653   Thumb Code    78  stalker3_0_hw.o(.text)
    IOT_HW::userLed(unsigned char, unsigned char) 0x000006a1   Thumb Code    64  stalker3_0_hw.o(.text)
    IOT_HW::grovePwrOn()                     0x000006e1   Thumb Code    14  stalker3_0_hw.o(.text)
    IOT_HW::grovePwrOff()                    0x000006ef   Thumb Code    14  stalker3_0_hw.o(.text)
    IOT_Mbed::waitString(const char*, int)   0x000007cd   Thumb Code   160  iot_mbed.o(.text)
    IOT_Mbed::sendCmd(char*)                 0x0000086d   Thumb Code    18  iot_mbed.o(.text)
    IOT_Mbed::sendCmdAndWaitForRest(char*, const char*, int) 0x0000087f   Thumb Code    30  iot_mbed.o(.text)
    IOT_Mbed::callTest()                     0x0000089d   Thumb Code    18  iot_mbed.o(.text)
    IOT_Mbed::parseURL(const char*, char*, int, unsigned*, char*, int) 0x000008af   Thumb Code   242  iot_mbed.o(.text)
    IOT_Mbed::init(char*, char*)             0x000009a1   Thumb Code    52  iot_mbed.o(.text)
    IOT_Mbed::checkAT(int)                   0x000009d5   Thumb Code    20  iot_mbed.o(.text)
    IOT_Mbed::connectTCP()                   0x000009e9   Thumb Code    74  iot_mbed.o(.text)
    IOT_Mbed::connectTCP(char*, char*)       0x00000a33   Thumb Code    86  iot_mbed.o(.text)
    IOT_Mbed::postDtaToYeelink()             0x00000a89   Thumb Code     2  iot_mbed.o(.text)
    IOT_Mbed::sendDtaTcp(char*, int)         0x00000a8b   Thumb Code    64  iot_mbed.o(.text)
    IOT_Mbed::postDtaToYeelink(char*, char*, int) 0x00000acb   Thumb Code   164  iot_mbed.o(.text)
    IOT_Mbed::sendToYeelink_t()              0x00000b6f   Thumb Code    62  iot_mbed.o(.text)
    __2fprintf                               0x00000e61   Thumb Code    22  __2fprintf.o(.text)
    __2sprintf                               0x00000e79   Thumb Code    40  __2sprintf.o(.text)
    _printf_str                              0x00000ea5   Thumb Code    82  _printf_str.o(.text)
    _printf_int_dec                          0x00000ef9   Thumb Code    90  _printf_dec.o(.text)
    _printf_longlong_hex                     0x00000f65   Thumb Code    88  _printf_hex_int_ll_ptr.o(.text)
    _printf_int_hex                          0x00000fbd   Thumb Code    28  _printf_hex_int_ll_ptr.o(.text)
    _printf_ll_hex                           0x00000fd9   Thumb Code    10  _printf_hex_int_ll_ptr.o(.text)
    _printf_hex_ptr                          0x00000fe3   Thumb Code    22  _printf_hex_int_ll_ptr.o(.text)
    __printf                                 0x00000ffd   Thumb Code   386  __printf_flags_ss_wp.o(.text)
    __0sscanf                                0x00001185   Thumb Code    54  __0sscanf.o(.text)
    _scanf_int                               0x000011c5   Thumb Code   330  _scanf_int.o(.text)
    _do_fflush                               0x00001311   Thumb Code    54  fflush.o(.text)
    fflush                                   0x00001347   Thumb Code    46  fflush.o(.text)
    freopen                                  0x00001379   Thumb Code   148  fopen.o(.text)
    fopen                                    0x0000140d   Thumb Code    76  fopen.o(.text)
    setbuf                                   0x00001461   Thumb Code    26  setbuf.o(.text)
    _fclose_internal                         0x0000147d   Thumb Code    72  fclose.o(.text)
    fclose                                   0x0000147d   Thumb Code     0  fclose.o(.text)
    strchr                                   0x000014c9   Thumb Code    20  strchr.o(.text)
    strstr                                   0x000014dd   Thumb Code    40  strstr.o(.text)
    strcpy                                   0x00001505   Thumb Code    70  strcpy.o(.text)
    strlen                                   0x00001551   Thumb Code    62  strlen.o(.text)
    strncmp                                  0x00001595   Thumb Code   154  strncmp.o(.text)
    __aeabi_memcpy                           0x00001635   Thumb Code   130  rt_memcpy.o(.text)
    __rt_memcpy                              0x00001635   Thumb Code     0  rt_memcpy.o(.text)
    strcmp                                   0x000016b9   Thumb Code   132  strcmp.o(.text)
    __aeabi_uidiv                            0x00001741   Thumb Code     0  aeabi_sdiv.o(.text)
    __aeabi_uidivmod                         0x00001741   Thumb Code    20  aeabi_sdiv.o(.text)
    __aeabi_idiv                             0x00001755   Thumb Code     0  aeabi_sdiv.o(.text)
    __aeabi_idivmod                          0x00001755   Thumb Code   326  aeabi_sdiv.o(.text)
    __cpp_initialize__aeabi_                 0x0000189d   Thumb Code    26  init_aeabi.o(.text)
    __aeabi_d2f                              0x000018c1   Thumb Code     0  d2f.o(.text)
    _d2f                                     0x000018c1   Thumb Code   120  d2f.o(.text)
    __aeabi_ddiv                             0x0000193d   Thumb Code     0  ddiv.o(.text)
    _ddiv                                    0x0000193d   Thumb Code  1076  ddiv.o(.text)
    _drdiv                                   0x00001d71   Thumb Code    20  ddiv.o(.text)
    __aeabi_d2iz                             0x00001d89   Thumb Code     0  dfixi.o(.text)
    _dfix                                    0x00001d89   Thumb Code    96  dfixi.o(.text)
    __aeabi_i2d_normalise                    0x00001df5   Thumb Code    66  dflti.o(.text)
    __aeabi_i2d                              0x00001e37   Thumb Code    16  dflti.o(.text)
    _dflt                                    0x00001e37   Thumb Code     0  dflti.o(.text)
    __aeabi_ui2d                             0x00001e47   Thumb Code     6  dflti.o(.text)
    _dfltu                                   0x00001e47   Thumb Code     0  dflti.o(.text)
    __aeabi_dmul                             0x00001e4d   Thumb Code     0  dmul.o(.text)
    _dmul                                    0x00001e4d   Thumb Code   578  dmul.o(.text)
    __ARM_scalbn                             0x000020a5   Thumb Code    80  dscalbn.o(.text)
    __aeabi_f2d                              0x00002101   Thumb Code     0  f2d.o(.text)
    _f2d                                     0x00002101   Thumb Code    82  f2d.o(.text)
    __aeabi_fdiv                             0x00002159   Thumb Code     0  fdiv.o(.text)
    _fdiv                                    0x00002159   Thumb Code   336  fdiv.o(.text)
    _frdiv                                   0x000022a9   Thumb Code     8  fdiv.o(.text)
    __aeabi_i2f_normalise                    0x000022b9   Thumb Code    72  fflti.o(.text)
    __aeabi_i2f                              0x00002301   Thumb Code    16  fflti.o(.text)
    _fflt                                    0x00002301   Thumb Code     0  fflti.o(.text)
    __aeabi_ui2f                             0x00002311   Thumb Code     6  fflti.o(.text)
    _ffltu                                   0x00002311   Thumb Code     0  fflti.o(.text)
    __rt_ddtor_pointer_addr                  0x00002319   Thumb Code     8  rt_ddtor_pointer_addr.o(.text)
    malloc                                   0x00002321   Thumb Code    98  h1_alloc.o(.text)
    free                                     0x00002383   Thumb Code    76  h1_free.o(.text)
    _printf_pre_padding                      0x000023cf   Thumb Code    44  _printf_pad.o(.text)
    _printf_post_padding                     0x000023fb   Thumb Code    34  _printf_pad.o(.text)
    _printf_truncate_signed                  0x0000241d   Thumb Code    18  _printf_truncate.o(.text)
    _printf_truncate_unsigned                0x0000242f   Thumb Code    18  _printf_truncate.o(.text)
    _printf_int_common                       0x00002441   Thumb Code   176  _printf_intcommon.o(.text)
    _printf_charcount                        0x000024f1   Thumb Code    40  _printf_charcount.o(.text)
    _printf_char_common                      0x00002523   Thumb Code    32  _printf_char_common.o(.text)
    _sputc                                   0x00002549   Thumb Code    10  _sputc.o(.text)
    _printf_cs_common                        0x00002553   Thumb Code    22  _printf_char.o(.text)
    _printf_char                             0x00002569   Thumb Code    16  _printf_char.o(.text)
    _printf_string                           0x00002579   Thumb Code     8  _printf_char.o(.text)
    _printf_char_file                        0x00002581   Thumb Code    34  _printf_char_file.o(.text)
    _printf_wctomb                           0x000025a9   Thumb Code   182  _printf_wctomb.o(.text)
    _printf_longlong_dec                     0x00002665   Thumb Code    94  _printf_longlong_dec.o(.text)
    _printf_longlong_oct                     0x000026d5   Thumb Code    68  _printf_oct_int_ll.o(.text)
    _printf_int_oct                          0x00002719   Thumb Code    24  _printf_oct_int_ll.o(.text)
    _printf_ll_oct                           0x00002731   Thumb Code    10  _printf_oct_int_ll.o(.text)
    _chval                                   0x00002745   Thumb Code    30  _chval.o(.text)
    __vfscanf_char                           0x00002771   Thumb Code    28  scanf_char.o(.text)
    _sgetc                                   0x00002795   Thumb Code    32  _sgetc.o(.text)
    _sbackspace                              0x000027b5   Thumb Code    36  _sgetc.o(.text)
    ferror                                   0x000027d9   Thumb Code     8  ferror.o(.text)
    _readbuf                                 0x000027e1   Thumb Code    56  filbuf.o(.text)
    _seteof                                  0x00002819   Thumb Code    40  filbuf.o(.text)
    __filbuf                                 0x00002841   Thumb Code   486  filbuf.o(.text)
    __filbuf_byte                            0x00002841   Thumb Code     0  filbuf.o(.text)
    __filbuf_wide                            0x00002841   Thumb Code     0  filbuf.o(.text)
    __flsbuf                                 0x00002a35   Thumb Code   486  flsbuf.o(.text)
    __flsbuf_byte                            0x00002a35   Thumb Code     0  flsbuf.o(.text)
    __flsbuf_wide                            0x00002a35   Thumb Code     0  flsbuf.o(.text)
    _fseek                                   0x00002c25   Thumb Code   240  fseek.o(.text)
    fseek                                    0x00002c25   Thumb Code     0  fseek.o(.text)
    setvbuf                                  0x00002d19   Thumb Code    72  setvbuf.o(.text)
    _seterr                                  0x00002d65   Thumb Code    20  stdio.o(.text)
    _writebuf                                0x00002d79   Thumb Code    76  stdio.o(.text)
    _fflush                                  0x00002dc5   Thumb Code    76  stdio.o(.text)
    _deferredlazyseek                        0x00002e11   Thumb Code    60  stdio.o(.text)
    _initio                                  0x00002e55   Thumb Code   216  initio.o(.text)
    _terminateio                             0x00002f2d   Thumb Code    56  initio.o(.text)
    __rt_SIGPVFN                             0x00002f91   Thumb Code    12  defsig_pvfn_outer.o(.text)
    _memset_w                                0x00002f9d   Thumb Code    26  rt_memclr.o(.text)
    _memset                                  0x00002fb7   Thumb Code    30  rt_memclr.o(.text)
    __aeabi_memclr                           0x00002fd5   Thumb Code     4  rt_memclr.o(.text)
    __rt_memclr                              0x00002fd5   Thumb Code     0  rt_memclr.o(.text)
    __aeabi_memclr4                          0x00002fd9   Thumb Code     0  rt_memclr.o(.text)
    __aeabi_memclr8                          0x00002fd9   Thumb Code     0  rt_memclr.o(.text)
    __rt_memclr_w                            0x00002fd9   Thumb Code     4  rt_memclr.o(.text)
    __rt_udiv10                              0x00002fdd   Thumb Code    40  rtudiv10.o(.text)
    __fpl_fcmp_InfNaN                        0x00003005   Thumb Code    96  fcmpin.o(.text)
    __rt_heap_descriptor                     0x00003069   Thumb Code     8  rt_heap_descriptor.o(.text)
    __use_no_heap                            0x00003071   Thumb Code     2  hguard.o(.text)
    __heap$guard                             0x00003073   Thumb Code     2  hguard.o(.text)
    _terminate_user_alloc                    0x00003075   Thumb Code     2  init_alloc.o(.text)
    _init_user_alloc                         0x00003077   Thumb Code     2  init_alloc.o(.text)
    __Heap_Full                              0x00003079   Thumb Code    32  init_alloc.o(.text)
    __Heap_Broken                            0x00003099   Thumb Code    10  init_alloc.o(.text)
    _init_alloc                              0x000030a3   Thumb Code    90  init_alloc.o(.text)
    __Heap_Initialize                        0x000030fd   Thumb Code    10  h1_init.o(.text)
    __Heap_DescSize                          0x00003107   Thumb Code     4  h1_init.o(.text)
    _ll_udiv10                               0x0000310b   Thumb Code   122  lludiv10.o(.text)
    isspace                                  0x00003185   Thumb Code    18  isspace.o(.text)
    __lib_sel_fp_printf                      0x00003199   Thumb Code     2  _printf_fp_dec.o(.text)
    _printf_fp_dec_real                      0x00003337   Thumb Code   618  _printf_fp_dec.o(.text)
    _printf_lcs_common                       0x000035ad   Thumb Code    22  _printf_wchar.o(.text)
    _printf_wchar                            0x000035c3   Thumb Code    16  _printf_wchar.o(.text)
    _printf_wstring                          0x000035d3   Thumb Code     8  _printf_wchar.o(.text)
    __vfscanf                                0x000035dd   Thumb Code   892  _scanf.o(.text)
    _ftell_internal                          0x00003969   Thumb Code    66  ftell.o(.text)
    ftell                                    0x00003969   Thumb Code     0  ftell.o(.text)
    _flushlinebuffered                       0x000039ad   Thumb Code    46  flushlinebuffered.o(.text)
    _wcrtomb                                 0x000039e5   Thumb Code    68  _wcrtomb.o(.text)
    __sig_exit                               0x00003a29   Thumb Code    12  defsig_exit.o(.text)
    __rt_SIGRTRED                            0x00003a35   Thumb Code    12  defsig_rtred_outer.o(.text)
    __rt_SIGPVFN_inner                       0x00003a41   Thumb Code    14  defsig_pvfn_inner.o(.text)
    __fpl_cmpreturn                          0x00003a71   Thumb Code    42  cmpret.o(.text)
    __fpl_fcheck_NaN2                        0x00003aa1   Thumb Code    10  fnan2.o(.text)
    _sys_exit                                0x00003ab1   Thumb Code     8  sys_exit.o(.text)
    __rt_ctype_table                         0x00003abd   Thumb Code    16  rt_ctype_table.o(.text)
    __rt_locale                              0x00003acd   Thumb Code     8  rt_locale.o(.text)
    __aeabi_errno_addr                       0x00003ad5   Thumb Code     8  rt_errno_addr.o(.text)
    __errno                                  0x00003ad5   Thumb Code     0  rt_errno_addr.o(.text)
    __rt_errno_addr                          0x00003ad5   Thumb Code     0  rt_errno_addr.o(.text)
    __Heap_ProvideMemory                     0x00003add   Thumb Code    52  h1_extend.o(.text)
    _printf_fp_infnan                        0x00003b11   Thumb Code   120  _printf_fp_infnan.o(.text)
    _btod_etento                             0x00003b99   Thumb Code   200  bigflt0.o(.text)
    _btod_d2e                                0x00003c65   Thumb Code    64  btod.o(.text)
    _btod_emul                               0x0000405b   Thumb Code    24  btod.o(.text)
    _btod_emuld                              0x00004073   Thumb Code    60  btod.o(.text)
    _btod_ediv                               0x000040af   Thumb Code    22  btod.o(.text)
    _btod_edivd                              0x000040c5   Thumb Code    60  btod.o(.text)
    __default_signal_display                 0x0000410d   Thumb Code    52  defsig_general.o(.text)
    __rt_SIGRTRED_inner                      0x00004141   Thumb Code    14  defsig_rtred_inner.o(.text)
    __rt_SIGRTMEM                            0x00004175   Thumb Code    12  defsig_rtmem_outer.o(.text)
    __rt_heap_escrow                         0x00004181   Thumb Code    24  heapauxa.o(.text)
    __rt_heap_expand                         0x00004199   Thumb Code    52  heapauxa.o(.text)
    __fpl_return_NaN                         0x000041d1   Thumb Code    94  retnan.o(.text)
    _ttywrch                                 0x0000422f   Thumb Code    12  sys_wrch.o(.text)
    __semihosting_library_function           0x0000423b   Thumb Code     0  indicate_semi.o(.text)
    __rt_SIGRTMEM_inner                      0x0000423d   Thumb Code    22  defsig_rtmem_inner.o(.text)
    NVIC_SetVector                           0x00004299   Thumb Code    46  cmsis_nvic.o(i.NVIC_SetVector)
    SystemInit                               0x000042d1   Thumb Code   154  system_LPC11Uxx.o(i.SystemInit)
    mbed::DigitalOut::DigitalOut(PinName)    0x00004399   Thumb Code    20  stalker3_0_hw.o(i._ZN4mbed10DigitalOutC1E7PinName)
    mbed::DigitalOut::DigitalOut__sub_object(PinName) 0x00004399   Thumb Code     0  stalker3_0_hw.o(i._ZN4mbed10DigitalOutC1E7PinName)
    mbed::DigitalOut::operator =(int)        0x000043ad   Thumb Code    22  stalker3_0_hw.o(i._ZN4mbed10DigitalOutaSEi)
    mbed::FileHandle::flen()                 0x000043c3   Thumb Code    58  stdio.o(i._ZN4mbed10FileHandle4flenEv)
    mbed::FileHandle::~FileHandle()          0x000043fd   Thumb Code     0  stdio.o(i._ZN4mbed10FileHandleD2Ev)
    mbed::FileHandle::~FileHandle__sub_object() 0x000043fd   Thumb Code    30  stdio.o(i._ZN4mbed10FileHandleD2Ev)
    mbed::FunctionPointer::call()            0x00004425   Thumb Code    26  FunctionPointer.o(i._ZN4mbed15FunctionPointer4callEv)
    mbed::FunctionPointer::FunctionPointer(void(*)()) 0x0000443f   Thumb Code     8  FunctionPointer.o(i._ZN4mbed15FunctionPointerC1EPFvvE)
    mbed::FunctionPointer::FunctionPointer__sub_object(void(*)()) 0x0000443f   Thumb Code     0  FunctionPointer.o(i._ZN4mbed15FunctionPointerC1EPFvvE)
    mbed::Timer::read()                      0x00004449   Thumb Code    18  Timer.o(i._ZN4mbed5Timer4readEv)
    mbed::Timer::stop()                      0x00004461   Thumb Code    20  Timer.o(i._ZN4mbed5Timer4stopEv)
    mbed::Timer::reset()                     0x00004475   Thumb Code    16  Timer.o(i._ZN4mbed5Timer5resetEv)
    mbed::Timer::start()                     0x00004485   Thumb Code    16  Timer.o(i._ZN4mbed5Timer5startEv)
    mbed::Timer::read_us()                   0x00004495   Thumb Code    14  Timer.o(i._ZN4mbed5Timer7read_usEv)
    mbed::Timer::slicetime()                 0x000044a3   Thumb Code    20  Timer.o(i._ZN4mbed5Timer9slicetimeEv)
    mbed::Timer::Timer()                     0x000044b7   Thumb Code    12  Timer.o(i._ZN4mbed5TimerC1Ev)
    mbed::Timer::Timer__sub_object()         0x000044b7   Thumb Code     0  Timer.o(i._ZN4mbed5TimerC1Ev)
    mbed::Serial::_irq_handler(unsigned, SerialIrq) 0x000044c3   Thumb Code    16  Serial.o(i._ZN4mbed6Serial12_irq_handlerEj9SerialIrq)
    mbed::Serial::baud(int)                  0x000044d3   Thumb Code    10  Serial.o(i._ZN4mbed6Serial4baudEi)
    mbed::Serial::_getc()                    0x000044dd   Thumb Code    10  Serial.o(i._ZN4mbed6Serial5_getcEv)
    mbed::Serial::_putc(int)                 0x000044e7   Thumb Code    14  Serial.o(i._ZN4mbed6Serial5_putcEi)
    mbed::Serial::readable()                 0x000044f5   Thumb Code    10  Serial.o(i._ZN4mbed6Serial8readableEv)
    mbed::Serial::Serial(PinName, PinName, const char*) 0x00004501   Thumb Code    62  Serial.o(i._ZN4mbed6SerialC1E7PinNameS1_PKc)
    mbed::Serial::Serial__sub_object(PinName, PinName, const char*) 0x00004501   Thumb Code     0  Serial.o(i._ZN4mbed6SerialC1E7PinNameS1_PKc)
    mbed::Serial::~Serial()                  0x0000454d   Thumb Code     8  Serial.o(i._ZN4mbed6SerialD1Ev)
    mbed::Serial::~Serial__sub_object()      0x0000454d   Thumb Code     0  Serial.o(i._ZN4mbed6SerialD1Ev)
    mbed::Stream::flen()                     0x00004555   Thumb Code     4  Stream.o(i._ZN4mbed6Stream4flenEv)
    mbed::Stream::getc()                     0x00004559   Thumb Code    18  Stream.o(i._ZN4mbed6Stream4getcEv)
    mbed::Stream::read(void*, unsigned)      0x0000456b   Thumb Code    36  Stream.o(i._ZN4mbed6Stream4readEPvj)
    mbed::Stream::close()                    0x0000458f   Thumb Code     4  Stream.o(i._ZN4mbed6Stream5closeEv)
    mbed::Stream::lseek(long, int)           0x00004593   Thumb Code     4  Stream.o(i._ZN4mbed6Stream5lseekEli)
    mbed::Stream::write(const void*, unsigned) 0x00004597   Thumb Code    36  Stream.o(i._ZN4mbed6Stream5writeEPKvj)
    mbed::Stream::isatty()                   0x000045bb   Thumb Code     4  Stream.o(i._ZN4mbed6Stream6isattyEv)
    mbed::Stream::printf(const char*, ...)   0x000045bf   Thumb Code    32  Stream.o(i._ZN4mbed6Stream6printfEPKcz)
    mbed::Stream::Stream__sub_object(const char*) 0x000045e1   Thumb Code    46  Stream.o(i._ZN4mbed6StreamC2EPKc)
    mbed::Stream::~Stream()                  0x0000461d   Thumb Code     0  Stream.o(i._ZN4mbed6StreamD2Ev)
    mbed::Stream::~Stream__sub_object()      0x0000461d   Thumb Code    26  Stream.o(i._ZN4mbed6StreamD2Ev)
    mbed::FileBase::getPathType()            0x0000463d   Thumb Code     4  FileBase.o(i._ZN4mbed8FileBase11getPathTypeEv)
    mbed::FileBase::lookup(const char*, unsigned) 0x00004641   Thumb Code    54  FileBase.o(i._ZN4mbed8FileBase6lookupEPKcj)
    mbed::FileBase::FileBase(const char*, mbed::PathType) 0x0000467d   Thumb Code    28  FileBase.o(i._ZN4mbed8FileBaseC1EPKcNS_8PathTypeE)
    mbed::FileBase::FileBase__sub_object(const char*, mbed::PathType) 0x0000467d   Thumb Code     0  FileBase.o(i._ZN4mbed8FileBaseC1EPKcNS_8PathTypeE)
    mbed::FileBase::~FileBase()              0x000046a1   Thumb Code    38  FileBase.o(i._ZN4mbed8FileBaseD1Ev)
    mbed::FileBase::~FileBase__sub_object()  0x000046a1   Thumb Code     0  FileBase.o(i._ZN4mbed8FileBaseD1Ev)
    mbed::FileLike::FileLike__sub_object(const char*) 0x000046d1   Thumb Code    24  FileLike.o(i._ZN4mbed8FileLikeC2EPKc)
    mbed::FileLike::~FileLike()              0x000046f1   Thumb Code     0  FileLike.o(i._ZN4mbed8FileLikeD2Ev)
    mbed::FileLike::~FileLike__sub_object()  0x000046f1   Thumb Code    16  FileLike.o(i._ZN4mbed8FileLikeD2Ev)
    mbed::FilePath::fileSystem()             0x00004701   Thumb Code    16  FilePath.o(i._ZN4mbed8FilePath10fileSystemEv)
    mbed::FilePath::isFileSystem()           0x00004711   Thumb Code    16  FilePath.o(i._ZN4mbed8FilePath12isFileSystemEv)
    mbed::FilePath::file()                   0x00004721   Thumb Code    22  FilePath.o(i._ZN4mbed8FilePath4fileEv)
    mbed::FilePath::isFile()                 0x00004737   Thumb Code    20  FilePath.o(i._ZN4mbed8FilePath6isFileEv)
    mbed::FilePath::fileName()               0x0000474b   Thumb Code     4  FilePath.o(i._ZN4mbed8FilePath8fileNameEv)
    mbed::FilePath::FilePath(const char*)    0x0000474f   Thumb Code    76  FilePath.o(i._ZN4mbed8FilePathC1EPKc)
    mbed::FilePath::FilePath__sub_object(const char*) 0x0000474f   Thumb Code     0  FilePath.o(i._ZN4mbed8FilePathC1EPKc)
    mbed::DigitalIn::read()                  0x0000479b   Thumb Code    12  stalker3_0_hw.o(i._ZN4mbed9DigitalIn4readEv)
    mbed::DigitalIn::DigitalIn(PinName)      0x000047a7   Thumb Code    20  stalker3_0_hw.o(i._ZN4mbed9DigitalInC1E7PinName)
    mbed::DigitalIn::DigitalIn__sub_object(PinName) 0x000047a7   Thumb Code     0  stalker3_0_hw.o(i._ZN4mbed9DigitalInC1E7PinName)
    std::strchr(char*, int)                  0x000047bb   Thumb Code    16  iot_mbed.o(i._ZSt6strchrPci)
    __ARM_common_ll_muluu                    0x000047cb   Thumb Code    48  btod.o(i.__ARM_common_ll_muluu)
    __ARM_common_switch8                     0x000047fb   Thumb Code    26  system_LPC11Uxx.o(i.__ARM_common_switch8)
    __ARM_fpclassify                         0x00004815   Thumb Code    38  fpclassify.o(i.__ARM_fpclassify)
    __aeabi_atexit                           0x00004841   Thumb Code    44  aeabi_atexit.o(i.__aeabi_atexit)
    __aeabi_vec_ctor_nocookie_nodtor         0x0000486d   Thumb Code    32  aeabi_vec_ctor_nocookie_nodtor.o(i.__aeabi_vec_ctor_nocookie_nodtor)
    __cxa_finalize                           0x0000488d   Thumb Code    66  cxa_finalize.o(i.__cxa_finalize)
    __cxa_pure_virtual                       0x000048cf   Thumb Code    10  pure_virt.o(i.__cxa_pure_virtual)
    __user_setup_stackheap                   0x000048d9   Thumb Code    10  sys.o(i.__user_setup_stackheap)
    _is_digit                                0x000048e9   Thumb Code    14  __printf_wp.o(i._is_digit)
    _sys_close                               0x000048f9   Thumb Code    38  stdio.o(i._sys_close)
    _sys_flen                                0x00004925   Thumb Code    34  stdio.o(i._sys_flen)
    _sys_istty                               0x0000494d   Thumb Code    34  stdio.o(i._sys_istty)
    _sys_open                                0x00004975   Thumb Code   234  stdio.o(i._sys_open)
    _sys_read                                0x00004a6d   Thumb Code    54  stdio.o(i._sys_read)
    _sys_seek                                0x00004aad   Thumb Code    36  stdio.o(i._sys_seek)
    _sys_write                               0x00004ad5   Thumb Code    76  stdio.o(i._sys_write)
    analogin_init                            0x00004b9d   Thumb Code    92  analogin_api.o(i.analogin_init)
    analogin_read_u16                        0x00004c15   Thumb Code    18  analogin_api.o(i.analogin_read_u16)
    exit                                     0x00004c27   Thumb Code    24  exit.o(i.exit)
    fgetc                                    0x00004c3f   Thumb Code    28  fgetc.o(i.fgetc)
    fputc                                    0x00004c5b   Thumb Code    30  fputc.o(i.fputc)
    gpio_dir                                 0x00004c79   Thumb Code    30  gpio_api.o(i.gpio_dir)
    gpio_init                                0x00004c99   Thumb Code    82  gpio_api.o(i.gpio_init)
    gpio_mode                                0x00004cf9   Thumb Code    14  gpio_api.o(i.gpio_mode)
    gpio_set                                 0x00004d09   Thumb Code    54  gpio_api.o(i.gpio_set)
    mbed_die                                 0x00004d55   Thumb Code   120  board.o(i.mbed_die)
    mbed_interface_connected                 0x00004dcd   Thumb Code     8  mbed_interface.o(i.mbed_interface_connected)
    pin_function                             0x00004de5   Thumb Code    36  pinmap.o(i.pin_function)
    pin_mode                                 0x00004e0d   Thumb Code    52  pinmap.o(i.pin_mode)
    pinmap_merge                             0x00004e45   Thumb Code    30  pinmap_common.o(i.pinmap_merge)
    pinmap_peripheral                        0x00004e7d   Thumb Code    40  pinmap_common.o(i.pinmap_peripheral)
    pinmap_pinout                            0x00004ec9   Thumb Code    56  pinmap_common.o(i.pinmap_pinout)
    semihost_connected                       0x00004f19   Thumb Code     6  semihost_api.o(i.semihost_connected)
    semihost_exit                            0x00004f25   Thumb Code    12  semihost_api.o(i.semihost_exit)
    serial_baud                              0x00004f31   Thumb Code   288  serial_api.o(i.serial_baud)
    serial_format                            0x0000505d   Thumb Code   110  serial_api.o(i.serial_format)
    serial_getc                              0x0000514d   Thumb Code    14  serial_api.o(i.serial_getc)
    serial_init                              0x0000515d   Thumb Code   190  serial_api.o(i.serial_init)
    serial_irq_handler                       0x00005251   Thumb Code    14  serial_api.o(i.serial_irq_handler)
    serial_putc                              0x00005265   Thumb Code    22  serial_api.o(i.serial_putc)
    serial_readable                          0x0000527b   Thumb Code    10  serial_api.o(i.serial_readable)
    serial_writable                          0x00005285   Thumb Code    10  serial_api.o(i.serial_writable)
    us_ticker_clear_interrupt                0x00005291   Thumb Code     8  us_ticker.o(i.us_ticker_clear_interrupt)
    us_ticker_disable_interrupt              0x0000529d   Thumb Code    12  us_ticker.o(i.us_ticker_disable_interrupt)
    us_ticker_init                           0x000052ad   Thumb Code    62  us_ticker.o(i.us_ticker_init)
    us_ticker_irq_handler                    0x00005309   Thumb Code    58  us_ticker_api.o(i.us_ticker_irq_handler)
    us_ticker_read                           0x00005349   Thumb Code    20  us_ticker.o(i.us_ticker_read)
    us_ticker_set_interrupt                  0x00005365   Thumb Code    14  us_ticker.o(i.us_ticker_set_interrupt)
    wait                                     0x00005379   Thumb Code    24  wait_api.o(i.wait)
    wait_ms                                  0x00005395   Thumb Code    14  wait_api.o(i.wait_ms)
    wait_us                                  0x000053a3   Thumb Code    22  wait_api.o(i.wait_us)
    _get_lc_numeric                          0x000053b9   Thumb Code    44  lc_numeric_c.o(locale$$code)
    _get_lc_ctype                            0x000053e5   Thumb Code    44  lc_ctype_c.o(locale$$code)
    __aeabi_fadd                             0x00005411   Thumb Code     0  faddsub.o(x$fpl$fadd)
    _fadd                                    0x00005411   Thumb Code   134  faddsub.o(x$fpl$fadd)
    __aeabi_cfcmple                          0x0000549d   Thumb Code     0  flef.o(x$fpl$fleqf)
    _fcmple                                  0x0000549d   Thumb Code    78  flef.o(x$fpl$fleqf)
    __aeabi_cfrcmple                         0x000054f1   Thumb Code     0  frlef.o(x$fpl$frleqf)
    _frcmple                                 0x000054f1   Thumb Code    84  frlef.o(x$fpl$frleqf)
    __aeabi_fsub                             0x00005549   Thumb Code     0  faddsub.o(x$fpl$fsub)
    _fsub                                    0x00005549   Thumb Code   204  faddsub.o(x$fpl$fsub)
    _printf_fp_dec                           0x00005619   Thumb Code    16  printf1.o(x$fpl$printf1)
    __I$use$fp                               0x00005628   Number         0  usenofp.o(x$fpl$usenofp)
    __stdin_name                             0x000056d8   Data           7  stdio.o(.constdata)
    __stdout_name                            0x000056df   Data           8  stdio.o(.constdata)
    __stderr_name                            0x000056e7   Data           8  stdio.o(.constdata)
    vtable for mbed::FileHandle              0x000058e8   Data          44  stdio.o(.constdata__ZTVN4mbed10FileHandleE)
    vtable for mbed::Serial                  0x00005914   Data          68  Serial.o(.constdata__ZTVN4mbed6SerialE)
    vtable for mbed::Stream                  0x00005958   Data          68  Stream.o(.constdata__ZTVN4mbed6StreamE)
    vtable for mbed::FileBase                0x0000599c   Data          16  FileBase.o(.constdata__ZTVN4mbed8FileBaseE)
    vtable for mbed::FileLike                0x000059ac   Data          60  FileLike.o(.constdata__ZTVN4mbed8FileLikeE)
    Region$$Table$$Base                      0x000059e8   Number         0  anon$$obj.o(Region$$Table)
    Region$$Table$$Limit                     0x00005a08   Number         0  anon$$obj.o(Region$$Table)
    __ctype                                  0x00005a31   Data           0  lc_ctype_c.o(locale$$data)
    SHT$$INIT_ARRAY$$Base                    0x00005b34   Number         0  main.o(.init_array)
    SHT$$INIT_ARRAY$$Limit                   0x00005b3c   Number         0  stalker3_0_hw.o(.init_array)
    vol_bat                                  0x100000c0   Data           1  stalker3_0_hw.o(.data)
    iot_hw                                   0x100000c1   Data           1  stalker3_0_hw.o(.data)
    SystemCoreClock                          0x100000c4   Data           4  system_LPC11Uxx.o(.data)
    stdio_retargeting_module                 0x100000d0   Data           4  stdio.o(.data)
    stdio_uart_inited                        0x100000d8   Data           4  serial_api.o(.data)
    stdio_uart                               0x100000e0   Data           8  serial_api.o(.data)
    us_ticker_inited                         0x100000e8   Data           4  us_ticker.o(.data)
    mbed::FileBase::_head                    0x100000f4   Data           4  FileBase.o(.data)
    __aeabi_stdin                            0x100000fc   Data           4  stdio_streams.o(.data)
    __aeabi_stdout                           0x10000100   Data           4  stdio_streams.o(.data)
    __aeabi_stderr                           0x10000104   Data           4  stdio_streams.o(.data)
    serial1                                  0x1000010c   Data          88  main.o(.bss)
    tcnt                                     0x10000164   Data          12  main.o(.bss)
    dtaUart                                  0x10000170   Data         100  main.o(.bss)
    dtaUart1                                 0x100001d4   Data         100  main.o(.bss)
    eg10_pwr                                 0x10000238   Data          24  stalker3_0_hw.o(.bss)
    eg10_on                                  0x10000250   Data          24  stalker3_0_hw.o(.bss)
    eg10_state                               0x10000268   Data          24  stalker3_0_hw.o(.bss)
    eg10_rst                                 0x10000280   Data          24  stalker3_0_hw.o(.bss)
    led1                                     0x10000298   Data          24  stalker3_0_hw.o(.bss)
    led2                                     0x100002b0   Data          24  stalker3_0_hw.o(.bss)
    led3                                     0x100002c8   Data          24  stalker3_0_hw.o(.bss)
    led4                                     0x100002e0   Data          24  stalker3_0_hw.o(.bss)
    grove_pwr                                0x100002f8   Data          24  stalker3_0_hw.o(.bss)
    charging                                 0x10000310   Data          24  stalker3_0_hw.o(.bss)
    chargdone                                0x10000328   Data          24  stalker3_0_hw.o(.bss)
    IOT                                      0x10000340   Data         230  iot_mbed.o(.bss)
    __stdin                                  0x10000468   Data          84  stdio_streams.o(.bss)
    __stdout                                 0x100004bc   Data          84  stdio_streams.o(.bss)
    __stderr                                 0x10000510   Data          84  stdio_streams.o(.bss)
    Image$$RW_IRAM1$$ZI$$Limit               0x10000584   Number         0  rt_errno_addr.o(.bss)



==============================================================================

Memory Map of the image

  Image Entry point : 0x00000201

  Load Region LR_IROM1 (Base: 0x00000000, Size: 0x00005b88, Max: 0x00008000, ABSOLUTE)

    Execution Region ER_IROM1 (Base: 0x00000000, Size: 0x00005b3c, Max: 0x00008000, ABSOLUTE)

    Base Addr    Size         Type   Attr      Idx    E Section Name        Object

    0x00000000   0x00000200   Data   RO          489    RESET               startup_LPC11xx.o
    0x00000200   0x00000008   Code   RO         1200  * !!!main             c_p.l(__main.o)
    0x00000208   0x0000003c   Code   RO         1949    !!!scatter          c_p.l(__scatter.o)
    0x00000244   0x0000001a   Code   RO         1951    !!handler_copy      c_p.l(__scatter_copy.o)
    0x0000025e   0x00000002   PAD
    0x00000260   0x0000001c   Code   RO         1953    !!handler_zi        c_p.l(__scatter_zi.o)
    0x0000027c   0x00000002   Code   RO         1835    .ARM.Collect$$libinit$$00000000  c_p.l(libinit.o)
    0x0000027e   0x00000004   Code   RO         1529    .ARM.Collect$$libinit$$00000001  c_p.l(libinit2.o)
    0x00000282   0x00000008   Code   RO         1531    .ARM.Collect$$libinit$$00000003  c_p.l(libinit2.o)
    0x0000028a   0x00000000   Code   RO         1533    .ARM.Collect$$libinit$$00000008  c_p.l(libinit2.o)
    0x0000028a   0x00000000   Code   RO         1535    .ARM.Collect$$libinit$$0000000A  c_p.l(libinit2.o)
    0x0000028a   0x00000000   Code   RO         1537    .ARM.Collect$$libinit$$0000000C  c_p.l(libinit2.o)
    0x0000028a   0x00000006   Code   RO         1538    .ARM.Collect$$libinit$$0000000D  c_p.l(libinit2.o)
    0x00000290   0x00000000   Code   RO         1540    .ARM.Collect$$libinit$$0000000F  c_p.l(libinit2.o)
    0x00000290   0x0000000c   Code   RO         1541    .ARM.Collect$$libinit$$00000010  c_p.l(libinit2.o)
    0x0000029c   0x00000000   Code   RO         1542    .ARM.Collect$$libinit$$00000011  c_p.l(libinit2.o)
    0x0000029c   0x00000000   Code   RO         1544    .ARM.Collect$$libinit$$00000013  c_p.l(libinit2.o)
    0x0000029c   0x0000000a   Code   RO         1545    .ARM.Collect$$libinit$$00000014  c_p.l(libinit2.o)
    0x000002a6   0x00000000   Code   RO         1546    .ARM.Collect$$libinit$$00000015  c_p.l(libinit2.o)
    0x000002a6   0x00000000   Code   RO         1548    .ARM.Collect$$libinit$$00000017  c_p.l(libinit2.o)
    0x000002a6   0x00000000   Code   RO         1550    .ARM.Collect$$libinit$$00000019  c_p.l(libinit2.o)
    0x000002a6   0x00000000   Code   RO         1552    .ARM.Collect$$libinit$$0000001B  c_p.l(libinit2.o)
    0x000002a6   0x00000000   Code   RO         1554    .ARM.Collect$$libinit$$0000001D  c_p.l(libinit2.o)
    0x000002a6   0x00000000   Code   RO         1556    .ARM.Collect$$libinit$$0000001F  c_p.l(libinit2.o)
    0x000002a6   0x00000000   Code   RO         1558    .ARM.Collect$$libinit$$00000021  c_p.l(libinit2.o)
    0x000002a6   0x00000004   Code   RO         1559    .ARM.Collect$$libinit$$00000022  c_p.l(libinit2.o)
    0x000002aa   0x00000000   Code   RO         1560    .ARM.Collect$$libinit$$00000023  c_p.l(libinit2.o)
    0x000002aa   0x00000000   Code   RO         1564    .ARM.Collect$$libinit$$0000002A  c_p.l(libinit2.o)
    0x000002aa   0x00000000   Code   RO         1566    .ARM.Collect$$libinit$$0000002C  c_p.l(libinit2.o)
    0x000002aa   0x00000000   Code   RO         1568    .ARM.Collect$$libinit$$0000002E  c_p.l(libinit2.o)
    0x000002aa   0x00000004   Code   RO         1569    .ARM.Collect$$libinit$$0000002F  c_p.l(libinit2.o)
    0x000002ae   0x00000000   Code   RO         1570    .ARM.Collect$$libinit$$00000030  c_p.l(libinit2.o)
    0x000002ae   0x00000002   Code   RO         1571    .ARM.Collect$$libinit$$00000031  c_p.l(libinit2.o)
    0x000002b0   0x00000006   Code   RO         1572    .ARM.Collect$$libshutdown$$00000001  c_p.l(libshutdown2.o)
    0x000002b6   0x00000000   Code   RO         1574    .ARM.Collect$$libshutdown$$00000003  c_p.l(libshutdown2.o)
    0x000002b6   0x00000000   Code   RO         1358    .ARM.Collect$$rtentry$$00000000  c_p.l(rtentry.o)
    0x000002b6   0x00000000   Code   RO         1636    .ARM.Collect$$rtentry$$00000002  c_p.l(rtentry2.o)
    0x000002b6   0x00000006   Code   RO         1648    .ARM.Collect$$rtentry$$00000004  c_p.l(rtentry4.o)
    0x000002bc   0x00000000   Code   RO         1638    .ARM.Collect$$rtentry$$00000009  c_p.l(rtentry2.o)
    0x000002bc   0x00000004   Code   RO         1639    .ARM.Collect$$rtentry$$0000000A  c_p.l(rtentry2.o)
    0x000002c0   0x00000000   Code   RO         1641    .ARM.Collect$$rtentry$$0000000C  c_p.l(rtentry2.o)
    0x000002c0   0x00000008   Code   RO         1642    .ARM.Collect$$rtentry$$0000000D  c_p.l(rtentry2.o)
    0x000002c8   0x00000000   Code   RO         1785    .emb_text           c_p.l(maybetermalloc1.o)
    0x000002c8   0x00000024   Code   RO          491    .text               startup_LPC11xx.o
    0x000002ec   0x0000000e   Code   RO         1072    .text               c_p.l(c89vfprintf.o)
    0x000002fa   0x00000002   Code   RO         1871    .text               c_p.l(use_no_semi.o)
    0x000002fc   0x00000004   Code   RO          490    .ARM.__at_0x02FC    startup_LPC11xx.o
    0x00000300   0x00000002   Code   RO         1132    .ARM.Collect$$_printf_percent$$00000000  c_p.l(_printf_percent.o)
    0x00000302   0x0000000a   Code   RO         1463    .ARM.Collect$$_printf_percent$$00000001  c_p.l(_printf_n.o)
    0x0000030c   0x0000000a   Code   RO         1130    .ARM.Collect$$_printf_percent$$00000002  c_p.l(_printf_p.o)
    0x00000316   0x0000000a   Code   RO         1468    .ARM.Collect$$_printf_percent$$00000003  c_p.l(_printf_f.o)
    0x00000320   0x0000000a   Code   RO         1469    .ARM.Collect$$_printf_percent$$00000004  c_p.l(_printf_e.o)
    0x0000032a   0x0000000a   Code   RO         1470    .ARM.Collect$$_printf_percent$$00000005  c_p.l(_printf_g.o)
    0x00000334   0x0000000a   Code   RO         1471    .ARM.Collect$$_printf_percent$$00000006  c_p.l(_printf_a.o)
    0x0000033e   0x0000000a   Code   RO         1476    .ARM.Collect$$_printf_percent$$00000007  c_p.l(_printf_ll.o)
    0x00000348   0x0000000a   Code   RO         1466    .ARM.Collect$$_printf_percent$$00000008  c_p.l(_printf_i.o)
    0x00000352   0x0000000a   Code   RO         1131    .ARM.Collect$$_printf_percent$$00000009  c_p.l(_printf_d.o)
    0x0000035c   0x0000000a   Code   RO         1467    .ARM.Collect$$_printf_percent$$0000000A  c_p.l(_printf_u.o)
    0x00000366   0x0000000a   Code   RO         1465    .ARM.Collect$$_printf_percent$$0000000B  c_p.l(_printf_o.o)
    0x00000370   0x0000000a   Code   RO         1464    .ARM.Collect$$_printf_percent$$0000000C  c_p.l(_printf_x.o)
    0x0000037a   0x0000000a   Code   RO         1473    .ARM.Collect$$_printf_percent$$0000000D  c_p.l(_printf_lli.o)
    0x00000384   0x0000000a   Code   RO         1474    .ARM.Collect$$_printf_percent$$0000000E  c_p.l(_printf_lld.o)
    0x0000038e   0x0000000a   Code   RO         1475    .ARM.Collect$$_printf_percent$$0000000F  c_p.l(_printf_llu.o)
    0x00000398   0x0000000a   Code   RO         1480    .ARM.Collect$$_printf_percent$$00000010  c_p.l(_printf_llo.o)
    0x000003a2   0x0000000a   Code   RO         1481    .ARM.Collect$$_printf_percent$$00000011  c_p.l(_printf_llx.o)
    0x000003ac   0x0000000a   Code   RO         1477    .ARM.Collect$$_printf_percent$$00000012  c_p.l(_printf_l.o)
    0x000003b6   0x0000000a   Code   RO         1462    .ARM.Collect$$_printf_percent$$00000013  c_p.l(_printf_c.o)
    0x000003c0   0x0000000a   Code   RO         1129    .ARM.Collect$$_printf_percent$$00000014  c_p.l(_printf_s.o)
    0x000003ca   0x0000000a   Code   RO         1478    .ARM.Collect$$_printf_percent$$00000015  c_p.l(_printf_lc.o)
    0x000003d4   0x0000000a   Code   RO         1479    .ARM.Collect$$_printf_percent$$00000016  c_p.l(_printf_ls.o)
    0x000003de   0x00000004   Code   RO         1472    .ARM.Collect$$_printf_percent$$00000017  c_p.l(_printf_percent_end.o)
    0x000003e2   0x00000002   PAD
    0x000003e4   0x00000038   Code   RO         1188    .emb_text           c_p.l(rt_memcpy.o)
    0x0000041c   0x00000120   Code   RO            3    .text               main.o
    0x0000053c   0x00000290   Code   RO          269    .text               stalker3_0_hw.o
    0x000007cc   0x00000694   Code   RO          388    .text               iot_mbed.o
    0x00000e60   0x00000016   Code   RO         1074    .text               c_p.l(__2fprintf.o)
    0x00000e76   0x00000002   PAD
    0x00000e78   0x0000002c   Code   RO         1076    .text               c_p.l(__2sprintf.o)
    0x00000ea4   0x00000052   Code   RO         1084    .text               c_p.l(_printf_str.o)
    0x00000ef6   0x00000002   PAD
    0x00000ef8   0x0000006c   Code   RO         1086    .text               c_p.l(_printf_dec.o)
    0x00000f64   0x00000098   Code   RO         1106    .text               c_p.l(_printf_hex_int_ll_ptr.o)
    0x00000ffc   0x00000188   Code   RO         1126    .text               c_p.l(__printf_flags_ss_wp.o)
    0x00001184   0x00000040   Code   RO         1135    .text               c_p.l(__0sscanf.o)
    0x000011c4   0x0000014a   Code   RO         1137    .text               c_p.l(_scanf_int.o)
    0x0000130e   0x00000002   PAD
    0x00001310   0x00000068   Code   RO         1139    .text               c_p.l(fflush.o)
    0x00001378   0x000000e8   Code   RO         1153    .text               c_p.l(fopen.o)
    0x00001460   0x0000001a   Code   RO         1155    .text               c_p.l(setbuf.o)
    0x0000147a   0x00000002   PAD
    0x0000147c   0x0000004c   Code   RO         1163    .text               c_p.l(fclose.o)
    0x000014c8   0x00000014   Code   RO         1178    .text               c_p.l(strchr.o)
    0x000014dc   0x00000028   Code   RO         1180    .text               c_p.l(strstr.o)
    0x00001504   0x0000004c   Code   RO         1182    .text               c_p.l(strcpy.o)
    0x00001550   0x00000044   Code   RO         1184    .text               c_p.l(strlen.o)
    0x00001594   0x000000a0   Code   RO         1186    .text               c_p.l(strncmp.o)
    0x00001634   0x00000082   Code   RO         1189    .text               c_p.l(rt_memcpy.o)
    0x000016b6   0x00000002   PAD
    0x000016b8   0x00000088   Code   RO         1194    .text               c_p.l(strcmp.o)
    0x00001740   0x0000015a   Code   RO         1196    .text               c_p.l(aeabi_sdiv.o)
    0x0000189a   0x00000002   PAD
    0x0000189c   0x00000024   Code   RO         1205    .text               c_p.l(init_aeabi.o)
    0x000018c0   0x0000007c   Code   RO         1324    .text               fz_ps.l(d2f.o)
    0x0000193c   0x0000044c   Code   RO         1326    .text               fz_ps.l(ddiv.o)
    0x00001d88   0x0000006c   Code   RO         1329    .text               fz_ps.l(dfixi.o)
    0x00001df4   0x00000058   Code   RO         1331    .text               fz_ps.l(dflti.o)
    0x00001e4c   0x00000258   Code   RO         1333    .text               fz_ps.l(dmul.o)
    0x000020a4   0x0000005c   Code   RO         1335    .text               fz_ps.l(dscalbn.o)
    0x00002100   0x00000058   Code   RO         1337    .text               fz_ps.l(f2d.o)
    0x00002158   0x00000160   Code   RO         1345    .text               fz_ps.l(fdiv.o)
    0x000022b8   0x0000005e   Code   RO         1348    .text               fz_ps.l(fflti.o)
    0x00002316   0x00000002   PAD
    0x00002318   0x00000008   Code   RO         1368    .text               c_p.l(rt_ddtor_pointer_addr.o)
    0x00002320   0x00000062   Code   RO         1377    .text               c_p.l(h1_alloc.o)
    0x00002382   0x0000004c   Code   RO         1379    .text               c_p.l(h1_free.o)
    0x000023ce   0x0000004e   Code   RO         1435    .text               c_p.l(_printf_pad.o)
    0x0000241c   0x00000024   Code   RO         1437    .text               c_p.l(_printf_truncate.o)
    0x00002440   0x000000b0   Code   RO         1439    .text               c_p.l(_printf_intcommon.o)
    0x000024f0   0x00000028   Code   RO         1441    .text               c_p.l(_printf_charcount.o)
    0x00002518   0x00000030   Code   RO         1443    .text               c_p.l(_printf_char_common.o)
    0x00002548   0x0000000a   Code   RO         1445    .text               c_p.l(_sputc.o)
    0x00002552   0x0000002e   Code   RO         1447    .text               c_p.l(_printf_char.o)
    0x00002580   0x00000028   Code   RO         1449    .text               c_p.l(_printf_char_file.o)
    0x000025a8   0x000000bc   Code   RO         1451    .text               c_p.l(_printf_wctomb.o)
    0x00002664   0x00000070   Code   RO         1454    .text               c_p.l(_printf_longlong_dec.o)
    0x000026d4   0x00000070   Code   RO         1460    .text               c_p.l(_printf_oct_int_ll.o)
    0x00002744   0x0000001e   Code   RO         1482    .text               c_p.l(_chval.o)
    0x00002762   0x00000002   PAD
    0x00002764   0x00000030   Code   RO         1488    .text               c_p.l(scanf_char.o)
    0x00002794   0x00000044   Code   RO         1490    .text               c_p.l(_sgetc.o)
    0x000027d8   0x00000008   Code   RO         1500    .text               c_p.l(ferror.o)
    0x000027e0   0x00000254   Code   RO         1502    .text               c_p.l(filbuf.o)
    0x00002a34   0x000001f0   Code   RO         1504    .text               c_p.l(flsbuf.o)
    0x00002c24   0x000000f4   Code   RO         1506    .text               c_p.l(fseek.o)
    0x00002d18   0x0000004c   Code   RO         1508    .text               c_p.l(setvbuf.o)
    0x00002d64   0x000000f0   Code   RO         1510    .text               c_p.l(stdio.o)
    0x00002e54   0x0000013c   Code   RO         1513    .text               c_p.l(initio.o)
    0x00002f90   0x0000000c   Code   RO         1521    .text               c_p.l(defsig_pvfn_outer.o)
    0x00002f9c   0x00000040   Code   RO         1525    .text               c_p.l(rt_memclr.o)
    0x00002fdc   0x00000028   Code   RO         1527    .text               c_p.l(rtudiv10.o)
    0x00003004   0x00000064   Code   RO         1625    .text               fz_ps.l(fcmpin.o)
    0x00003068   0x00000008   Code   RO         1654    .text               c_p.l(rt_heap_descriptor.o)
    0x00003070   0x00000004   Code   RO         1659    .text               c_p.l(hguard.o)
    0x00003074   0x00000088   Code   RO         1661    .text               c_p.l(init_alloc.o)
    0x000030fc   0x0000000e   Code   RO         1665    .text               c_p.l(h1_init.o)
    0x0000310a   0x0000007a   Code   RO         1681    .text               c_p.l(lludiv10.o)
    0x00003184   0x00000012   Code   RO         1683    .text               c_p.l(isspace.o)
    0x00003196   0x00000002   PAD
    0x00003198   0x00000414   Code   RO         1685    .text               c_p.l(_printf_fp_dec.o)
    0x000035ac   0x0000002e   Code   RO         1691    .text               c_p.l(_printf_wchar.o)
    0x000035da   0x00000002   PAD
    0x000035dc   0x0000038c   Code   RO         1693    .text               c_p.l(_scanf.o)
    0x00003968   0x00000042   Code   RO         1703    .text               c_p.l(ftell.o)
    0x000039aa   0x00000002   PAD
    0x000039ac   0x00000038   Code   RO         1711    .text               c_p.l(flushlinebuffered.o)
    0x000039e4   0x00000044   Code   RO         1729    .text               c_p.l(_wcrtomb.o)
    0x00003a28   0x0000000c   Code   RO         1731    .text               c_p.l(defsig_exit.o)
    0x00003a34   0x0000000c   Code   RO         1733    .text               c_p.l(defsig_rtred_outer.o)
    0x00003a40   0x00000030   Code   RO         1737    .text               c_p.l(defsig_pvfn_inner.o)
    0x00003a70   0x00000030   Code   RO         1763    .text               fz_ps.l(cmpret.o)
    0x00003aa0   0x00000010   Code   RO         1765    .text               fz_ps.l(fnan2.o)
    0x00003ab0   0x0000000c   Code   RO         1769    .text               c_p.l(sys_exit.o)
    0x00003abc   0x00000010   Code   RO         1771    .text               c_p.l(rt_ctype_table.o)
    0x00003acc   0x00000008   Code   RO         1773    .text               c_p.l(rt_locale.o)
    0x00003ad4   0x00000008   Code   RO         1778    .text               c_p.l(rt_errno_addr.o)
    0x00003adc   0x00000034   Code   RO         1787    .text               c_p.l(h1_extend.o)
    0x00003b10   0x00000088   Code   RO         1791    .text               c_p.l(_printf_fp_infnan.o)
    0x00003b98   0x000000cc   Code   RO         1793    .text               c_p.l(bigflt0.o)
    0x00003c64   0x000004a8   Code   RO         1796    .text               c_p.l(btod.o)
    0x0000410c   0x00000034   Code   RO         1809    .text               c_p.l(defsig_general.o)
    0x00004140   0x00000034   Code   RO         1815    .text               c_p.l(defsig_rtred_inner.o)
    0x00004174   0x0000000c   Code   RO         1817    .text               c_p.l(defsig_rtmem_outer.o)
    0x00004180   0x00000050   Code   RO         1821    .text               c_p.l(heapauxa.o)
    0x000041d0   0x0000005e   Code   RO         1853    .text               fz_ps.l(retnan.o)
    0x0000422e   0x0000000c   Code   RO         1869    .text               c_p.l(sys_wrch.o)
    0x0000423a   0x00000000   Code   RO         1873    .text               c_p.l(indicate_semi.o)
    0x0000423a   0x00000002   PAD
    0x0000423c   0x00000050   Code   RO         1898    .text               c_p.l(defsig_rtmem_inner.o)
    0x0000428c   0x0000000a   Code   RO          531    i.<Func1>           mbed.ar(Serial.o)
    0x00004296   0x00000002   PAD
    0x00004298   0x00000038   Code   RO          483    i.NVIC_SetVector    cmsis_nvic.o
    0x000042d0   0x000000a8   Code   RO          469    i.SystemInit        system_LPC11Uxx.o
    0x00004378   0x00000020   Code   RO          582    i._Z11init_serialv  mbed.ar(stdio.o)
    0x00004398   0x00000014   Code   RO          307    i._ZN4mbed10DigitalOutC1E7PinName  stalker3_0_hw.o
    0x000043ac   0x00000016   Code   RO          289    i._ZN4mbed10DigitalOutaSEi  stalker3_0_hw.o
    0x000043c2   0x0000003a   Code   RO          674    i._ZN4mbed10FileHandle4flenEv  mbed.ar(stdio.o)
    0x000043fc   0x00000028   Code   RO          584    i._ZN4mbed10FileHandleD2Ev  mbed.ar(stdio.o)
    0x00004424   0x0000001a   Code   RO          945    i._ZN4mbed15FunctionPointer4callEv  mbed.ar(FunctionPointer.o)
    0x0000443e   0x00000008   Code   RO          947    i._ZN4mbed15FunctionPointerC1EPFvvE  mbed.ar(FunctionPointer.o)
    0x00004446   0x00000002   PAD
    0x00004448   0x00000018   Code   RO          746    i._ZN4mbed5Timer4readEv  mbed.ar(Timer.o)
    0x00004460   0x00000014   Code   RO          747    i._ZN4mbed5Timer4stopEv  mbed.ar(Timer.o)
    0x00004474   0x00000010   Code   RO          748    i._ZN4mbed5Timer5resetEv  mbed.ar(Timer.o)
    0x00004484   0x00000010   Code   RO          749    i._ZN4mbed5Timer5startEv  mbed.ar(Timer.o)
    0x00004494   0x0000000e   Code   RO          751    i._ZN4mbed5Timer7read_usEv  mbed.ar(Timer.o)
    0x000044a2   0x00000014   Code   RO          752    i._ZN4mbed5Timer9slicetimeEv  mbed.ar(Timer.o)
    0x000044b6   0x0000000c   Code   RO          753    i._ZN4mbed5TimerC1Ev  mbed.ar(Timer.o)
    0x000044c2   0x00000010   Code   RO          532    i._ZN4mbed6Serial12_irq_handlerEj9SerialIrq  mbed.ar(Serial.o)
    0x000044d2   0x0000000a   Code   RO          533    i._ZN4mbed6Serial4baudEi  mbed.ar(Serial.o)
    0x000044dc   0x0000000a   Code   RO          534    i._ZN4mbed6Serial5_getcEv  mbed.ar(Serial.o)
    0x000044e6   0x0000000e   Code   RO          535    i._ZN4mbed6Serial5_putcEi  mbed.ar(Serial.o)
    0x000044f4   0x0000000a   Code   RO          538    i._ZN4mbed6Serial8readableEv  mbed.ar(Serial.o)
    0x000044fe   0x00000002   PAD
    0x00004500   0x0000004c   Code   RO          540    i._ZN4mbed6SerialC1E7PinNameS1_PKc  mbed.ar(Serial.o)
    0x0000454c   0x00000008   Code   RO          566    i._ZN4mbed6SerialD1Ev  mbed.ar(Serial.o)
    0x00004554   0x00000004   Code   RO          682    i._ZN4mbed6Stream4flenEv  mbed.ar(Stream.o)
    0x00004558   0x00000012   Code   RO          683    i._ZN4mbed6Stream4getcEv  mbed.ar(Stream.o)
    0x0000456a   0x00000024   Code   RO          687    i._ZN4mbed6Stream4readEPvj  mbed.ar(Stream.o)
    0x0000458e   0x00000004   Code   RO          688    i._ZN4mbed6Stream5closeEv  mbed.ar(Stream.o)
    0x00004592   0x00000004   Code   RO          690    i._ZN4mbed6Stream5lseekEli  mbed.ar(Stream.o)
    0x00004596   0x00000024   Code   RO          692    i._ZN4mbed6Stream5writeEPKvj  mbed.ar(Stream.o)
    0x000045ba   0x00000004   Code   RO          693    i._ZN4mbed6Stream6isattyEv  mbed.ar(Stream.o)
    0x000045be   0x00000020   Code   RO          694    i._ZN4mbed6Stream6printfEPKcz  mbed.ar(Stream.o)
    0x000045de   0x00000002   PAD
    0x000045e0   0x0000003c   Code   RO          695    i._ZN4mbed6StreamC2EPKc  mbed.ar(Stream.o)
    0x0000461c   0x00000020   Code   RO          697    i._ZN4mbed6StreamD2Ev  mbed.ar(Stream.o)
    0x0000463c   0x00000004   Code   RO          975    i._ZN4mbed8FileBase11getPathTypeEv  mbed.ar(FileBase.o)
    0x00004640   0x0000003c   Code   RO          977    i._ZN4mbed8FileBase6lookupEPKcj  mbed.ar(FileBase.o)
    0x0000467c   0x00000024   Code   RO          979    i._ZN4mbed8FileBaseC1EPKcNS_8PathTypeE  mbed.ar(FileBase.o)
    0x000046a0   0x00000030   Code   RO          981    i._ZN4mbed8FileBaseD1Ev  mbed.ar(FileBase.o)
    0x000046d0   0x00000020   Code   RO          842    i._ZN4mbed8FileLikeC2EPKc  mbed.ar(FileLike.o)
    0x000046f0   0x00000010   Code   RO          844    i._ZN4mbed8FileLikeD2Ev  mbed.ar(FileLike.o)
    0x00004700   0x00000010   Code   RO          865    i._ZN4mbed8FilePath10fileSystemEv  mbed.ar(FilePath.o)
    0x00004710   0x00000010   Code   RO          866    i._ZN4mbed8FilePath12isFileSystemEv  mbed.ar(FilePath.o)
    0x00004720   0x00000016   Code   RO          867    i._ZN4mbed8FilePath4fileEv  mbed.ar(FilePath.o)
    0x00004736   0x00000014   Code   RO          868    i._ZN4mbed8FilePath6isFileEv  mbed.ar(FilePath.o)
    0x0000474a   0x00000004   Code   RO          869    i._ZN4mbed8FilePath8fileNameEv  mbed.ar(FilePath.o)
    0x0000474e   0x0000004c   Code   RO          870    i._ZN4mbed8FilePathC1EPKc  mbed.ar(FilePath.o)
    0x0000479a   0x0000000c   Code   RO          295    i._ZN4mbed9DigitalIn4readEv  stalker3_0_hw.o
    0x000047a6   0x00000014   Code   RO          301    i._ZN4mbed9DigitalInC1E7PinName  stalker3_0_hw.o
    0x000047ba   0x00000010   Code   RO          407    i._ZSt6strchrPci    iot_mbed.o
    0x000047ca   0x00000030   Code   RO         1798    i.__ARM_common_ll_muluu  c_p.l(btod.o)
    0x000047fa   0x0000001a   Code   RO          475    i.__ARM_common_switch8  system_LPC11Uxx.o
    0x00004814   0x0000002c   Code   RO         1861    i.__ARM_fpclassify  m_ps.l(fpclassify.o)
    0x00004840   0x0000002c   Code   RO         1218    i.__aeabi_atexit    cpprt_p.l(aeabi_atexit.o)
    0x0000486c   0x00000020   Code   RO         1221    i.__aeabi_vec_ctor_nocookie_nodtor  cpprt_p.l(aeabi_vec_ctor_nocookie_nodtor.o)
    0x0000488c   0x00000042   Code   RO         1612    i.__cxa_finalize    cpprt_p.l(cxa_finalize.o)
    0x000048ce   0x0000000a   Code   RO         1215    i.__cxa_pure_virtual  cpprt_p.l(pure_virt.o)
    0x000048d8   0x00000010   Code   RO          477    i.__user_setup_stackheap  sys.o
    0x000048e8   0x0000000e   Code   RO         1119    i._is_digit         c_p.l(__printf_wp.o)
    0x000048f6   0x00000002   PAD
    0x000048f8   0x0000002c   Code   RO          585    i._sys_close        mbed.ar(stdio.o)
    0x00004924   0x00000028   Code   RO          588    i._sys_flen         mbed.ar(stdio.o)
    0x0000494c   0x00000028   Code   RO          589    i._sys_istty        mbed.ar(stdio.o)
    0x00004974   0x000000f8   Code   RO          590    i._sys_open         mbed.ar(stdio.o)
    0x00004a6c   0x00000040   Code   RO          591    i._sys_read         mbed.ar(stdio.o)
    0x00004aac   0x00000028   Code   RO          592    i._sys_seek         mbed.ar(stdio.o)
    0x00004ad4   0x00000058   Code   RO          593    i._sys_write        mbed.ar(stdio.o)
    0x00004b2c   0x00000038   Code   RO          495    i.adc_read          mbed.ar(analogin_api.o)
    0x00004b64   0x00000036   Code   RO          496    i.adc_read_u32      mbed.ar(analogin_api.o)
    0x00004b9a   0x00000002   PAD
    0x00004b9c   0x00000078   Code   RO          497    i.analogin_init     mbed.ar(analogin_api.o)
    0x00004c14   0x00000012   Code   RO          499    i.analogin_read_u16  mbed.ar(analogin_api.o)
    0x00004c26   0x00000018   Code   RO          956    i.exit              mbed.ar(exit.o)
    0x00004c3e   0x0000001c   Code   RO         1142    i.fgetc             c_p.l(fgetc.o)
    0x00004c5a   0x0000001e   Code   RO         1148    i.fputc             c_p.l(fputc.o)
    0x00004c78   0x0000001e   Code   RO          512    i.gpio_dir          mbed.ar(gpio_api.o)
    0x00004c96   0x00000002   PAD
    0x00004c98   0x00000060   Code   RO          513    i.gpio_init         mbed.ar(gpio_api.o)
    0x00004cf8   0x0000000e   Code   RO          514    i.gpio_mode         mbed.ar(gpio_api.o)
    0x00004d06   0x00000002   PAD
    0x00004d08   0x0000003c   Code   RO          515    i.gpio_set          mbed.ar(gpio_api.o)
    0x00004d44   0x00000010   Code   RO         1005    i.gpio_write        mbed.ar(board.o)
    0x00004d54   0x00000078   Code   RO         1006    i.mbed_die          mbed.ar(board.o)
    0x00004dcc   0x00000008   Code   RO         1013    i.mbed_interface_connected  mbed.ar(mbed_interface.o)
    0x00004dd4   0x0000000e   Code   RO          500    i.order             mbed.ar(analogin_api.o)
    0x00004de2   0x00000002   PAD
    0x00004de4   0x00000028   Code   RO          777    i.pin_function      mbed.ar(pinmap.o)
    0x00004e0c   0x00000038   Code   RO          778    i.pin_mode          mbed.ar(pinmap.o)
    0x00004e44   0x00000038   Code   RO          832    i.pinmap_merge      mbed.ar(pinmap_common.o)
    0x00004e7c   0x0000004c   Code   RO          833    i.pinmap_peripheral  mbed.ar(pinmap_common.o)
    0x00004ec8   0x00000050   Code   RO          834    i.pinmap_pinout     mbed.ar(pinmap_common.o)
    0x00004f18   0x0000000c   Code   RO         1034    i.semihost_connected  mbed.ar(semihost_api.o)
    0x00004f24   0x0000000c   Code   RO         1037    i.semihost_exit     mbed.ar(semihost_api.o)
    0x00004f30   0x0000012c   Code   RO          785    i.serial_baud       mbed.ar(serial_api.o)
    0x0000505c   0x000000f0   Code   RO          787    i.serial_format     mbed.ar(serial_api.o)
    0x0000514c   0x0000000e   Code   RO          789    i.serial_getc       mbed.ar(serial_api.o)
    0x0000515a   0x00000002   PAD
    0x0000515c   0x000000f4   Code   RO          790    i.serial_init       mbed.ar(serial_api.o)
    0x00005250   0x00000014   Code   RO          791    i.serial_irq_handler  mbed.ar(serial_api.o)
    0x00005264   0x00000016   Code   RO          794    i.serial_putc       mbed.ar(serial_api.o)
    0x0000527a   0x0000000a   Code   RO          795    i.serial_readable   mbed.ar(serial_api.o)
    0x00005284   0x0000000a   Code   RO          796    i.serial_writable   mbed.ar(serial_api.o)
    0x0000528e   0x00000002   PAD
    0x00005290   0x0000000c   Code   RO          817    i.us_ticker_clear_interrupt  mbed.ar(us_ticker.o)
    0x0000529c   0x00000010   Code   RO          818    i.us_ticker_disable_interrupt  mbed.ar(us_ticker.o)
    0x000052ac   0x0000005c   Code   RO          819    i.us_ticker_init    mbed.ar(us_ticker.o)
    0x00005308   0x00000040   Code   RO          963    i.us_ticker_irq_handler  mbed.ar(us_ticker_api.o)
    0x00005348   0x0000001c   Code   RO          820    i.us_ticker_read    mbed.ar(us_ticker.o)
    0x00005364   0x00000014   Code   RO          821    i.us_ticker_set_interrupt  mbed.ar(us_ticker.o)
    0x00005378   0x0000001c   Code   RO          523    i.wait              mbed.ar(wait_api.o)
    0x00005394   0x0000000e   Code   RO          524    i.wait_ms           mbed.ar(wait_api.o)
    0x000053a2   0x00000016   Code   RO          525    i.wait_us           mbed.ar(wait_api.o)
    0x000053b8   0x0000002c   Code   RO         1803    locale$$code        c_p.l(lc_numeric_c.o)
    0x000053e4   0x0000002c   Code   RO         1888    locale$$code        c_p.l(lc_ctype_c.o)
    0x00005410   0x0000008c   Code   RO         1339    x$fpl$fadd          fz_ps.l(faddsub.o)
    0x0000549c   0x00000054   Code   RO         1350    x$fpl$fleqf         fz_ps.l(flef.o)
    0x000054f0   0x00000058   Code   RO         1354    x$fpl$frleqf        fz_ps.l(frlef.o)
    0x00005548   0x000000d0   Code   RO         1341    x$fpl$fsub          fz_ps.l(faddsub.o)
    0x00005618   0x00000010   Code   RO         1627    x$fpl$printf1       fz_ps.l(printf1.o)
    0x00005628   0x00000000   Code   RO         1631    x$fpl$usenofp       fz_ps.l(usenofp.o)
    0x00005628   0x00000041   Data   RO          391    .constdata          iot_mbed.o
    0x00005669   0x00000003   PAD
    0x0000566c   0x0000006c   Data   RO          501    .constdata          mbed.ar(analogin_api.o)
    0x000056d8   0x00000017   Data   RO          629    .constdata          mbed.ar(stdio.o)
    0x000056ef   0x00000001   PAD
    0x000056f0   0x00000060   Data   RO          798    .constdata          mbed.ar(serial_api.o)
    0x00005750   0x00000028   Data   RO         1107    .constdata          c_p.l(_printf_hex_int_ll_ptr.o)
    0x00005778   0x00000011   Data   RO         1127    .constdata          c_p.l(__printf_flags_ss_wp.o)
    0x00005789   0x00000080   Data   RO         1327    .constdata          fz_ps.l(ddiv.o)
    0x00005809   0x00000040   Data   RO         1346    .constdata          fz_ps.l(fdiv.o)
    0x00005849   0x00000003   PAD
    0x0000584c   0x00000008   Data   RO         1452    .constdata          c_p.l(_printf_wctomb.o)
    0x00005854   0x00000094   Data   RO         1794    .constdata          c_p.l(bigflt0.o)
    0x000058e8   0x0000002c   Data   RO          673    .constdata__ZTVN4mbed10FileHandleE  mbed.ar(stdio.o)
    0x00005914   0x00000044   Data   RO          564    .constdata__ZTVN4mbed6SerialE  mbed.ar(Serial.o)
    0x00005958   0x00000044   Data   RO          741    .constdata__ZTVN4mbed6StreamE  mbed.ar(Stream.o)
    0x0000599c   0x00000010   Data   RO         1000    .constdata__ZTVN4mbed8FileBaseE  mbed.ar(FileBase.o)
    0x000059ac   0x0000003c   Data   RO          860    .constdata__ZTVN4mbed8FileLikeE  mbed.ar(FileLike.o)
    0x000059e8   0x00000020   Data   RO         1948    Region$$Table       anon$$obj.o
    0x00005a08   0x0000001c   Data   RO         1802    locale$$data        c_p.l(lc_numeric_c.o)
    0x00005a24   0x00000110   Data   RO         1887    locale$$data        c_p.l(lc_ctype_c.o)
    0x00005b34   0x00000004   Data   RO            7    .init_array         main.o
    0x00005b38   0x00000004   Data   RO          273    .init_array         stalker3_0_hw.o


    Execution Region RW_IRAM1 (Base: 0x100000c0, Size: 0x000004c4, Max: 0x00000f40, ABSOLUTE)

    Base Addr    Size         Type   Attr      Idx    E Section Name        Object

    0x100000c0   0x00000002   Data   RW          272    .data               stalker3_0_hw.o
    0x100000c2   0x00000002   PAD
    0x100000c4   0x00000004   Data   RW          470    .data               system_LPC11Uxx.o
    0x100000c8   0x00000004   Data   RW          484    .data               cmsis_nvic.o
    0x100000cc   0x00000004   Data   RW          516    .data               mbed.ar(gpio_api.o)
    0x100000d0   0x00000004   Data   RW          630    .data               mbed.ar(stdio.o)
    0x100000d4   0x00000014   Data   RW          799    .data               mbed.ar(serial_api.o)
    0x100000e8   0x00000004   Data   RW          822    .data               mbed.ar(us_ticker.o)
    0x100000ec   0x00000008   Data   RW          966    .data               mbed.ar(us_ticker_api.o)
    0x100000f4   0x00000004   Data   RW          989    .data               mbed.ar(FileBase.o)
    0x100000f8   0x00000004   Data   RW         1050    .data               mbed.ar(semihost_api.o)
    0x100000fc   0x00000004   Data   RW         1160    .data               c_p.l(stdio_streams.o)
    0x10000100   0x00000004   Data   RW         1161    .data               c_p.l(stdio_streams.o)
    0x10000104   0x00000004   Data   RW         1162    .data               c_p.l(stdio_streams.o)
    0x10000108   0x00000004   Data   RW         1822    .data               c_p.l(heapauxa.o)
    0x1000010c   0x0000012c   Zero   RW            5    .bss                main.o
    0x10000238   0x00000108   Zero   RW          271    .bss                stalker3_0_hw.o
    0x10000340   0x000000e6   Zero   RW          390    .bss                iot_mbed.o
    0x10000426   0x00000002   PAD
    0x10000428   0x00000040   Zero   RW          628    .bss                mbed.ar(stdio.o)
    0x10000468   0x00000054   Zero   RW         1157    .bss                c_p.l(stdio_streams.o)
    0x100004bc   0x00000054   Zero   RW         1158    .bss                c_p.l(stdio_streams.o)
    0x10000510   0x00000054   Zero   RW         1159    .bss                c_p.l(stdio_streams.o)
    0x10000564   0x00000004   Zero   RW         1369    .bss                c_p.l(rt_ddtor_pointer_addr.o)
    0x10000568   0x00000004   Zero   RW         1655    .bss                c_p.l(rt_heap_descriptor.o)
    0x1000056c   0x00000014   Zero   RW         1774    .bss                c_p.l(rt_locale.o)
    0x10000580   0x00000004   Zero   RW         1779    .bss                c_p.l(rt_errno_addr.o)


==============================================================================

Image component sizes


      Code (inc. data)   RO Data    RW Data    ZI Data      Debug   Object Name

        56         10          0          4          0         76   cmsis_nvic.o
      1700        692         65          0        230       5899   iot_mbed.o
       288        136          4          0        300      23139   main.o
       730         74          4          2        264      10831   stalker3_0_hw.o
        40         12        512          0          0        228   startup_LPC11xx.o
        16          6          0          0          0         60   sys.o
       194         14          0          4          0        148   system_LPC11Uxx.o

    ----------------------------------------------------------------------
      3024        944        620         12        796      40381   Object Totals
         0          0         32          0          0          0   (incl. Generated)
         0          0          3          2          2          0   (incl. Padding)

    ----------------------------------------------------------------------

      Code (inc. data)   RO Data    RW Data    ZI Data      Debug   Library Member Name

        64         10          0          0          0         84   __0sscanf.o
        22          0          0          0          0         84   __2fprintf.o
        44          4          0          0          0         84   __2sprintf.o
         8          0          0          0          0         68   __main.o
       392          6         17          0          0         76   __printf_flags_ss_wp.o
        14          0          0          0          0         60   __printf_wp.o
        60          8          0          0          0          0   __scatter.o
        26          0          0          0          0          0   __scatter_copy.o
        28          0          0          0          0          0   __scatter_zi.o
        30          0          0          0          0         60   _chval.o
        10          0          0          0          0          0   _printf_a.o
        10          0          0          0          0          0   _printf_c.o
        46          0          0          0          0        100   _printf_char.o
        48          6          0          0          0         88   _printf_char_common.o
        40          6          0          0          0         72   _printf_char_file.o
        40          0          0          0          0         60   _printf_charcount.o
        10          0          0          0          0          0   _printf_d.o
       108         18          0          0          0         76   _printf_dec.o
        10          0          0          0          0          0   _printf_e.o
        10          0          0          0          0          0   _printf_f.o
      1044         12          0          0          0        172   _printf_fp_dec.o
       136         16          0          0          0         76   _printf_fp_infnan.o
        10          0          0          0          0          0   _printf_g.o
       152          4         40          0          0        148   _printf_hex_int_ll_ptr.o
        10          0          0          0          0          0   _printf_i.o
       176          0          0          0          0         80   _printf_intcommon.o
        10          0          0          0          0          0   _printf_l.o
        10          0          0          0          0          0   _printf_lc.o
        10          0          0          0          0          0   _printf_ll.o
        10          0          0          0          0          0   _printf_lld.o
        10          0          0          0          0          0   _printf_lli.o
        10          0          0          0          0          0   _printf_llo.o
        10          0          0          0          0          0   _printf_llu.o
        10          0          0          0          0          0   _printf_llx.o
       112         18          0          0          0         76   _printf_longlong_dec.o
        10          0          0          0          0          0   _printf_ls.o
        10          0          0          0          0          0   _printf_n.o
        10          0          0          0          0          0   _printf_o.o
       112         10          0          0          0        112   _printf_oct_int_ll.o
        10          0          0          0          0          0   _printf_p.o
        78          0          0          0          0        100   _printf_pad.o
         2          0          0          0          0          0   _printf_percent.o
         4          0          0          0          0          0   _printf_percent_end.o
        10          0          0          0          0          0   _printf_s.o
        82          0          0          0          0         72   _printf_str.o
        36          0          0          0          0         76   _printf_truncate.o
        10          0          0          0          0          0   _printf_u.o
        46          0          0          0          0        100   _printf_wchar.o
       188          6          8          0          0         80   _printf_wctomb.o
        10          0          0          0          0          0   _printf_x.o
       908         16          0          0          0         84   _scanf.o
       330          0          0          0          0         80   _scanf_int.o
        68          0          0          0          0         76   _sgetc.o
        10          0          0          0          0         60   _sputc.o
        68          0          0          0          0         72   _wcrtomb.o
       346          0          0          0          0         92   aeabi_sdiv.o
       204          4        148          0          0         80   bigflt0.o
      1240         12          0          0          0        316   btod.o
        14          0          0          0          0         68   c89vfprintf.o
        12          0          0          0          0         68   defsig_exit.o
        52          0          0          0          0         72   defsig_general.o
        48         34          0          0          0         68   defsig_pvfn_inner.o
        12          0          0          0          0         68   defsig_pvfn_outer.o
        80         58          0          0          0         68   defsig_rtmem_inner.o
        12          0          0          0          0         68   defsig_rtmem_outer.o
        52         38          0          0          0         68   defsig_rtred_inner.o
        12          0          0          0          0         68   defsig_rtred_outer.o
        76          4          0          0          0         76   fclose.o
         8          0          0          0          0         60   ferror.o
       104          4          0          0          0        100   fflush.o
        28          0          0          0          0         68   fgetc.o
       596         14          0          0          0        120   filbuf.o
       496         10          0          0          0         76   flsbuf.o
        56         10          0          0          0         72   flushlinebuffered.o
       232          8          0          0          0        108   fopen.o
        30          0          0          0          0         68   fputc.o
       244          4          0          0          0         76   fseek.o
        66          0          0          0          0         68   ftell.o
        98          0          0          0          0         72   h1_alloc.o
        52          0          0          0          0         68   h1_extend.o
        76          0          0          0          0         72   h1_free.o
        14          0          0          0          0         76   h1_init.o
        80          4          0          4          0         88   heapauxa.o
         4          0          0          0          0        120   hguard.o
         0          0          0          0          0          0   indicate_semi.o
        36         10          0          0          0         72   init_aeabi.o
       136          0          0          0          0        160   init_alloc.o
       316         44          0          0          0         96   initio.o
        18          0          0          0          0         68   isspace.o
        44         10        272          0          0         76   lc_ctype_c.o
        44         10         28          0          0         76   lc_numeric_c.o
         2          0          0          0          0          0   libinit.o
        50          0          0          0          0          0   libinit2.o
         6          0          0          0          0          0   libshutdown2.o
       122          0          0          0          0         72   lludiv10.o
         0          0          0          0          0          0   maybetermalloc1.o
        16          4          0          0          0         76   rt_ctype_table.o
         8          4          0          0          4         68   rt_ddtor_pointer_addr.o
         8          4          0          0          4         68   rt_errno_addr.o
         8          4          0          0          4         68   rt_heap_descriptor.o
         8          4          0          0         20         68   rt_locale.o
        64          0          0          0          0        108   rt_memclr.o
       186          0          0          0          0        144   rt_memcpy.o
         0          0          0          0          0          0   rtentry.o
        12          0          0          0          0          0   rtentry2.o
         6          0          0          0          0          0   rtentry4.o
        40          0          0          0          0         60   rtudiv10.o
        48          8          0          0          0         84   scanf_char.o
        26          0          0          0          0         68   setbuf.o
        76          4          0          0          0         72   setvbuf.o
       240          8          0          0          0        144   stdio.o
         0          0          0         12        252          0   stdio_streams.o
        20          0          0          0          0         60   strchr.o
       136          4          0          0          0         72   strcmp.o
        76          6          0          0          0         72   strcpy.o
        68          6          0          0          0         72   strlen.o
       160          6          0          0          0         76   strncmp.o
        40          0          0          0          0         72   strstr.o
        12          4          0          0          0         60   sys_exit.o
        12          0          0          0          0         68   sys_wrch.o
         2          0          0          0          0         68   use_no_semi.o
        44          0          0          0          0         76   aeabi_atexit.o
        32          0          0          0          0         80   aeabi_vec_ctor_nocookie_nodtor.o
        66          0          0          0          0         76   cxa_finalize.o
        10          0          0          0          0         68   pure_virt.o
        48          6          0          0          0         60   cmpret.o
       124          4          0          0          0         72   d2f.o
      1100         28        128          0          0        112   ddiv.o
       108         12          0          0          0         72   dfixi.o
        88          0          0          0          0         92   dflti.o
       600         22          0          0          0         80   dmul.o
        92         12          0          0          0         72   dscalbn.o
        88          6          0          0          0         60   f2d.o
       348          8          0          0          0        160   faddsub.o
       100          4          0          0          0         68   fcmpin.o
       352          8         64          0          0         88   fdiv.o
        94          0          0          0          0         92   fflti.o
        84          4          0          0          0         76   flef.o
        16          6          0          0          0         68   fnan2.o
        88          4          0          0          0         76   frlef.o
        16          4          0          0          0         76   printf1.o
        94          0          0          0          0         68   retnan.o
         0          0          0          0          0          0   usenofp.o
        44          6          0          0          0         60   fpclassify.o
       148         24         16          4          0        252   FileBase.o
        48          8         60          0          0        136   FileLike.o
       154          0          0          0          0        404   FilePath.o
        34          0          0          0          0        120   FunctionPointer.o
       154         14         68          0          0        548   Serial.o
       230         20         68          0          0        692   Stream.o
       122          6          0          0          0        476   Timer.o
       262         34        108          0          0        332   analogin_api.o
       136          0          0          0          0        128   board.o
        24          0          0          0          0         64   exit.o
       200         20          0          4          0        272   gpio_api.o
         8          0          0          0          0         68   mbed_interface.o
        96          8          0          0          0        128   pinmap.o
       212         86          0          0          0        196   pinmap_common.o
        24          6          0          4          0        132   semihost_api.o
       860        210         96         20          0        536   serial_api.o
       694         78         67          4         64        672   stdio.o
       168         52          0          4          0        320   us_ticker.o
        64          6          0          8          0         68   us_ticker_api.o
        64          4          0          0          0        208   wait_api.o

    ----------------------------------------------------------------------
     18520       1194       1192         64        348      14640   Library Totals
        50          0          4          0          0          0   (incl. Padding)

    ----------------------------------------------------------------------

      Code (inc. data)   RO Data    RW Data    ZI Data      Debug   Library Name

     11132        484        513         16        284       7136   c_p.l
       152          0          0          0          0        300   cpprt_p.l
      3440        128        192          0          0       1392   fz_ps.l
        44          6          0          0          0         60   m_ps.l
      3702        576        483         48         64       5752   mbed.ar

    ----------------------------------------------------------------------
     18520       1194       1192         64        348      14640   Library Totals

    ----------------------------------------------------------------------

==============================================================================


      Code (inc. data)   RO Data    RW Data    ZI Data      Debug   

     21544       2138       1812         76       1144      45917   Grand Totals
     21544       2138       1812         76       1144      45917   ELF Image Totals
     21544       2138       1812         76          0          0   ROM Totals

==============================================================================

    Total RO  Size (Code + RO Data)                23356 (  22.81kB)
    Total RW  Size (RW Data + ZI Data)              1220 (   1.19kB)
    Total ROM Size (Code + RO Data + RW Data)      23432 (  22.88kB)

==============================================================================

